Archive member included because of file (symbol)

c:/freescale/kds_3.0.0/toolchain/bin/../lib/gcc/arm-none-eabi/4.8.4/armv7e-m\libgcc.a(_arm_addsubsf3.o)
                              ./Generated_Code/PwmLdd1.o (__aeabi_i2f)
c:/freescale/kds_3.0.0/toolchain/bin/../lib/gcc/arm-none-eabi/4.8.4/armv7e-m\libgcc.a(_arm_muldivsf3.o)
                              ./Generated_Code/PwmLdd1.o (__aeabi_fmul)
c:/freescale/kds_3.0.0/toolchain/bin/../lib/gcc/arm-none-eabi/4.8.4/armv7e-m\libgcc.a(_arm_cmpsf2.o)
                              ./Generated_Code/PwmLdd1.o (__aeabi_fcmpgt)
c:/freescale/kds_3.0.0/toolchain/bin/../lib/gcc/arm-none-eabi/4.8.4/armv7e-m\libgcc.a(_arm_fixunssfsi.o)
                              ./Generated_Code/PwmLdd1.o (__aeabi_f2uiz)
c:/freescale/kds_3.0.0/toolchain/bin/../lib/gcc/arm-none-eabi/4.8.4/../../../../arm-none-eabi/lib/armv7e-m\libg_s.a(lib_a-exit.o)
                              c:/freescale/kds_3.0.0/toolchain/bin/../lib/gcc/arm-none-eabi/4.8.4/../../../../arm-none-eabi/lib/armv7e-m/crt0.o (exit)
c:/freescale/kds_3.0.0/toolchain/bin/../lib/gcc/arm-none-eabi/4.8.4/../../../../arm-none-eabi/lib/armv7e-m\libg_s.a(lib_a-impure.o)
                              c:/freescale/kds_3.0.0/toolchain/bin/../lib/gcc/arm-none-eabi/4.8.4/../../../../arm-none-eabi/lib/armv7e-m\libg_s.a(lib_a-exit.o) (_global_impure_ptr)
c:/freescale/kds_3.0.0/toolchain/bin/../lib/gcc/arm-none-eabi/4.8.4/../../../../arm-none-eabi/lib/armv7e-m\libg_s.a(lib_a-init.o)
                              c:/freescale/kds_3.0.0/toolchain/bin/../lib/gcc/arm-none-eabi/4.8.4/../../../../arm-none-eabi/lib/armv7e-m/crt0.o (__libc_init_array)
c:/freescale/kds_3.0.0/toolchain/bin/../lib/gcc/arm-none-eabi/4.8.4/../../../../arm-none-eabi/lib/armv7e-m\libg_s.a(lib_a-memset.o)
                              c:/freescale/kds_3.0.0/toolchain/bin/../lib/gcc/arm-none-eabi/4.8.4/../../../../arm-none-eabi/lib/armv7e-m/crt0.o (memset)
c:/freescale/kds_3.0.0/toolchain/bin/../lib/gcc/arm-none-eabi/4.8.4/../../../../arm-none-eabi/lib/armv7e-m\libg_s.a(lib_a-sscanf.o)
                              ./Sources/main.o (sscanf)
c:/freescale/kds_3.0.0/toolchain/bin/../lib/gcc/arm-none-eabi/4.8.4/../../../../arm-none-eabi/lib/armv7e-m\libg_s.a(lib_a-stdio.o)
                              c:/freescale/kds_3.0.0/toolchain/bin/../lib/gcc/arm-none-eabi/4.8.4/../../../../arm-none-eabi/lib/armv7e-m\libg_s.a(lib_a-sscanf.o) (__seofread)
c:/freescale/kds_3.0.0/toolchain/bin/../lib/gcc/arm-none-eabi/4.8.4/../../../../arm-none-eabi/lib/armv7e-m\libg_s.a(lib_a-strlen.o)
                              c:/freescale/kds_3.0.0/toolchain/bin/../lib/gcc/arm-none-eabi/4.8.4/../../../../arm-none-eabi/lib/armv7e-m\libg_s.a(lib_a-sscanf.o) (strlen)
c:/freescale/kds_3.0.0/toolchain/bin/../lib/gcc/arm-none-eabi/4.8.4/../../../../arm-none-eabi/lib/armv7e-m\libg_s.a(lib_a-svfscanf.o)
                              c:/freescale/kds_3.0.0/toolchain/bin/../lib/gcc/arm-none-eabi/4.8.4/../../../../arm-none-eabi/lib/armv7e-m\libg_s.a(lib_a-sscanf.o) (__ssvfscanf_r)
c:/freescale/kds_3.0.0/toolchain/bin/../lib/gcc/arm-none-eabi/4.8.4/../../../../arm-none-eabi/lib/armv7e-m\libg_s.a(lib_a-ungetc.o)
                              c:/freescale/kds_3.0.0/toolchain/bin/../lib/gcc/arm-none-eabi/4.8.4/../../../../arm-none-eabi/lib/armv7e-m\libg_s.a(lib_a-svfscanf.o) (__submore)
c:/freescale/kds_3.0.0/toolchain/bin/../lib/gcc/arm-none-eabi/4.8.4/../../../../arm-none-eabi/lib/armv7e-m\libg_s.a(lib_a-vfscanf_i.o)
                              c:/freescale/kds_3.0.0/toolchain/bin/../lib/gcc/arm-none-eabi/4.8.4/../../../../arm-none-eabi/lib/armv7e-m\libg_s.a(lib_a-svfscanf.o) (_scanf_chars)
c:/freescale/kds_3.0.0/toolchain/bin/../lib/gcc/arm-none-eabi/4.8.4/../../../../arm-none-eabi/lib/armv7e-m\libg_s.a(lib_a-writer.o)
                              c:/freescale/kds_3.0.0/toolchain/bin/../lib/gcc/arm-none-eabi/4.8.4/../../../../arm-none-eabi/lib/armv7e-m\libg_s.a(lib_a-stdio.o) (_write_r)
c:/freescale/kds_3.0.0/toolchain/bin/../lib/gcc/arm-none-eabi/4.8.4/../../../../arm-none-eabi/lib/armv7e-m\libg_s.a(lib_a-closer.o)
                              c:/freescale/kds_3.0.0/toolchain/bin/../lib/gcc/arm-none-eabi/4.8.4/../../../../arm-none-eabi/lib/armv7e-m\libg_s.a(lib_a-stdio.o) (_close_r)
c:/freescale/kds_3.0.0/toolchain/bin/../lib/gcc/arm-none-eabi/4.8.4/../../../../arm-none-eabi/lib/armv7e-m\libg_s.a(lib_a-ctype_.o)
                              c:/freescale/kds_3.0.0/toolchain/bin/../lib/gcc/arm-none-eabi/4.8.4/../../../../arm-none-eabi/lib/armv7e-m\libg_s.a(lib_a-svfscanf.o) (__ctype_ptr__)
c:/freescale/kds_3.0.0/toolchain/bin/../lib/gcc/arm-none-eabi/4.8.4/../../../../arm-none-eabi/lib/armv7e-m\libg_s.a(lib_a-fflush.o)
                              c:/freescale/kds_3.0.0/toolchain/bin/../lib/gcc/arm-none-eabi/4.8.4/../../../../arm-none-eabi/lib/armv7e-m\libg_s.a(lib_a-ungetc.o) (_fflush_r)
[...]
Memory Configuration

Name             Origin             Length             Attributes
m_interrupts     0x00000000         0x000000f8         xr
m_text           0x00000410         0x0001fbf0         xr
m_data           0x1fffe000         0x00002000         rw
m_data_20000000  0x20000000         0x00002000         rw
m_cfmprotrom     0x00000400         0x00000010         xr
*default*        0x00000000         0xffffffff

Linker script and memory map

LOAD c:/freescale/kds_3.0.0/toolchain/bin/../lib/gcc/arm-none-eabi/4.8.4/armv7e-m/crti.o
LOAD c:/freescale/kds_3.0.0/toolchain/bin/../lib/gcc/arm-none-eabi/4.8.4/armv7e-m/crtbegin.o
LOAD c:/freescale/kds_3.0.0/toolchain/bin/../lib/gcc/arm-none-eabi/4.8.4/../../../../arm-none-eabi/lib/armv7e-m/crt0.o
LOAD ./Sources/Events.o
LOAD ./Sources/main.o
LOAD ./Project_Settings/Startup_Code/startup.o
LOAD ./Generated_Code/ASerialLdd2.o
LOAD ./Generated_Code/Cpu.o
LOAD ./Generated_Code/Inhr1.o
LOAD ./Generated_Code/PE_LDD.o
LOAD ./Generated_Code/PwmLdd1.o
LOAD ./Generated_Code/PwmLdd2.o
LOAD ./Generated_Code/PwmLdd3.o
LOAD ./Generated_Code/TU1.o
LOAD ./Generated_Code/Term1.o
LOAD ./Generated_Code/Vectors.o
LOAD ./Generated_Code/blueLED.o
LOAD ./Generated_Code/greenLED.o
LOAD ./Generated_Code/redLED.o
LOAD c:/freescale/kds_3.0.0/toolchain/bin/../lib/gcc/arm-none-eabi/4.8.4/../../../../arm-none-eabi/lib/armv7e-m\libstdc++_s.a
LOAD c:/freescale/kds_3.0.0/toolchain/bin/../lib/gcc/arm-none-eabi/4.8.4/../../../../arm-none-eabi/lib/armv7e-m\libm.a
START GROUP
LOAD c:/freescale/kds_3.0.0/toolchain/bin/../lib/gcc/arm-none-eabi/4.8.4/armv7e-m\libgcc.a
LOAD c:/freescale/kds_3.0.0/toolchain/bin/../lib/gcc/arm-none-eabi/4.8.4/../../../../arm-none-eabi/lib/armv7e-m\libg_s.a
LOAD c:/freescale/kds_3.0.0/toolchain/bin/../lib/gcc/arm-none-eabi/4.8.4/../../../../arm-none-eabi/lib/armv7e-m\libc_s.a
END GROUP
START GROUP
LOAD c:/freescale/kds_3.0.0/toolchain/bin/../lib/gcc/arm-none-eabi/4.8.4/armv7e-m\libgcc.a
LOAD c:/freescale/kds_3.0.0/toolchain/bin/../lib/gcc/arm-none-eabi/4.8.4/../../../../arm-none-eabi/lib/armv7e-m\libc_s.a
LOAD c:/freescale/kds_3.0.0/toolchain/bin/../lib/gcc/arm-none-eabi/4.8.4/../../../../arm-none-eabi/lib/armv7e-m\libnosys.a
END GROUP
START GROUP
LOAD c:/freescale/kds_3.0.0/toolchain/bin/../lib/gcc/arm-none-eabi/4.8.4/armv7e-m\libgcc.a
LOAD c:/freescale/kds_3.0.0/toolchain/bin/../lib/gcc/arm-none-eabi/4.8.4/../../../../arm-none-eabi/lib/armv7e-m\libc_s.a
LOAD c:/freescale/kds_3.0.0/toolchain/bin/../lib/gcc/arm-none-eabi/4.8.4/../../../../arm-none-eabi/lib/armv7e-m\libnosys.a
END GROUP
LOAD c:/freescale/kds_3.0.0/toolchain/bin/../lib/gcc/arm-none-eabi/4.8.4/armv7e-m/crtend.o
LOAD c:/freescale/kds_3.0.0/toolchain/bin/../lib/gcc/arm-none-eabi/4.8.4/armv7e-m/crtn.o
                0x20000000                _estack = 0x20000000
                0x20000000                __SP_INIT = _estack
                0x20000000                __stack = _estack
                0x00000000                __heap_size = 0x0
                0x00000400                __stack_size = 0x400

.interrupts     0x00000000       0xf8
                0x00000000                __vector_table = .
                0x00000000                . = ALIGN (0x4)
 *(.vectortable)
 .vectortable   0x00000000       0xf8 ./Generated_Code/Vectors.o
                0x00000000                __vect_table
                0x000000f8                . = ALIGN (0x4)

.cfmprotect     0x00000400       0x10
                0x00000400                . = ALIGN (0x4)
 *(.cfmconfig)
 .cfmconfig     0x00000400       0x10 ./Generated_Code/Cpu.o
                0x00000400                _cfm
                0x00000410                . = ALIGN (0x4)

.text           0x00000410     0x2648
                0x00000410                . = ALIGN (0x4)
 *(.text)
 .text          0x00000410       0x54 c:/freescale/kds_3.0.0/toolchain/bin/../lib/gcc/arm-none-eabi/4.8.4/armv7e-m/crtbegin.o
 .text          0x00000464       0x74 c:/freescale/kds_3.0.0/toolchain/bin/../lib/gcc/arm-none-eabi/4.8.4/../../../../arm-none-eabi/lib/armv7e-m/crt0.o
                0x00000464                _start
                0x00000464                _mainCRTStartup
 *(.text*)
 .text.Cpu_OnNMIINT
                0x000004d8        0xc ./Sources/Events.o
                0x000004d8                Cpu_OnNMIINT
 .text.Inhr1_OnRxChar
                0x000004e4       0x64 ./Sources/Events.o
                0x000004e4                Inhr1_OnRxChar
 .text.main     0x00000548      0x24c ./Sources/main.o
                0x00000548                main
 .text.__copy_rom_section
                0x00000794       0xe4 ./Project_Settings/Startup_Code/startup.o
                0x00000794                __copy_rom_section
 .text.__copy_rom_sections_to_ram
                0x00000878       0x9c ./Project_Settings/Startup_Code/startup.o
                0x00000878                __copy_rom_sections_to_ram
 .text.__init_registers
                0x00000914        0xc ./Project_Settings/Startup_Code/startup.o
                0x00000914                __init_registers
 .text.__init_user
                0x00000920        0xc ./Project_Settings/Startup_Code/startup.o
                0x00000920                __init_user
 .text.__thumb_startup
                0x0000092c       0x34 ./Project_Settings/Startup_Code/startup.o
                0x0000092c                __thumb_startup
 .text.ASerialLdd2_Init
                0x00000960      0x1c0 ./Generated_Code/ASerialLdd2.o
                0x00000960                ASerialLdd2_Init
 .text.ASerialLdd2_ReceiveBlock
                0x00000b20       0x90 ./Generated_Code/ASerialLdd2.o
                0x00000b20                ASerialLdd2_ReceiveBlock
 .text.ASerialLdd2_SendBlock
                0x00000bb0       0xbc ./Generated_Code/ASerialLdd2.o
                0x00000bb0                ASerialLdd2_SendBlock
 .text.InterruptRx
                0x00000c6c       0x58 ./Generated_Code/ASerialLdd2.o
 .text.InterruptTx
                0x00000cc4       0x80 ./Generated_Code/ASerialLdd2.o
 .text.ASerialLdd2_Interrupt
                0x00000d44       0xf4 ./Generated_Code/ASerialLdd2.o
                0x00000d44                ASerialLdd2_Interrupt
 .text.ASerialLdd2_GetError
                0x00000e38       0x70 ./Generated_Code/ASerialLdd2.o
                0x00000e38                ASerialLdd2_GetError
 .text.Cpu_INT_NMIInterrupt
                0x00000ea8       0x1c ./Generated_Code/Cpu.o
                0x00000ea8                Cpu_INT_NMIInterrupt
 .text.Cpu_Interrupt
                0x00000ec4       0x18 ./Generated_Code/Cpu.o
                0x00000ec4                Cpu_Interrupt
 .text.__init_hardware
                0x00000edc      0x11c ./Generated_Code/Cpu.o
                0x00000edc                __init_hardware
 .text.Cpu_SetBASEPRI
                0x00000ff8       0x18 ./Generated_Code/Cpu.o
                0x00000ff8                Cpu_SetBASEPRI
 .text.PE_low_level_init
                0x00001010       0xbc ./Generated_Code/Cpu.o
                0x00001010                PE_low_level_init
 .text.HWEnDi   0x000010cc       0x1c ./Generated_Code/Inhr1.o
 .text.Inhr1_RecvChar
                0x000010e8       0xd8 ./Generated_Code/Inhr1.o
                0x000010e8                Inhr1_RecvChar
 .text.Inhr1_SendChar
                0x000011c0       0xdc ./Generated_Code/Inhr1.o
                0x000011c0                Inhr1_SendChar
 .text.Inhr1_Init
                0x0000129c       0x60 ./Generated_Code/Inhr1.o
                0x0000129c                Inhr1_Init
 .text.ASerialLdd2_OnBlockReceived
                0x000012fc       0x90 ./Generated_Code/Inhr1.o
                0x000012fc                ASerialLdd2_OnBlockReceived
 .text.ASerialLdd2_OnBlockSent
                0x0000138c       0x88 ./Generated_Code/Inhr1.o
                0x0000138c                ASerialLdd2_OnBlockSent
 .text.ASerialLdd2_OnError
                0x00001414       0x98 ./Generated_Code/Inhr1.o
                0x00001414                ASerialLdd2_OnError
 .text.ASerialLdd2_OnBreak
                0x000014ac       0x24 ./Generated_Code/Inhr1.o
                0x000014ac                ASerialLdd2_OnBreak
 .text.PwmLdd1_Init
                0x000014d0       0x54 ./Generated_Code/PwmLdd1.o
                0x000014d0                PwmLdd1_Init
 .text.PwmLdd1_SetRatio8
                0x00001524       0x2c ./Generated_Code/PwmLdd1.o
                0x00001524                PwmLdd1_SetRatio8
 .text.SetRatio
                0x00001550       0x54 ./Generated_Code/PwmLdd1.o
 .text.PwmLdd2_Init
                0x000015a4       0x54 ./Generated_Code/PwmLdd2.o
                0x000015a4                PwmLdd2_Init
 .text.PwmLdd2_SetRatio8
                0x000015f8       0x2c ./Generated_Code/PwmLdd2.o
                0x000015f8                PwmLdd2_SetRatio8
 .text.SetRatio
                0x00001624       0x54 ./Generated_Code/PwmLdd2.o
 .text.PwmLdd3_Init
                0x00001678       0x54 ./Generated_Code/PwmLdd3.o
                0x00001678                PwmLdd3_Init
 .text.PwmLdd3_SetRatio8
                0x000016cc       0x2c ./Generated_Code/PwmLdd3.o
                0x000016cc                PwmLdd3_SetRatio8
 .text.SetRatio
                0x000016f8       0x54 ./Generated_Code/PwmLdd3.o
 .text.TU1_Init
                0x0000174c      0x13c ./Generated_Code/TU1.o
                0x0000174c                TU1_Init
 .text.TU1_GetPeriodTicks
                0x00001888       0x30 ./Generated_Code/TU1.o
                0x00001888                TU1_GetPeriodTicks
 .text.TU1_SetOffsetTicks
                0x000018b8       0x54 ./Generated_Code/TU1.o
                0x000018b8                TU1_SetOffsetTicks
 .text.Term1_SendChar
                0x0000190c       0x20 ./Generated_Code/Term1.o
                0x0000190c                Term1_SendChar
 .text.SendESCPrefix
                0x0000192c       0x24 ./Generated_Code/Term1.o
 .text.Term1_ReadChar
                0x00001950       0x1c ./Generated_Code/Term1.o
                0x00001950                Term1_ReadChar
 .text.Term1_SendStr
                0x0000196c       0x34 ./Generated_Code/Term1.o
                0x0000196c                Term1_SendStr
 .text.LongToStr
                0x000019a0       0xf4 ./Generated_Code/Term1.o
 .text.Term1_SendNum
                0x00001a94       0x54 ./Generated_Code/Term1.o
                0x00001a94                Term1_SendNum
 .text.Term1_Cls
                0x00001ae8       0x28 ./Generated_Code/Term1.o
                0x00001ae8                Term1_Cls
 .text.Term1_MoveTo
                0x00001b10       0x44 ./Generated_Code/Term1.o
                0x00001b10                Term1_MoveTo
 .text.Term1_SetColor
                0x00001b54       0x64 ./Generated_Code/Term1.o
                0x00001b54                Term1_SetColor
 .text.exit     0x00001bb8       0x28 c:/freescale/kds_3.0.0/toolchain/bin/../lib/gcc/arm-none-eabi/4.8.4/../../../../arm-none-eabi/lib/armv7e-m\libg_s.a(lib_a-exit.o)
                0x00001bb8                exit
 .text.__libc_init_array
                0x00001be0       0x4c c:/freescale/kds_3.0.0/toolchain/bin/../lib/gcc/arm-none-eabi/4.8.4/../../../../arm-none-eabi/lib/armv7e-m\libg_s.a(lib_a-init.o)
                0x00001be0                __libc_init_array
 .text.memset   0x00001c2c       0x10 c:/freescale/kds_3.0.0/toolchain/bin/../lib/gcc/arm-none-eabi/4.8.4/../../../../arm-none-eabi/lib/armv7e-m\libg_s.a(lib_a-memset.o)
                0x00001c2c                memset
 .text.sscanf   0x00001c3c       0x54 c:/freescale/kds_3.0.0/toolchain/bin/../lib/gcc/arm-none-eabi/4.8.4/../../../../arm-none-eabi/lib/armv7e-m\libg_s.a(lib_a-sscanf.o)
                0x00001c3c                siscanf
                0x00001c3c                sscanf
 .text.__seofread
                0x00001c90        0x4 c:/freescale/kds_3.0.0/toolchain/bin/../lib/gcc/arm-none-eabi/4.8.4/../../../../arm-none-eabi/lib/armv7e-m\libg_s.a(lib_a-stdio.o)
                0x00001c90                __seofread
 .text.strlen   0x00001c94       0x10 c:/freescale/kds_3.0.0/toolchain/bin/../lib/gcc/arm-none-eabi/4.8.4/../../../../arm-none-eabi/lib/armv7e-m\libg_s.a(lib_a-strlen.o)
                0x00001c94                strlen
 .text._sungetc_r
                0x00001ca4       0x7a c:/freescale/kds_3.0.0/toolchain/bin/../lib/gcc/arm-none-eabi/4.8.4/../../../../arm-none-eabi/lib/armv7e-m\libg_s.a(lib_a-svfscanf.o)
                0x00001ca4                _sungetc_r
 .text.__ssrefill_r
                0x00001d1e       0x3a c:/freescale/kds_3.0.0/toolchain/bin/../lib/gcc/arm-none-eabi/4.8.4/../../../../arm-none-eabi/lib/armv7e-m\libg_s.a(lib_a-svfscanf.o)
                0x00001d1e                __ssrefill_r
 .text.__ssvfscanf_r
                0x00001d58      0x29c c:/freescale/kds_3.0.0/toolchain/bin/../lib/gcc/arm-none-eabi/4.8.4/../../../../arm-none-eabi/lib/armv7e-m\libg_s.a(lib_a-svfscanf.o)
                0x00001d58                __ssvfiscanf_r
                0x00001d58                __ssvfscanf_r
 .text.__submore
                0x00001ff4       0x76 c:/freescale/kds_3.0.0/toolchain/bin/../lib/gcc/arm-none-eabi/4.8.4/../../../../arm-none-eabi/lib/armv7e-m\libg_s.a(lib_a-ungetc.o)
                0x00001ff4                __submore
 *fill*         0x0000206a        0x2 
 .text._scanf_chars
                0x0000206c       0xc0 c:/freescale/kds_3.0.0/toolchain/bin/../lib/gcc/arm-none-eabi/4.8.4/../../../../arm-none-eabi/lib/armv7e-m\libg_s.a(lib_a-vfscanf_i.o)
                0x0000206c                _scanf_chars
 .text._scanf_i
                0x0000212c      0x1ec c:/freescale/kds_3.0.0/toolchain/bin/../lib/gcc/arm-none-eabi/4.8.4/../../../../arm-none-eabi/lib/armv7e-m\libg_s.a(lib_a-vfscanf_i.o)
                0x0000212c                _scanf_i
 .text.memchr   0x00002318       0x1e c:/freescale/kds_3.0.0/toolchain/bin/../lib/gcc/arm-none-eabi/4.8.4/../../../../arm-none-eabi/lib/armv7e-m\libg_s.a(lib_a-memchr-stub.o)
                0x00002318                memchr
 .text.memcpy   0x00002336       0x12 c:/freescale/kds_3.0.0/toolchain/bin/../lib/gcc/arm-none-eabi/4.8.4/../../../../arm-none-eabi/lib/armv7e-m\libg_s.a(lib_a-memcpy-stub.o)
                0x00002336                memcpy
 .text._free_r  0x00002348       0x88 c:/freescale/kds_3.0.0/toolchain/bin/../lib/gcc/arm-none-eabi/4.8.4/../../../../arm-none-eabi/lib/armv7e-m\libg_s.a(lib_a-nano-freer.o)
                0x00002348                _free_r
 .text._malloc_r
                0x000023d0       0xa8 c:/freescale/kds_3.0.0/toolchain/bin/../lib/gcc/arm-none-eabi/4.8.4/../../../../arm-none-eabi/lib/armv7e-m\libg_s.a(lib_a-nano-mallocr.o)
                0x000023d0                _malloc_r
 .text._realloc_r
                0x00002478       0x4c c:/freescale/kds_3.0.0/toolchain/bin/../lib/gcc/arm-none-eabi/4.8.4/../../../../arm-none-eabi/lib/armv7e-m\libg_s.a(lib_a-nano-reallocr.o)
                0x00002478                _realloc_r
 .text._sbrk_r  0x000024c4       0x20 c:/freescale/kds_3.0.0/toolchain/bin/../lib/gcc/arm-none-eabi/4.8.4/../../../../arm-none-eabi/lib/armv7e-m\libg_s.a(lib_a-sbrkr.o)
                0x000024c4                _sbrk_r
 .text.__sccl   0x000024e4       0x64 c:/freescale/kds_3.0.0/toolchain/bin/../lib/gcc/arm-none-eabi/4.8.4/../../../../arm-none-eabi/lib/armv7e-m\libg_s.a(lib_a-sccl.o)
                0x000024e4                __sccl
 .text._strtol_r
                0x00002548      0x104 c:/freescale/kds_3.0.0/toolchain/bin/../lib/gcc/arm-none-eabi/4.8.4/../../../../arm-none-eabi/lib/armv7e-m\libg_s.a(lib_a-strtol.o)
                0x00002548                _strtol_r
 .text._strtoul_r
                0x0000264c       0xf0 c:/freescale/kds_3.0.0/toolchain/bin/../lib/gcc/arm-none-eabi/4.8.4/../../../../arm-none-eabi/lib/armv7e-m\libg_s.a(lib_a-strtoul.o)
                0x0000264c                _strtoul_r
 .text._malloc_usable_size_r
                0x0000273c       0x12 c:/freescale/kds_3.0.0/toolchain/bin/../lib/gcc/arm-none-eabi/4.8.4/../../../../arm-none-eabi/lib/armv7e-m\libg_s.a(lib_a-nano-msizer.o)
                0x0000273c                _malloc_usable_size_r
 *fill*         0x0000274e        0x2 
 .text._sbrk    0x00002750       0x34 c:/freescale/kds_3.0.0/toolchain/bin/../lib/gcc/arm-none-eabi/4.8.4/../../../../arm-none-eabi/lib/armv7e-m\libnosys.a(sbrk.o)
                0x00002750                _sbrk
 .text._exit    0x00002784        0x4 c:/freescale/kds_3.0.0/toolchain/bin/../lib/gcc/arm-none-eabi/4.8.4/../../../../arm-none-eabi/lib/armv7e-m\libnosys.a(_exit.o)
                0x00002784                _exit
 *(.rodata)
 .rodata        0x00002788      0x11c ./Sources/main.o
 .rodata        0x000028a4        0xc c:/freescale/kds_3.0.0/toolchain/bin/../lib/gcc/arm-none-eabi/4.8.4/../../../../arm-none-eabi/lib/armv7e-m\libg_s.a(lib_a-vfscanf_i.o)
 *(.rodata*)
 .rodata.ChannelDevice
                0x000028b0        0x4 ./Generated_Code/TU1.o
 .rodata.ChannelMode
                0x000028b4        0x4 ./Generated_Code/TU1.o
 .rodata.str1.1
                0x000028b8        0x2 c:/freescale/kds_3.0.0/toolchain/bin/../lib/gcc/arm-none-eabi/4.8.4/../../../../arm-none-eabi/lib/armv7e-m\libg_s.a(lib_a-impure.o)
 *fill*         0x000028ba        0x2 
 .rodata._global_impure_ptr
                0x000028bc        0x4 c:/freescale/kds_3.0.0/toolchain/bin/../lib/gcc/arm-none-eabi/4.8.4/../../../../arm-none-eabi/lib/armv7e-m\libg_s.a(lib_a-impure.o)
                0x000028bc                _global_impure_ptr
 .rodata.str1.1
                0x000028c0        0x4 c:/freescale/kds_3.0.0/toolchain/bin/../lib/gcc/arm-none-eabi/4.8.4/../../../../arm-none-eabi/lib/armv7e-m\libg_s.a(lib_a-svfscanf.o)
 .rodata.str1.1
                0x000028c4       0x1b c:/freescale/kds_3.0.0/toolchain/bin/../lib/gcc/arm-none-eabi/4.8.4/../../../../arm-none-eabi/lib/armv7e-m\libg_s.a(lib_a-vfscanf_i.o)
 .rodata._ctype_
                0x000028df      0x101 c:/freescale/kds_3.0.0/toolchain/bin/../lib/gcc/arm-none-eabi/4.8.4/../../../../arm-none-eabi/lib/armv7e-m\libg_s.a(lib_a-ctype_.o)
                0x000028df                _ctype_
 .rodata.__sf_fake_stdin
                0x000029e0       0x20 c:/freescale/kds_3.0.0/toolchain/bin/../lib/gcc/arm-none-eabi/4.8.4/../../../../arm-none-eabi/lib/armv7e-m\libg_s.a(lib_a-findfp.o)
                0x000029e0                __sf_fake_stdin
 .rodata.__sf_fake_stdout
                0x00002a00       0x20 c:/freescale/kds_3.0.0/toolchain/bin/../lib/gcc/arm-none-eabi/4.8.4/../../../../arm-none-eabi/lib/armv7e-m\libg_s.a(lib_a-findfp.o)
                0x00002a00                __sf_fake_stdout
 .rodata.__sf_fake_stderr
                0x00002a20       0x20 c:/freescale/kds_3.0.0/toolchain/bin/../lib/gcc/arm-none-eabi/4.8.4/../../../../arm-none-eabi/lib/armv7e-m\libg_s.a(lib_a-findfp.o)
                0x00002a20                __sf_fake_stderr
 *(.glue_7)
 .glue_7        0x00000000        0x0 linker stubs
 *(.glue_7t)
 .glue_7t       0x00000000        0x0 linker stubs
 *(.eh_frame)
 .eh_frame      0x00002a40        0x0 c:/freescale/kds_3.0.0/toolchain/bin/../lib/gcc/arm-none-eabi/4.8.4/armv7e-m/crtbegin.o
 *(.init)
 .init          0x00002a40        0x4 c:/freescale/kds_3.0.0/toolchain/bin/../lib/gcc/arm-none-eabi/4.8.4/armv7e-m/crti.o
                0x00002a40                _init
 .init          0x00002a44        0x8 c:/freescale/kds_3.0.0/toolchain/bin/../lib/gcc/arm-none-eabi/4.8.4/armv7e-m/crtn.o
 *(.fini)
 .fini          0x00002a4c        0x4 c:/freescale/kds_3.0.0/toolchain/bin/../lib/gcc/arm-none-eabi/4.8.4/armv7e-m/crti.o
                0x00002a4c                _fini
 .fini          0x00002a50        0x8 c:/freescale/kds_3.0.0/toolchain/bin/../lib/gcc/arm-none-eabi/4.8.4/armv7e-m/crtn.o
                0x00002a58                . = ALIGN (0x4)
                0x00002a58                _etext = .

.vfp11_veneer   0x00002a58        0x0
 .vfp11_veneer  0x00000000        0x0 linker stubs

.v4_bx          0x00002a58        0x0
 .v4_bx         0x00000000        0x0 linker stubs

.iplt           0x00002a58        0x0
 .iplt          0x00000000        0x0 c:/freescale/kds_3.0.0/toolchain/bin/../lib/gcc/arm-none-eabi/4.8.4/armv7e-m/crtbegin.o

.ARM.extab
 *(.ARM.extab* .gnu.linkonce.armextab.*)

.ARM            0x00002a58        0x8
                0x00002a58                __exidx_start = .
 *(.ARM.exidx*)
 .ARM.exidx     0x00002a58        0x8 c:/freescale/kds_3.0.0/toolchain/bin/../lib/gcc/arm-none-eabi/4.8.4/../../../../arm-none-eabi/lib/armv7e-m/crt0.o
                0x00002a60                __exidx_end = .

.rel.dyn        0x00002a60        0x0
 .rel.iplt      0x00000000        0x0 c:/freescale/kds_3.0.0/toolchain/bin/../lib/gcc/arm-none-eabi/4.8.4/armv7e-m/crtbegin.o

.ctors          0x00002a60        0x0
                0x00002a60                __CTOR_LIST__ = .
 *crtbegin.o(.ctors)
 *(EXCLUDE_FILE(*crtend.o) .ctors)
 *(SORT(.ctors.*))
 *(.ctors)
                0x00002a60                __CTOR_END__ = .

.dtors          0x00002a60        0x0
                0x00002a60                __DTOR_LIST__ = .
 *crtbegin.o(.dtors)
 *(EXCLUDE_FILE(*crtend.o) .dtors)
 *(SORT(.dtors.*))
 *(.dtors)
                0x00002a60                __DTOR_END__ = .

.preinit_array  0x00002a60        0x0
                0x00002a60                PROVIDE (__preinit_array_start, .)
 *(.preinit_array*)
                0x00002a60                PROVIDE (__preinit_array_end, .)

.init_array     0x00002a60        0x4
                0x00002a60                PROVIDE (__init_array_start, .)
 *(SORT(.init_array.*))
 *(.init_array*)
 .init_array    0x00002a60        0x4 c:/freescale/kds_3.0.0/toolchain/bin/../lib/gcc/arm-none-eabi/4.8.4/armv7e-m/crtbegin.o
                0x00002a64                PROVIDE (__init_array_end, .)

.fini_array     0x00002a64        0x4
                0x00002a64                PROVIDE (__fini_array_start, .)
 *(SORT(.fini_array.*))
 *(.fini_array*)
 .fini_array    0x00002a64        0x4 c:/freescale/kds_3.0.0/toolchain/bin/../lib/gcc/arm-none-eabi/4.8.4/armv7e-m/crtbegin.o
                0x00002a68                PROVIDE (__fini_array_end, .)
                0x00002a68                ___ROM_AT = .

.data           0x1fffe000       0x68 load address 0x00002a68
                0x1fffe000                . = ALIGN (0x4)
                0x1fffe000                _sdata = .
 *(.data)
 *(.data*)
 .data.impure_data
                0x1fffe000       0x60 c:/freescale/kds_3.0.0/toolchain/bin/../lib/gcc/arm-none-eabi/4.8.4/../../../../arm-none-eabi/lib/armv7e-m\libg_s.a(lib_a-impure.o)
 .data._impure_ptr
                0x1fffe060        0x4 c:/freescale/kds_3.0.0/toolchain/bin/../lib/gcc/arm-none-eabi/4.8.4/../../../../arm-none-eabi/lib/armv7e-m\libg_s.a(lib_a-impure.o)
                0x1fffe060                _impure_ptr
 .data.__ctype_ptr__
                0x1fffe064        0x4 c:/freescale/kds_3.0.0/toolchain/bin/../lib/gcc/arm-none-eabi/4.8.4/../../../../arm-none-eabi/lib/armv7e-m\libg_s.a(lib_a-ctype_.o)
                0x1fffe064                __ctype_ptr__
                0x1fffe068                . = ALIGN (0x4)
                0x1fffe068                _edata = .
                0x00000068                ___data_size = (_edata - _sdata)
                0x00002ad0                ___m_data_20000000_ROMStart = (___ROM_AT + SIZEOF (.data))

.jcr            0x1fffe068        0x0 load address 0x00002ad0
 .jcr           0x1fffe068        0x0 c:/freescale/kds_3.0.0/toolchain/bin/../lib/gcc/arm-none-eabi/4.8.4/armv7e-m/crtbegin.o

.igot.plt       0x1fffe068        0x0 load address 0x00002ad0
 .igot.plt      0x00000000        0x0 c:/freescale/kds_3.0.0/toolchain/bin/../lib/gcc/arm-none-eabi/4.8.4/armv7e-m/crtbegin.o

.m_data_20000000
                0x20000000        0x0 load address 0x00002ad0
                0x20000000                . = ALIGN (0x4)
                0x20000000                ___m_data_20000000_RAMStart = .
 *(.m_data_20000000)
                0x20000000                ___m_data_20000000_RAMEnd = .
                0x20000000                . = ALIGN (0x4)
                0x00000000                ___m_data_20000000_ROMSize = (___m_data_20000000_RAMEnd - ___m_data_20000000_RAMStart)
                0x20000000                . = ALIGN (0x4)

.bss            0x1fffe068      0x178 load address 0x00002ad0
                0x1fffe068                __START_BSS = .
                0x1fffe068                PROVIDE (__bss_start__, __START_BSS)
 *(.bss)
 .bss           0x1fffe068       0x1c c:/freescale/kds_3.0.0/toolchain/bin/../lib/gcc/arm-none-eabi/4.8.4/armv7e-m/crtbegin.o
 *(.bss*)
 .bss.index     0x1fffe084        0x4 ./Sources/Events.o
                0x1fffe084                index
 .bss.flag      0x1fffe088        0x1 ./Sources/Events.o
                0x1fffe088                flag
 *fill*         0x1fffe089        0x3 
 .bss.DeviceDataPrv__DEFAULT_RTOS_ALLOC
                0x1fffe08c       0x20 ./Generated_Code/ASerialLdd2.o
 .bss.INT_UART0_RX_TX__DEFAULT_RTOS_ISRPARAM
                0x1fffe0ac        0x4 ./Generated_Code/ASerialLdd2.o
 .bss.INT_UART0_ERR__DEFAULT_RTOS_ISRPARAM
                0x1fffe0b0        0x4 ./Generated_Code/ASerialLdd2.o
 .bss.SR_lock   0x1fffe0b4        0x1 ./Generated_Code/Cpu.o
                0x1fffe0b4                SR_lock
 *fill*         0x1fffe0b5        0x1 
 .bss.SerFlag   0x1fffe0b6        0x2 ./Generated_Code/Inhr1.o
 .bss.Inhr1_InpLen
                0x1fffe0b8        0x2 ./Generated_Code/Inhr1.o
 .bss.InpIndexR
                0x1fffe0ba        0x2 ./Generated_Code/Inhr1.o
 .bss.InpIndexW
                0x1fffe0bc        0x2 ./Generated_Code/Inhr1.o
 *fill*         0x1fffe0be        0x2 
 .bss.InpBuffer
                0x1fffe0c0       0x40 ./Generated_Code/Inhr1.o
 .bss.BufferRead
                0x1fffe100        0x1 ./Generated_Code/Inhr1.o
 *fill*         0x1fffe101        0x1 
 .bss.Inhr1_OutLen
                0x1fffe102        0x2 ./Generated_Code/Inhr1.o
 .bss.OutIndexR
                0x1fffe104        0x2 ./Generated_Code/Inhr1.o
 .bss.OutIndexW
                0x1fffe106        0x2 ./Generated_Code/Inhr1.o
 .bss.OutBuffer
                0x1fffe108       0x40 ./Generated_Code/Inhr1.o
 .bss.PE_LDD_DeviceDataList
                0x1fffe148       0x14 ./Generated_Code/PE_LDD.o
                0x1fffe148                PE_LDD_DeviceDataList
 .bss.DeviceDataPrv__DEFAULT_RTOS_ALLOC
                0x1fffe15c        0xc ./Generated_Code/PwmLdd1.o
 .bss.DeviceDataPrv__DEFAULT_RTOS_ALLOC
                0x1fffe168        0xc ./Generated_Code/PwmLdd2.o
 .bss.DeviceDataPrv__DEFAULT_RTOS_ALLOC
                0x1fffe174        0xc ./Generated_Code/PwmLdd3.o
 .bss.DeviceDataPrv__DEFAULT_RTOS_ALLOC
                0x1fffe180        0x8 ./Generated_Code/TU1.o
 .bss.__malloc_sbrk_start
                0x1fffe188        0x4 c:/freescale/kds_3.0.0/toolchain/bin/../lib/gcc/arm-none-eabi/4.8.4/../../../../arm-none-eabi/lib/armv7e-m\libg_s.a(lib_a-nano-mallocr.o)
                0x1fffe188                __malloc_sbrk_start
 .bss.__malloc_free_list
                0x1fffe18c        0x4 c:/freescale/kds_3.0.0/toolchain/bin/../lib/gcc/arm-none-eabi/4.8.4/../../../../arm-none-eabi/lib/armv7e-m\libg_s.a(lib_a-nano-mallocr.o)
                0x1fffe18c                __malloc_free_list
 .bss.heap_end.4246
                0x1fffe190        0x4 c:/freescale/kds_3.0.0/toolchain/bin/../lib/gcc/arm-none-eabi/4.8.4/../../../../arm-none-eabi/lib/armv7e-m\libnosys.a(sbrk.o)
 *(COMMON)
 COMMON         0x1fffe194       0x40 ./Sources/Events.o
                0x1fffe194                buffer
 COMMON         0x1fffe1d4        0x1 ./Generated_Code/Cpu.o
                0x1fffe1d4                SR_reg
 *fill*         0x1fffe1d5        0x3 
 COMMON         0x1fffe1d8        0x4 ./Generated_Code/Inhr1.o
                0x1fffe1d8                ASerialLdd2_DeviceDataPtr
 COMMON         0x1fffe1dc        0x4 c:/freescale/kds_3.0.0/toolchain/bin/../lib/gcc/arm-none-eabi/4.8.4/../../../../arm-none-eabi/lib/armv7e-m\libg_s.a(lib_a-reent.o)
                0x1fffe1dc                errno
                0x1fffe1e0                . = ALIGN (0x4)
                0x1fffe1e0                __END_BSS = .
                0x1fffe1e0                PROVIDE (__bss_end__, __END_BSS)
                0x00002ad0                _romp_at = ((___ROM_AT + SIZEOF (.data)) + SIZEOF (.m_data_20000000))

.romp           0x1fffe1e0       0x24 load address 0x00002ad0
                0x00002ad0                __S_romp = _romp_at
                0x1fffe1e0        0x4 LONG 0x2a68 ___ROM_AT
                0x1fffe1e4        0x4 LONG 0x1fffe000 _sdata
                0x1fffe1e8        0x4 LONG 0x68 ___data_size
                0x1fffe1ec        0x4 LONG 0x2ad0 ___m_data_20000000_ROMStart
                0x1fffe1f0        0x4 LONG 0x20000000 ___m_data_20000000_RAMStart
                0x1fffe1f4        0x4 LONG 0x0 ___m_data_20000000_ROMSize
                0x1fffe1f8        0x4 LONG 0x0
                0x1fffe1fc        0x4 LONG 0x0
                0x1fffe200        0x4 LONG 0x0

._user_heap_stack
                0x1fffe204      0x400 load address 0x00002af4
                0x1fffe204                . = ALIGN (0x4)
                0x1fffe204                PROVIDE (end, .)
                0x1fffe204                PROVIDE (_end, .)
                0x1fffe204                __heap_addr = .
                0x1fffe204                __HeapBase = .
                0x1fffe204                . = (. + __heap_size)
                0x1fffe204                __HeapLimit = .
                0x1fffe604                . = (. + __stack_size)
 *fill*         0x1fffe204      0x400 
                0x1fffe604                . = ALIGN (0x4)

.ARM.attributes
                0x00000000       0x2a
 *(.ARM.attributes)
 .ARM.attributes
                0x00000000       0x1e c:/freescale/kds_3.0.0/toolchain/bin/../lib/gcc/arm-none-eabi/4.8.4/armv7e-m/crti.o
 .ARM.attributes
                0x0000001e       0x2e c:/freescale/kds_3.0.0/toolchain/bin/../lib/gcc/arm-none-eabi/4.8.4/armv7e-m/crtbegin.o
 .ARM.attributes
                0x0000004c       0x1c c:/freescale/kds_3.0.0/toolchain/bin/../lib/gcc/arm-none-eabi/4.8.4/../../../../arm-none-eabi/lib/armv7e-m/crt0.o
 .ARM.attributes
                0x00000068       0x33 ./Sources/Events.o
 .ARM.attributes
                0x0000009b       0x33 ./Sources/main.o
 .ARM.attributes
                0x000000ce       0x33 ./Project_Settings/Startup_Code/startup.o
 .ARM.attributes
                0x00000101       0x33 ./Generated_Code/ASerialLdd2.o
 .ARM.attributes
                0x00000134       0x33 ./Generated_Code/Cpu.o
 .ARM.attributes
                0x00000167       0x33 ./Generated_Code/Inhr1.o
 .ARM.attributes
                0x0000019a       0x33 ./Generated_Code/PE_LDD.o
 .ARM.attributes
                0x000001cd       0x33 ./Generated_Code/PwmLdd1.o
 .ARM.attributes
                0x00000200       0x33 ./Generated_Code/PwmLdd2.o
 .ARM.attributes
                0x00000233       0x33 ./Generated_Code/PwmLdd3.o
 .ARM.attributes
                0x00000266       0x33 ./Generated_Code/TU1.o
 .ARM.attributes
                0x00000299       0x33 ./Generated_Code/Term1.o
 .ARM.attributes
                0x000002cc       0x33 ./Generated_Code/Vectors.o
 .ARM.attributes
                0x000002ff       0x2e c:/freescale/kds_3.0.0/toolchain/bin/../lib/gcc/arm-none-eabi/4.8.4/../../../../arm-none-eabi/lib/armv7e-m\libg_s.a(lib_a-exit.o)
 .ARM.attributes
                0x0000032d       0x2e c:/freescale/kds_3.0.0/toolchain/bin/../lib/gcc/arm-none-eabi/4.8.4/../../../../arm-none-eabi/lib/armv7e-m\libg_s.a(lib_a-impure.o)
 .ARM.attributes
                0x0000035b       0x2e c:/freescale/kds_3.0.0/toolchain/bin/../lib/gcc/arm-none-eabi/4.8.4/../../../../arm-none-eabi/lib/armv7e-m\libg_s.a(lib_a-init.o)
 .ARM.attributes
                0x00000389       0x2e c:/freescale/kds_3.0.0/toolchain/bin/../lib/gcc/arm-none-eabi/4.8.4/../../../../arm-none-eabi/lib/armv7e-m\libg_s.a(lib_a-memset.o)
 .ARM.attributes
                0x000003b7       0x2e c:/freescale/kds_3.0.0/toolchain/bin/../lib/gcc/arm-none-eabi/4.8.4/../../../../arm-none-eabi/lib/armv7e-m\libg_s.a(lib_a-sscanf.o)
 .ARM.attributes
                0x000003e5       0x2e c:/freescale/kds_3.0.0/toolchain/bin/../lib/gcc/arm-none-eabi/4.8.4/../../../../arm-none-eabi/lib/armv7e-m\libg_s.a(lib_a-stdio.o)
 .ARM.attributes
                0x00000413       0x2e c:/freescale/kds_3.0.0/toolchain/bin/../lib/gcc/arm-none-eabi/4.8.4/../../../../arm-none-eabi/lib/armv7e-m\libg_s.a(lib_a-strlen.o)
 .ARM.attributes
                0x00000441       0x2e c:/freescale/kds_3.0.0/toolchain/bin/../lib/gcc/arm-none-eabi/4.8.4/../../../../arm-none-eabi/lib/armv7e-m\libg_s.a(lib_a-svfscanf.o)
 .ARM.attributes
                0x0000046f       0x2e c:/freescale/kds_3.0.0/toolchain/bin/../lib/gcc/arm-none-eabi/4.8.4/../../../../arm-none-eabi/lib/armv7e-m\libg_s.a(lib_a-ungetc.o)
 .ARM.attributes
                0x0000049d       0x2e c:/freescale/kds_3.0.0/toolchain/bin/../lib/gcc/arm-none-eabi/4.8.4/../../../../arm-none-eabi/lib/armv7e-m\libg_s.a(lib_a-vfscanf_i.o)
 .ARM.attributes
                0x000004cb       0x2e c:/freescale/kds_3.0.0/toolchain/bin/../lib/gcc/arm-none-eabi/4.8.4/../../../../arm-none-eabi/lib/armv7e-m\libg_s.a(lib_a-ctype_.o)
 .ARM.attributes
                0x000004f9       0x2e c:/freescale/kds_3.0.0/toolchain/bin/../lib/gcc/arm-none-eabi/4.8.4/../../../../arm-none-eabi/lib/armv7e-m\libg_s.a(lib_a-findfp.o)
 .ARM.attributes
                0x00000527       0x2e c:/freescale/kds_3.0.0/toolchain/bin/../lib/gcc/arm-none-eabi/4.8.4/../../../../arm-none-eabi/lib/armv7e-m\libg_s.a(lib_a-memchr-stub.o)
 .ARM.attributes
                0x00000555       0x2e c:/freescale/kds_3.0.0/toolchain/bin/../lib/gcc/arm-none-eabi/4.8.4/../../../../arm-none-eabi/lib/armv7e-m\libg_s.a(lib_a-memcpy-stub.o)
 .ARM.attributes
                0x00000583       0x2e c:/freescale/kds_3.0.0/toolchain/bin/../lib/gcc/arm-none-eabi/4.8.4/../../../../arm-none-eabi/lib/armv7e-m\libg_s.a(lib_a-nano-freer.o)
 .ARM.attributes
                0x000005b1       0x2e c:/freescale/kds_3.0.0/toolchain/bin/../lib/gcc/arm-none-eabi/4.8.4/../../../../arm-none-eabi/lib/armv7e-m\libg_s.a(lib_a-nano-mallocr.o)
 .ARM.attributes
                0x000005df       0x2e c:/freescale/kds_3.0.0/toolchain/bin/../lib/gcc/arm-none-eabi/4.8.4/../../../../arm-none-eabi/lib/armv7e-m\libg_s.a(lib_a-nano-reallocr.o)
 .ARM.attributes
                0x0000060d       0x2e c:/freescale/kds_3.0.0/toolchain/bin/../lib/gcc/arm-none-eabi/4.8.4/../../../../arm-none-eabi/lib/armv7e-m\libg_s.a(lib_a-reent.o)
 .ARM.attributes
                0x0000063b       0x2e c:/freescale/kds_3.0.0/toolchain/bin/../lib/gcc/arm-none-eabi/4.8.4/../../../../arm-none-eabi/lib/armv7e-m\libg_s.a(lib_a-sbrkr.o)
 .ARM.attributes
                0x00000669       0x2e c:/freescale/kds_3.0.0/toolchain/bin/../lib/gcc/arm-none-eabi/4.8.4/../../../../arm-none-eabi/lib/armv7e-m\libg_s.a(lib_a-sccl.o)
 .ARM.attributes
                0x00000697       0x2e c:/freescale/kds_3.0.0/toolchain/bin/../lib/gcc/arm-none-eabi/4.8.4/../../../../arm-none-eabi/lib/armv7e-m\libg_s.a(lib_a-strtol.o)
 .ARM.attributes
                0x000006c5       0x2e c:/freescale/kds_3.0.0/toolchain/bin/../lib/gcc/arm-none-eabi/4.8.4/../../../../arm-none-eabi/lib/armv7e-m\libg_s.a(lib_a-strtoul.o)
 .ARM.attributes
                0x000006f3       0x2e c:/freescale/kds_3.0.0/toolchain/bin/../lib/gcc/arm-none-eabi/4.8.4/../../../../arm-none-eabi/lib/armv7e-m\libg_s.a(lib_a-nano-msizer.o)
 .ARM.attributes
                0x00000721       0x2e c:/freescale/kds_3.0.0/toolchain/bin/../lib/gcc/arm-none-eabi/4.8.4/../../../../arm-none-eabi/lib/armv7e-m\libnosys.a(sbrk.o)
 .ARM.attributes
                0x0000074f       0x2e c:/freescale/kds_3.0.0/toolchain/bin/../lib/gcc/arm-none-eabi/4.8.4/../../../../arm-none-eabi/lib/armv7e-m\libnosys.a(_exit.o)
 .ARM.attributes
                0x0000077d       0x1e c:/freescale/kds_3.0.0/toolchain/bin/../lib/gcc/arm-none-eabi/4.8.4/armv7e-m/crtn.o
OUTPUT(lab 8.elf elf32-littlearm)

.debug_info     0x00000000     0x3489
 .debug_info    0x00000000      0x121 ./Sources/Events.o
 .debug_info    0x00000121      0x1c7 ./Sources/main.o
 .debug_info    0x000002e8      0x20a ./Project_Settings/Startup_Code/startup.o
 .debug_info    0x000004f2      0xab5 ./Generated_Code/ASerialLdd2.o
 .debug_info    0x00000fa7      0x9e9 ./Generated_Code/Cpu.o
 .debug_info    0x00001990      0x367 ./Generated_Code/Inhr1.o
 .debug_info    0x00001cf7      0x251 ./Generated_Code/PE_LDD.o
 .debug_info    0x00001f48      0x333 ./Generated_Code/PwmLdd1.o
 .debug_info    0x0000227b      0x333 ./Generated_Code/PwmLdd2.o
 .debug_info    0x000025ae      0x333 ./Generated_Code/PwmLdd3.o
 .debug_info    0x000028e1      0x768 ./Generated_Code/TU1.o
 .debug_info    0x00003049      0x332 ./Generated_Code/Term1.o
 .debug_info    0x0000337b      0x10e ./Generated_Code/Vectors.o

.debug_abbrev   0x00000000      0xfb4
 .debug_abbrev  0x00000000       0xa5 ./Sources/Events.o
 .debug_abbrev  0x000000a5       0xe6 ./Sources/main.o
 .debug_abbrev  0x0000018b      0x11e ./Project_Settings/Startup_Code/startup.o
 .debug_abbrev  0x000002a9      0x1db ./Generated_Code/ASerialLdd2.o
 .debug_abbrev  0x00000484      0x178 ./Generated_Code/Cpu.o
 .debug_abbrev  0x000005fc      0x18f ./Generated_Code/Inhr1.o
 .debug_abbrev  0x0000078b      0x10d ./Generated_Code/PE_LDD.o
 .debug_abbrev  0x00000898      0x122 ./Generated_Code/PwmLdd1.o
 .debug_abbrev  0x000009ba      0x122 ./Generated_Code/PwmLdd2.o
 .debug_abbrev  0x00000adc      0x122 ./Generated_Code/PwmLdd3.o
 .debug_abbrev  0x00000bfe      0x198 ./Generated_Code/TU1.o
 .debug_abbrev  0x00000d96      0x17a ./Generated_Code/Term1.o
 .debug_abbrev  0x00000f10       0xa4 ./Generated_Code/Vectors.o

.debug_aranges  0x00000000      0x368
 .debug_aranges
                0x00000000       0x28 ./Sources/Events.o
 .debug_aranges
                0x00000028       0x20 ./Sources/main.o
 .debug_aranges
                0x00000048       0x50 ./Project_Settings/Startup_Code/startup.o
 .debug_aranges
                0x00000098       0x50 ./Generated_Code/ASerialLdd2.o
 .debug_aranges
                0x000000e8       0x40 ./Generated_Code/Cpu.o
 .debug_aranges
                0x00000128       0x60 ./Generated_Code/Inhr1.o
 .debug_aranges
                0x00000188       0x30 ./Generated_Code/PE_LDD.o
 .debug_aranges
                0x000001b8       0x48 ./Generated_Code/PwmLdd1.o
 .debug_aranges
                0x00000200       0x48 ./Generated_Code/PwmLdd2.o
 .debug_aranges
                0x00000248       0x48 ./Generated_Code/PwmLdd3.o
 .debug_aranges
                0x00000290       0x48 ./Generated_Code/TU1.o
 .debug_aranges
                0x000002d8       0x78 ./Generated_Code/Term1.o
 .debug_aranges
                0x00000350       0x18 ./Generated_Code/Vectors.o

.debug_ranges   0x00000000      0x290
 .debug_ranges  0x00000000       0x18 ./Sources/Events.o
 .debug_ranges  0x00000018       0x10 ./Sources/main.o
 .debug_ranges  0x00000028       0x40 ./Project_Settings/Startup_Code/startup.o
 .debug_ranges  0x00000068       0x40 ./Generated_Code/ASerialLdd2.o
 .debug_ranges  0x000000a8       0x30 ./Generated_Code/Cpu.o
 .debug_ranges  0x000000d8       0x50 ./Generated_Code/Inhr1.o
 .debug_ranges  0x00000128       0x20 ./Generated_Code/PE_LDD.o
 .debug_ranges  0x00000148       0x38 ./Generated_Code/PwmLdd1.o
 .debug_ranges  0x00000180       0x38 ./Generated_Code/PwmLdd2.o
 .debug_ranges  0x000001b8       0x38 ./Generated_Code/PwmLdd3.o
 .debug_ranges  0x000001f0       0x38 ./Generated_Code/TU1.o
 .debug_ranges  0x00000228       0x68 ./Generated_Code/Term1.o

.debug_macro    0x00000000    0x18fee
 .debug_macro   0x00000000      0x150 ./Sources/Events.o
 .debug_macro   0x00000150      0x84a ./Sources/Events.o
 .debug_macro   0x0000099a       0x16 ./Sources/Events.o
 .debug_macro   0x000009b0       0x44 ./Sources/Events.o
 .debug_macro   0x000009f4      0x209 ./Sources/Events.o
 .debug_macro   0x00000bfd     0x1679 ./Sources/Events.o
 .debug_macro   0x00002276      0x14e ./Sources/Events.o
 .debug_macro   0x000023c4       0x6a ./Sources/Events.o
 .debug_macro   0x0000242e     0x9b9f ./Sources/Events.o
 .debug_macro   0x0000bfcd       0x94 ./Sources/Events.o
 .debug_macro   0x0000c061       0x94 ./Sources/Events.o
 .debug_macro   0x0000c0f5      0x6a0 ./Sources/Events.o
 .debug_macro   0x0000c795       0x82 ./Sources/Events.o
 .debug_macro   0x0000c817       0x3f ./Sources/Events.o
 .debug_macro   0x0000c856       0x2c ./Sources/Events.o
 .debug_macro   0x0000c882       0x45 ./Sources/Events.o
 .debug_macro   0x0000c8c7       0x2c ./Sources/Events.o
 .debug_macro   0x0000c8f3       0x45 ./Sources/Events.o
 .debug_macro   0x0000c938       0x2c ./Sources/Events.o
 .debug_macro   0x0000c964       0x3a ./Sources/Events.o
 .debug_macro   0x0000c99e       0x65 ./Sources/Events.o
 .debug_macro   0x0000ca03       0x20 ./Sources/Events.o
 .debug_macro   0x0000ca23      0x159 ./Sources/main.o
 .debug_macro   0x0000cb7c       0x22 ./Sources/main.o
 .debug_macro   0x0000cb9e      0x121 ./Project_Settings/Startup_Code/startup.o
 .debug_macro   0x0000ccbf       0x58 ./Project_Settings/Startup_Code/startup.o
 .debug_macro   0x0000cd17       0x35 ./Project_Settings/Startup_Code/startup.o
 .debug_macro   0x0000cd4c       0xa3 ./Project_Settings/Startup_Code/startup.o
 .debug_macro   0x0000cdef      0x166 ./Project_Settings/Startup_Code/startup.o
 .debug_macro   0x0000cf55       0x4a ./Project_Settings/Startup_Code/startup.o
 .debug_macro   0x0000cf9f       0x52 ./Project_Settings/Startup_Code/startup.o
 .debug_macro   0x0000cff1       0x16 ./Project_Settings/Startup_Code/startup.o
 .debug_macro   0x0000d007       0x43 ./Project_Settings/Startup_Code/startup.o
 .debug_macro   0x0000d04a      0x180 ./Project_Settings/Startup_Code/startup.o
 .debug_macro   0x0000d1ca      0x2a6 ./Project_Settings/Startup_Code/startup.o
 .debug_macro   0x0000d470       0x10 ./Project_Settings/Startup_Code/startup.o
 .debug_macro   0x0000d480       0x35 ./Project_Settings/Startup_Code/startup.o
 .debug_macro   0x0000d4b5       0x16 ./Project_Settings/Startup_Code/startup.o
 .debug_macro   0x0000d4cb       0x22 ./Project_Settings/Startup_Code/startup.o
 .debug_macro   0x0000d4ed       0x10 ./Project_Settings/Startup_Code/startup.o
 .debug_macro   0x0000d4fd      0x20f ./Project_Settings/Startup_Code/startup.o
 .debug_macro   0x0000d70c     0x9b93 ./Project_Settings/Startup_Code/startup.o
 .debug_macro   0x0001729f       0xc5 ./Generated_Code/ASerialLdd2.o
 .debug_macro   0x00017364       0x5f ./Generated_Code/ASerialLdd2.o
 .debug_macro   0x000173c3       0x26 ./Generated_Code/ASerialLdd2.o
 .debug_macro   0x000173e9      0x7ab ./Generated_Code/ASerialLdd2.o
 .debug_macro   0x00017b94      0x9b1 ./Generated_Code/ASerialLdd2.o
 .debug_macro   0x00018545      0x160 ./Generated_Code/Cpu.o
 .debug_macro   0x000186a5       0x9a ./Generated_Code/Cpu.o
 .debug_macro   0x0001873f      0x1d4 ./Generated_Code/Inhr1.o
 .debug_macro   0x00018913      0x122 ./Generated_Code/PE_LDD.o
 .debug_macro   0x00018a35       0xbe ./Generated_Code/PwmLdd1.o
 .debug_macro   0x00018af3       0xbe ./Generated_Code/PwmLdd2.o
 .debug_macro   0x00018bb1       0x3f ./Generated_Code/PwmLdd2.o
 .debug_macro   0x00018bf0       0xbe ./Generated_Code/PwmLdd3.o
 .debug_macro   0x00018cae       0x3f ./Generated_Code/PwmLdd3.o
 .debug_macro   0x00018ced       0xbc ./Generated_Code/TU1.o
 .debug_macro   0x00018da9       0xb2 ./Generated_Code/Term1.o
 .debug_macro   0x00018e5b       0x34 ./Generated_Code/Term1.o
 .debug_macro   0x00018e8f      0x15f ./Generated_Code/Vectors.o

.debug_line     0x00000000     0x2e6e
 .debug_line    0x00000000      0x338 ./Sources/Events.o
 .debug_line    0x00000338      0x39f ./Sources/main.o
 .debug_line    0x000006d7      0x3d4 ./Project_Settings/Startup_Code/startup.o
 .debug_line    0x00000aab      0x38d ./Generated_Code/ASerialLdd2.o
 .debug_line    0x00000e38      0x47c ./Generated_Code/Cpu.o
 .debug_line    0x000012b4      0x4e5 ./Generated_Code/Inhr1.o
 .debug_line    0x00001799      0x317 ./Generated_Code/PE_LDD.o
 .debug_line    0x00001ab0      0x2f2 ./Generated_Code/PwmLdd1.o
 .debug_line    0x00001da2      0x2f2 ./Generated_Code/PwmLdd2.o
 .debug_line    0x00002094      0x2f2 ./Generated_Code/PwmLdd3.o
 .debug_line    0x00002386      0x317 ./Generated_Code/TU1.o
 .debug_line    0x0000269d      0x3da ./Generated_Code/Term1.o
 .debug_line    0x00002a77      0x3f7 ./Generated_Code/Vectors.o

.debug_str      0x00000000    0x5a600
 .debug_str     0x00000000    0x48bf8 ./Sources/Events.o
                              0x48d48 (size before relaxing)
 .debug_str     0x00048bf8       0xaf ./Sources/main.o
                              0x48dc8 (size before relaxing)
 .debug_str     0x00048ca7     0x25f0 ./Project_Settings/Startup_Code/startup.o
                              0x3a1d3 (size before relaxing)
 .debug_str     0x0004b297     0xe7b7 ./Generated_Code/ASerialLdd2.o
                              0x4dcea (size before relaxing)
 .debug_str     0x00059a4e      0x240 ./Generated_Code/Cpu.o
                              0x490df (size before relaxing)
 .debug_str     0x00059c8e      0x268 ./Generated_Code/Inhr1.o
                              0x4900e (size before relaxing)
 .debug_str     0x00059ef6      0x17e ./Generated_Code/PE_LDD.o
                              0x48ed7 (size before relaxing)
 .debug_str     0x0005a074       0xef ./Generated_Code/PwmLdd1.o
                              0x484a3 (size before relaxing)
 .debug_str     0x0005a163       0x94 ./Generated_Code/PwmLdd2.o
                              0x484a3 (size before relaxing)
 .debug_str     0x0005a1f7       0x86 ./Generated_Code/PwmLdd3.o
                              0x484a3 (size before relaxing)
 .debug_str     0x0005a27d      0x269 ./Generated_Code/TU1.o
                              0x485ac (size before relaxing)
 .debug_str     0x0005a4e6       0xfe ./Generated_Code/Term1.o
                              0x3f154 (size before relaxing)
 .debug_str     0x0005a5e4       0x1c ./Generated_Code/Vectors.o
                              0x48d6a (size before relaxing)

.comment        0x00000000       0x70
 .comment       0x00000000       0x70 ./Sources/Events.o
                                 0x71 (size before relaxing)
 .comment       0x00000000       0x71 ./Sources/main.o
 .comment       0x00000000       0x71 ./Project_Settings/Startup_Code/startup.o
 .comment       0x00000000       0x71 ./Generated_Code/ASerialLdd2.o
 .comment       0x00000000       0x71 ./Generated_Code/Cpu.o
 .comment       0x00000000       0x71 ./Generated_Code/Inhr1.o
 .comment       0x00000000       0x71 ./Generated_Code/PE_LDD.o
 .comment       0x00000000       0x71 ./Generated_Code/PwmLdd1.o
 .comment       0x00000000       0x71 ./Generated_Code/PwmLdd2.o
 .comment       0x00000000       0x71 ./Generated_Code/PwmLdd3.o
 .comment       0x00000000       0x71 ./Generated_Code/TU1.o
 .comment       0x00000000       0x71 ./Generated_Code/Term1.o
 .comment       0x00000000       0x71 ./Generated_Code/Vectors.o

.debug_frame    0x00000000      0xf30
 .debug_frame   0x00000000       0x48 ./Sources/Events.o
 .debug_frame   0x00000048       0x30 ./Sources/main.o
 .debug_frame   0x00000078       0xc0 ./Project_Settings/Startup_Code/startup.o
 .debug_frame   0x00000138       0xec ./Generated_Code/ASerialLdd2.o
 .debug_frame   0x00000224       0xa4 ./Generated_Code/Cpu.o
 .debug_frame   0x000002c8      0x118 ./Generated_Code/Inhr1.o
 .debug_frame   0x000003e0       0x64 ./Generated_Code/PE_LDD.o
 .debug_frame   0x00000444       0xd0 ./Generated_Code/PwmLdd1.o
 .debug_frame   0x00000514       0xd0 ./Generated_Code/PwmLdd2.o
 .debug_frame   0x000005e4       0xd0 ./Generated_Code/PwmLdd3.o
 .debug_frame   0x000006b4       0xbc ./Generated_Code/TU1.o
 .debug_frame   0x00000770      0x17c ./Generated_Code/Term1.o
 .debug_frame   0x000008ec       0x28 c:/freescale/kds_3.0.0/toolchain/bin/../lib/gcc/arm-none-eabi/4.8.4/../../../../arm-none-eabi/lib/armv7e-m\libg_s.a(lib_a-exit.o)
 .debug_frame   0x00000914       0x2c c:/freescale/kds_3.0.0/toolchain/bin/../lib/gcc/arm-none-eabi/4.8.4/../../../../arm-none-eabi/lib/armv7e-m\libg_s.a(lib_a-init.o)
 .debug_frame   0x00000940       0x20 c:/freescale/kds_3.0.0/toolchain/bin/../lib/gcc/arm-none-eabi/4.8.4/../../../../arm-none-eabi/lib/armv7e-m\libg_s.a(lib_a-memset.o)
 .debug_frame   0x00000960       0x60 c:/freescale/kds_3.0.0/toolchain/bin/../lib/gcc/arm-none-eabi/4.8.4/../../../../arm-none-eabi/lib/armv7e-m\libg_s.a(lib_a-sscanf.o)
 .debug_frame   0x000009c0       0x80 c:/freescale/kds_3.0.0/toolchain/bin/../lib/gcc/arm-none-eabi/4.8.4/../../../../arm-none-eabi/lib/armv7e-m\libg_s.a(lib_a-stdio.o)
 .debug_frame   0x00000a40       0x20 c:/freescale/kds_3.0.0/toolchain/bin/../lib/gcc/arm-none-eabi/4.8.4/../../../../arm-none-eabi/lib/armv7e-m\libg_s.a(lib_a-strlen.o)
 .debug_frame   0x00000a60       0x6c c:/freescale/kds_3.0.0/toolchain/bin/../lib/gcc/arm-none-eabi/4.8.4/../../../../arm-none-eabi/lib/armv7e-m\libg_s.a(lib_a-svfscanf.o)
 .debug_frame   0x00000acc       0x5c c:/freescale/kds_3.0.0/toolchain/bin/../lib/gcc/arm-none-eabi/4.8.4/../../../../arm-none-eabi/lib/armv7e-m\libg_s.a(lib_a-ungetc.o)
 .debug_frame   0x00000b28       0x58 c:/freescale/kds_3.0.0/toolchain/bin/../lib/gcc/arm-none-eabi/4.8.4/../../../../arm-none-eabi/lib/armv7e-m\libg_s.a(lib_a-vfscanf_i.o)
 .debug_frame   0x00000b80      0x12c c:/freescale/kds_3.0.0/toolchain/bin/../lib/gcc/arm-none-eabi/4.8.4/../../../../arm-none-eabi/lib/armv7e-m\libg_s.a(lib_a-findfp.o)
 .debug_frame   0x00000cac       0x28 c:/freescale/kds_3.0.0/toolchain/bin/../lib/gcc/arm-none-eabi/4.8.4/../../../../arm-none-eabi/lib/armv7e-m\libg_s.a(lib_a-memchr-stub.o)
 .debug_frame   0x00000cd4       0x28 c:/freescale/kds_3.0.0/toolchain/bin/../lib/gcc/arm-none-eabi/4.8.4/../../../../arm-none-eabi/lib/armv7e-m\libg_s.a(lib_a-memcpy-stub.o)
 .debug_frame   0x00000cfc       0x2c c:/freescale/kds_3.0.0/toolchain/bin/../lib/gcc/arm-none-eabi/4.8.4/../../../../arm-none-eabi/lib/armv7e-m\libg_s.a(lib_a-nano-freer.o)
 .debug_frame   0x00000d28       0x2c c:/freescale/kds_3.0.0/toolchain/bin/../lib/gcc/arm-none-eabi/4.8.4/../../../../arm-none-eabi/lib/armv7e-m\libg_s.a(lib_a-nano-mallocr.o)
 .debug_frame   0x00000d54       0x30 c:/freescale/kds_3.0.0/toolchain/bin/../lib/gcc/arm-none-eabi/4.8.4/../../../../arm-none-eabi/lib/armv7e-m\libg_s.a(lib_a-nano-reallocr.o)
 .debug_frame   0x00000d84       0x48 c:/freescale/kds_3.0.0/toolchain/bin/../lib/gcc/arm-none-eabi/4.8.4/../../../../arm-none-eabi/lib/armv7e-m\libg_s.a(lib_a-reent.o)
 .debug_frame   0x00000dcc       0x2c c:/freescale/kds_3.0.0/toolchain/bin/../lib/gcc/arm-none-eabi/4.8.4/../../../../arm-none-eabi/lib/armv7e-m\libg_s.a(lib_a-sbrkr.o)
 .debug_frame   0x00000df8       0x30 c:/freescale/kds_3.0.0/toolchain/bin/../lib/gcc/arm-none-eabi/4.8.4/../../../../arm-none-eabi/lib/armv7e-m\libg_s.a(lib_a-sccl.o)
 .debug_frame   0x00000e28       0x54 c:/freescale/kds_3.0.0/toolchain/bin/../lib/gcc/arm-none-eabi/4.8.4/../../../../arm-none-eabi/lib/armv7e-m\libg_s.a(lib_a-strtol.o)
 .debug_frame   0x00000e7c       0x54 c:/freescale/kds_3.0.0/toolchain/bin/../lib/gcc/arm-none-eabi/4.8.4/../../../../arm-none-eabi/lib/armv7e-m\libg_s.a(lib_a-strtoul.o)
 .debug_frame   0x00000ed0       0x20 c:/freescale/kds_3.0.0/toolchain/bin/../lib/gcc/arm-none-eabi/4.8.4/../../../../arm-none-eabi/lib/armv7e-m\libg_s.a(lib_a-nano-msizer.o)
 .debug_frame   0x00000ef0       0x20 c:/freescale/kds_3.0.0/toolchain/bin/../lib/gcc/arm-none-eabi/4.8.4/../../../../arm-none-eabi/lib/armv7e-m\libnosys.a(sbrk.o)
 .debug_frame   0x00000f10       0x20 c:/freescale/kds_3.0.0/toolchain/bin/../lib/gcc/arm-none-eabi/4.8.4/../../../../arm-none-eabi/lib/armv7e-m\libnosys.a(_exit.o)

.stabstr        0x00000000       0xdf
 .stabstr       0x00000000       0xdf c:/freescale/kds_3.0.0/toolchain/bin/../lib/gcc/arm-none-eabi/4.8.4/../../../../arm-none-eabi/lib/armv7e-m\libnosys.a(close.o)
