Archive member included because of file (symbol)

c:/freescale/kds_3.0.0/toolchain/bin/../lib/gcc/arm-none-eabi/4.8.4/armv7e-m\libgcc.a(_arm_addsubsf3.o)
                              ./Generated_Code/PwmLdd1.o (__aeabi_i2f)
c:/freescale/kds_3.0.0/toolchain/bin/../lib/gcc/arm-none-eabi/4.8.4/armv7e-m\libgcc.a(_arm_muldivsf3.o)
                              ./Generated_Code/PwmLdd1.o (__aeabi_fmul)
c:/freescale/kds_3.0.0/toolchain/bin/../lib/gcc/arm-none-eabi/4.8.4/armv7e-m\libgcc.a(_arm_cmpsf2.o)
                              ./Generated_Code/PwmLdd1.o (__aeabi_fcmpgt)
c:/freescale/kds_3.0.0/toolchain/bin/../lib/gcc/arm-none-eabi/4.8.4/armv7e-m\libgcc.a(_arm_fixunssfsi.o)
                              ./Generated_Code/PwmLdd1.o (__aeabi_f2uiz)
c:/freescale/kds_3.0.0/toolchain/bin/../lib/gcc/arm-none-eabi/4.8.4/../../../../arm-none-eabi/lib/armv7e-m\libg_s.a(lib_a-exit.o)
                              c:/freescale/kds_3.0.0/toolchain/bin/../lib/gcc/arm-none-eabi/4.8.4/../../../../arm-none-eabi/lib/armv7e-m/crt0.o (exit)
c:/freescale/kds_3.0.0/toolchain/bin/../lib/gcc/arm-none-eabi/4.8.4/../../../../arm-none-eabi/lib/armv7e-m\libg_s.a(lib_a-impure.o)
                              c:/freescale/kds_3.0.0/toolchain/bin/../lib/gcc/arm-none-eabi/4.8.4/../../../../arm-none-eabi/lib/armv7e-m\libg_s.a(lib_a-exit.o) (_global_impure_ptr)
c:/freescale/kds_3.0.0/toolchain/bin/../lib/gcc/arm-none-eabi/4.8.4/../../../../arm-none-eabi/lib/armv7e-m\libg_s.a(lib_a-init.o)
                              c:/freescale/kds_3.0.0/toolchain/bin/../lib/gcc/arm-none-eabi/4.8.4/../../../../arm-none-eabi/lib/armv7e-m/crt0.o (__libc_init_array)
c:/freescale/kds_3.0.0/toolchain/bin/../lib/gcc/arm-none-eabi/4.8.4/../../../../arm-none-eabi/lib/armv7e-m\libg_s.a(lib_a-memset.o)
                              c:/freescale/kds_3.0.0/toolchain/bin/../lib/gcc/arm-none-eabi/4.8.4/../../../../arm-none-eabi/lib/armv7e-m/crt0.o (memset)
c:/freescale/kds_3.0.0/toolchain/bin/../lib/gcc/arm-none-eabi/4.8.4/../../../../arm-none-eabi/lib/armv7e-m\libnosys.a(_exit.o)
                              c:/freescale/kds_3.0.0/toolchain/bin/../lib/gcc/arm-none-eabi/4.8.4/../../../../arm-none-eabi/lib/armv7e-m\libg_s.a(lib_a-exit.o) (_exit)

Allocating common symbols
Common symbol       size              file

ASerialLdd1_DeviceDataPtr
                    0x4               ./Generated_Code/Inhr1.o
SR_reg              0x1               ./Generated_Code/Cpu.o

Discarded input sections

 .text          0x00000000        0x0 c:/freescale/kds_3.0.0/toolchain/bin/../lib/gcc/arm-none-eabi/4.8.4/armv7e-m/crti.o
 .data          0x00000000        0x0 c:/freescale/kds_3.0.0/toolchain/bin/../lib/gcc/arm-none-eabi/4.8.4/armv7e-m/crti.o
 .bss           0x00000000        0x0 c:/freescale/kds_3.0.0/toolchain/bin/../lib/gcc/arm-none-eabi/4.8.4/armv7e-m/crti.o
 .data          0x00000000        0x4 c:/freescale/kds_3.0.0/toolchain/bin/../lib/gcc/arm-none-eabi/4.8.4/armv7e-m/crtbegin.o
 .data          0x00000000        0x0 c:/freescale/kds_3.0.0/toolchain/bin/../lib/gcc/arm-none-eabi/4.8.4/../../../../arm-none-eabi/lib/armv7e-m/crt0.o
 .bss           0x00000000        0x0 c:/freescale/kds_3.0.0/toolchain/bin/../lib/gcc/arm-none-eabi/4.8.4/../../../../arm-none-eabi/lib/armv7e-m/crt0.o
 .ARM.extab     0x00000000        0x0 c:/freescale/kds_3.0.0/toolchain/bin/../lib/gcc/arm-none-eabi/4.8.4/../../../../arm-none-eabi/lib/armv7e-m/crt0.o
 .group         0x00000000        0x8 ./Sources/Events.o
 .group         0x00000000        0x8 ./Sources/Events.o
 .group         0x00000000        0x8 ./Sources/Events.o
 .group         0x00000000        0x8 ./Sources/Events.o
 .group         0x00000000        0x8 ./Sources/Events.o
 .group         0x00000000        0x8 ./Sources/Events.o
 .group         0x00000000        0x8 ./Sources/Events.o
 .group         0x00000000        0x8 ./Sources/Events.o
 .group         0x00000000        0x8 ./Sources/Events.o
 .group         0x00000000        0x8 ./Sources/Events.o
 .group         0x00000000        0x8 ./Sources/Events.o
 .group         0x00000000        0x8 ./Sources/Events.o
 .group         0x00000000        0x8 ./Sources/Events.o
 .group         0x00000000        0x8 ./Sources/Events.o
 .group         0x00000000        0x8 ./Sources/Events.o
 .group         0x00000000        0x8 ./Sources/Events.o
 .group         0x00000000        0x8 ./Sources/Events.o
 .group         0x00000000        0x8 ./Sources/Events.o
 .group         0x00000000        0x8 ./Sources/Events.o
 .group         0x00000000        0x8 ./Sources/Events.o
 .text          0x00000000        0x0 ./Sources/Events.o
 .data          0x00000000        0x0 ./Sources/Events.o
 .bss           0x00000000        0x0 ./Sources/Events.o
 .group         0x00000000        0x8 ./Sources/main.o
 .group         0x00000000        0x8 ./Sources/main.o
 .group         0x00000000        0x8 ./Sources/main.o
 .group         0x00000000        0x8 ./Sources/main.o
 .group         0x00000000        0x8 ./Sources/main.o
 .group         0x00000000        0x8 ./Sources/main.o
 .group         0x00000000        0x8 ./Sources/main.o
 .group         0x00000000        0x8 ./Sources/main.o
 .group         0x00000000        0x8 ./Sources/main.o
 .group         0x00000000        0x8 ./Sources/main.o
 .group         0x00000000        0x8 ./Sources/main.o
 .group         0x00000000        0x8 ./Sources/main.o
 .group         0x00000000        0x8 ./Sources/main.o
 .group         0x00000000        0x8 ./Sources/main.o
 .group         0x00000000        0x8 ./Sources/main.o
 .group         0x00000000        0x8 ./Sources/main.o
 .group         0x00000000        0x8 ./Sources/main.o
 .group         0x00000000        0x8 ./Sources/main.o
 .group         0x00000000        0x8 ./Sources/main.o
 .group         0x00000000        0x8 ./Sources/main.o
 .group         0x00000000        0x8 ./Sources/main.o
 .group         0x00000000        0x8 ./Sources/main.o
 .group         0x00000000        0x8 ./Sources/main.o
 .group         0x00000000        0x8 ./Sources/main.o
 .group         0x00000000        0x8 ./Sources/main.o
 .group         0x00000000        0x8 ./Sources/main.o
 .group         0x00000000        0x8 ./Sources/main.o
 .group         0x00000000        0x8 ./Sources/main.o
 .group         0x00000000        0x8 ./Sources/main.o
 .group         0x00000000        0x8 ./Sources/main.o
 .group         0x00000000        0x8 ./Sources/main.o
 .group         0x00000000        0x8 ./Sources/main.o
 .group         0x00000000        0x8 ./Sources/main.o
 .group         0x00000000        0x8 ./Sources/main.o
 .group         0x00000000        0x8 ./Sources/main.o
 .text          0x00000000        0x0 ./Sources/main.o
 .data          0x00000000        0x0 ./Sources/main.o
 .bss           0x00000000        0x0 ./Sources/main.o
 .debug_macro   0x00000000      0x84a ./Sources/main.o
 .debug_macro   0x00000000       0x16 ./Sources/main.o
 .debug_macro   0x00000000       0x44 ./Sources/main.o
 .debug_macro   0x00000000      0x209 ./Sources/main.o
 .debug_macro   0x00000000     0x1679 ./Sources/main.o
 .debug_macro   0x00000000      0x14e ./Sources/main.o
 .debug_macro   0x00000000       0x6a ./Sources/main.o
 .debug_macro   0x00000000     0x9b9f ./Sources/main.o
 .debug_macro   0x00000000       0x94 ./Sources/main.o
 .debug_macro   0x00000000       0x94 ./Sources/main.o
 .debug_macro   0x00000000      0x6a0 ./Sources/main.o
 .debug_macro   0x00000000       0x82 ./Sources/main.o
 .debug_macro   0x00000000       0x3f ./Sources/main.o
 .debug_macro   0x00000000       0x2c ./Sources/main.o
 .debug_macro   0x00000000       0x45 ./Sources/main.o
 .debug_macro   0x00000000       0x2c ./Sources/main.o
 .debug_macro   0x00000000       0x45 ./Sources/main.o
 .debug_macro   0x00000000       0x2c ./Sources/main.o
 .debug_macro   0x00000000       0x5e ./Sources/main.o
 .debug_macro   0x00000000       0x11 ./Sources/main.o
 .group         0x00000000        0x8 ./Project_Settings/Startup_Code/startup.o
 .group         0x00000000        0x8 ./Project_Settings/Startup_Code/startup.o
 .group         0x00000000        0x8 ./Project_Settings/Startup_Code/startup.o
 .group         0x00000000        0x8 ./Project_Settings/Startup_Code/startup.o
 .group         0x00000000        0x8 ./Project_Settings/Startup_Code/startup.o
 .group         0x00000000        0x8 ./Project_Settings/Startup_Code/startup.o
 .group         0x00000000        0x8 ./Project_Settings/Startup_Code/startup.o
 .group         0x00000000        0x8 ./Project_Settings/Startup_Code/startup.o
 .group         0x00000000        0x8 ./Project_Settings/Startup_Code/startup.o
 .group         0x00000000        0x8 ./Project_Settings/Startup_Code/startup.o
 .group         0x00000000        0x8 ./Project_Settings/Startup_Code/startup.o
 .group         0x00000000        0x8 ./Project_Settings/Startup_Code/startup.o
 .group         0x00000000        0x8 ./Project_Settings/Startup_Code/startup.o
 .group         0x00000000        0x8 ./Project_Settings/Startup_Code/startup.o
 .group         0x00000000        0x8 ./Project_Settings/Startup_Code/startup.o
 .group         0x00000000        0x8 ./Project_Settings/Startup_Code/startup.o
 .group         0x00000000        0x8 ./Project_Settings/Startup_Code/startup.o
 .group         0x00000000        0x8 ./Project_Settings/Startup_Code/startup.o
 .group         0x00000000        0x8 ./Project_Settings/Startup_Code/startup.o
 .text          0x00000000        0x0 ./Project_Settings/Startup_Code/startup.o
 .data          0x00000000        0x0 ./Project_Settings/Startup_Code/startup.o
 .bss           0x00000000        0x0 ./Project_Settings/Startup_Code/startup.o
 .text.__init_hardware
                0x00000000        0xc ./Project_Settings/Startup_Code/startup.o
 .text.__iar_program_start
                0x00000000        0xc ./Project_Settings/Startup_Code/startup.o
 .debug_macro   0x00000000      0x84a ./Project_Settings/Startup_Code/startup.o
 .debug_macro   0x00000000       0x58 ./Project_Settings/Startup_Code/startup.o
 .debug_macro   0x00000000       0x16 ./Project_Settings/Startup_Code/startup.o
 .debug_macro   0x00000000       0x35 ./Project_Settings/Startup_Code/startup.o
 .debug_macro   0x00000000       0xa3 ./Project_Settings/Startup_Code/startup.o
 .debug_macro   0x00000000       0x52 ./Project_Settings/Startup_Code/startup.o
 .debug_macro   0x00000000       0x16 ./Project_Settings/Startup_Code/startup.o
 .debug_macro   0x00000000       0x43 ./Project_Settings/Startup_Code/startup.o
 .debug_macro   0x00000000      0x180 ./Project_Settings/Startup_Code/startup.o
 .debug_macro   0x00000000      0x2a6 ./Project_Settings/Startup_Code/startup.o
 .debug_macro   0x00000000       0x10 ./Project_Settings/Startup_Code/startup.o
 .debug_macro   0x00000000       0x35 ./Project_Settings/Startup_Code/startup.o
 .debug_macro   0x00000000       0x16 ./Project_Settings/Startup_Code/startup.o
 .debug_macro   0x00000000       0x22 ./Project_Settings/Startup_Code/startup.o
 .group         0x00000000        0x8 ./Generated_Code/ASerialLdd1.o
 .group         0x00000000        0x8 ./Generated_Code/ASerialLdd1.o
 .group         0x00000000        0x8 ./Generated_Code/ASerialLdd1.o
 .group         0x00000000        0x8 ./Generated_Code/ASerialLdd1.o
 .group         0x00000000        0x8 ./Generated_Code/ASerialLdd1.o
 .group         0x00000000        0x8 ./Generated_Code/ASerialLdd1.o
 .group         0x00000000        0x8 ./Generated_Code/ASerialLdd1.o
 .group         0x00000000        0x8 ./Generated_Code/ASerialLdd1.o
 .group         0x00000000        0x8 ./Generated_Code/ASerialLdd1.o
 .group         0x00000000        0x8 ./Generated_Code/ASerialLdd1.o
 .group         0x00000000        0x8 ./Generated_Code/ASerialLdd1.o
 .group         0x00000000        0x8 ./Generated_Code/ASerialLdd1.o
 .group         0x00000000        0x8 ./Generated_Code/ASerialLdd1.o
 .group         0x00000000        0x8 ./Generated_Code/ASerialLdd1.o
 .text          0x00000000        0x0 ./Generated_Code/ASerialLdd1.o
 .data          0x00000000        0x0 ./Generated_Code/ASerialLdd1.o
 .bss           0x00000000        0x0 ./Generated_Code/ASerialLdd1.o
 .debug_macro   0x00000000      0x84a ./Generated_Code/ASerialLdd1.o
 .debug_macro   0x00000000       0x16 ./Generated_Code/ASerialLdd1.o
 .debug_macro   0x00000000       0x44 ./Generated_Code/ASerialLdd1.o
 .debug_macro   0x00000000      0x209 ./Generated_Code/ASerialLdd1.o
 .debug_macro   0x00000000     0x1679 ./Generated_Code/ASerialLdd1.o
 .debug_macro   0x00000000      0x14e ./Generated_Code/ASerialLdd1.o
 .debug_macro   0x00000000       0x6a ./Generated_Code/ASerialLdd1.o
 .debug_macro   0x00000000     0x9b9f ./Generated_Code/ASerialLdd1.o
 .debug_macro   0x00000000       0x94 ./Generated_Code/ASerialLdd1.o
 .debug_macro   0x00000000       0x94 ./Generated_Code/ASerialLdd1.o
 .group         0x00000000        0x8 ./Generated_Code/BluePWM.o
 .group         0x00000000        0x8 ./Generated_Code/BluePWM.o
 .group         0x00000000        0x8 ./Generated_Code/BluePWM.o
 .group         0x00000000        0x8 ./Generated_Code/BluePWM.o
 .group         0x00000000        0x8 ./Generated_Code/BluePWM.o
 .group         0x00000000        0x8 ./Generated_Code/BluePWM.o
 .group         0x00000000        0x8 ./Generated_Code/BluePWM.o
 .group         0x00000000        0x8 ./Generated_Code/BluePWM.o
 .group         0x00000000        0x8 ./Generated_Code/BluePWM.o
 .group         0x00000000        0x8 ./Generated_Code/BluePWM.o
 .group         0x00000000        0x8 ./Generated_Code/BluePWM.o
 .group         0x00000000        0x8 ./Generated_Code/BluePWM.o
 .group         0x00000000        0x8 ./Generated_Code/BluePWM.o
 .group         0x00000000        0x8 ./Generated_Code/BluePWM.o
 .text          0x00000000        0x0 ./Generated_Code/BluePWM.o
 .data          0x00000000        0x0 ./Generated_Code/BluePWM.o
 .bss           0x00000000        0x0 ./Generated_Code/BluePWM.o
 .debug_info    0x00000000       0x7d ./Generated_Code/BluePWM.o
 .debug_abbrev  0x00000000       0x29 ./Generated_Code/BluePWM.o
 .debug_aranges
                0x00000000       0x18 ./Generated_Code/BluePWM.o
 .debug_macro   0x00000000       0xc7 ./Generated_Code/BluePWM.o
 .debug_macro   0x00000000      0x84a ./Generated_Code/BluePWM.o
 .debug_macro   0x00000000       0x16 ./Generated_Code/BluePWM.o
 .debug_macro   0x00000000       0x44 ./Generated_Code/BluePWM.o
 .debug_macro   0x00000000      0x209 ./Generated_Code/BluePWM.o
 .debug_macro   0x00000000     0x1679 ./Generated_Code/BluePWM.o
 .debug_macro   0x00000000      0x14e ./Generated_Code/BluePWM.o
 .debug_macro   0x00000000       0x6a ./Generated_Code/BluePWM.o
 .debug_macro   0x00000000     0x9b9f ./Generated_Code/BluePWM.o
 .debug_macro   0x00000000       0x94 ./Generated_Code/BluePWM.o
 .debug_macro   0x00000000      0x6a0 ./Generated_Code/BluePWM.o
 .debug_macro   0x00000000       0x9a ./Generated_Code/BluePWM.o
 .debug_macro   0x00000000       0x82 ./Generated_Code/BluePWM.o
 .debug_macro   0x00000000       0x3f ./Generated_Code/BluePWM.o
 .debug_macro   0x00000000       0x2c ./Generated_Code/BluePWM.o
 .debug_line    0x00000000      0x26d ./Generated_Code/BluePWM.o
 .debug_str     0x00000000    0x48487 ./Generated_Code/BluePWM.o
 .comment       0x00000000       0x71 ./Generated_Code/BluePWM.o
 .ARM.attributes
                0x00000000       0x33 ./Generated_Code/BluePWM.o
 .group         0x00000000        0x8 ./Generated_Code/Cpu.o
 .group         0x00000000        0x8 ./Generated_Code/Cpu.o
 .group         0x00000000        0x8 ./Generated_Code/Cpu.o
 .group         0x00000000        0x8 ./Generated_Code/Cpu.o
 .group         0x00000000        0x8 ./Generated_Code/Cpu.o
 .group         0x00000000        0x8 ./Generated_Code/Cpu.o
 .group         0x00000000        0x8 ./Generated_Code/Cpu.o
 .group         0x00000000        0x8 ./Generated_Code/Cpu.o
 .group         0x00000000        0x8 ./Generated_Code/Cpu.o
 .group         0x00000000        0x8 ./Generated_Code/Cpu.o
 .group         0x00000000        0x8 ./Generated_Code/Cpu.o
 .group         0x00000000        0x8 ./Generated_Code/Cpu.o
 .group         0x00000000        0x8 ./Generated_Code/Cpu.o
 .group         0x00000000        0x8 ./Generated_Code/Cpu.o
 .group         0x00000000        0x8 ./Generated_Code/Cpu.o
 .group         0x00000000        0x8 ./Generated_Code/Cpu.o
 .group         0x00000000        0x8 ./Generated_Code/Cpu.o
 .group         0x00000000        0x8 ./Generated_Code/Cpu.o
 .group         0x00000000        0x8 ./Generated_Code/Cpu.o
 .group         0x00000000        0x8 ./Generated_Code/Cpu.o
 .text          0x00000000        0x0 ./Generated_Code/Cpu.o
 .data          0x00000000        0x0 ./Generated_Code/Cpu.o
 .bss           0x00000000        0x0 ./Generated_Code/Cpu.o
 .bss.SR_lock   0x00000000        0x1 ./Generated_Code/Cpu.o
 .debug_macro   0x00000000      0x84a ./Generated_Code/Cpu.o
 .debug_macro   0x00000000       0x16 ./Generated_Code/Cpu.o
 .debug_macro   0x00000000       0x44 ./Generated_Code/Cpu.o
 .debug_macro   0x00000000      0x209 ./Generated_Code/Cpu.o
 .debug_macro   0x00000000     0x1679 ./Generated_Code/Cpu.o
 .debug_macro   0x00000000      0x14e ./Generated_Code/Cpu.o
 .debug_macro   0x00000000       0x6a ./Generated_Code/Cpu.o
 .debug_macro   0x00000000     0x9b9f ./Generated_Code/Cpu.o
 .debug_macro   0x00000000       0x94 ./Generated_Code/Cpu.o
 .debug_macro   0x00000000      0x6a0 ./Generated_Code/Cpu.o
 .debug_macro   0x00000000       0x9a ./Generated_Code/Cpu.o
 .debug_macro   0x00000000       0x82 ./Generated_Code/Cpu.o
 .debug_macro   0x00000000       0x3f ./Generated_Code/Cpu.o
 .debug_macro   0x00000000       0x2c ./Generated_Code/Cpu.o
 .debug_macro   0x00000000       0x45 ./Generated_Code/Cpu.o
 .debug_macro   0x00000000       0x2c ./Generated_Code/Cpu.o
 .debug_macro   0x00000000       0x45 ./Generated_Code/Cpu.o
 .debug_macro   0x00000000       0x2c ./Generated_Code/Cpu.o
 .debug_macro   0x00000000       0x5e ./Generated_Code/Cpu.o
 .debug_macro   0x00000000       0x11 ./Generated_Code/Cpu.o
 COMMON         0x00000000        0x1 ./Generated_Code/Cpu.o
 .group         0x00000000        0x8 ./Generated_Code/GreenPWM.o
 .group         0x00000000        0x8 ./Generated_Code/GreenPWM.o
 .group         0x00000000        0x8 ./Generated_Code/GreenPWM.o
 .group         0x00000000        0x8 ./Generated_Code/GreenPWM.o
 .group         0x00000000        0x8 ./Generated_Code/GreenPWM.o
 .group         0x00000000        0x8 ./Generated_Code/GreenPWM.o
 .group         0x00000000        0x8 ./Generated_Code/GreenPWM.o
 .group         0x00000000        0x8 ./Generated_Code/GreenPWM.o
 .group         0x00000000        0x8 ./Generated_Code/GreenPWM.o
 .group         0x00000000        0x8 ./Generated_Code/GreenPWM.o
 .group         0x00000000        0x8 ./Generated_Code/GreenPWM.o
 .group         0x00000000        0x8 ./Generated_Code/GreenPWM.o
 .group         0x00000000        0x8 ./Generated_Code/GreenPWM.o
 .group         0x00000000        0x8 ./Generated_Code/GreenPWM.o
 .text          0x00000000        0x0 ./Generated_Code/GreenPWM.o
 .data          0x00000000        0x0 ./Generated_Code/GreenPWM.o
 .bss           0x00000000        0x0 ./Generated_Code/GreenPWM.o
 .debug_info    0x00000000       0x7d ./Generated_Code/GreenPWM.o
 .debug_abbrev  0x00000000       0x29 ./Generated_Code/GreenPWM.o
 .debug_aranges
                0x00000000       0x18 ./Generated_Code/GreenPWM.o
 .debug_macro   0x00000000       0xc7 ./Generated_Code/GreenPWM.o
 .debug_macro   0x00000000      0x84a ./Generated_Code/GreenPWM.o
 .debug_macro   0x00000000       0x16 ./Generated_Code/GreenPWM.o
 .debug_macro   0x00000000       0x44 ./Generated_Code/GreenPWM.o
 .debug_macro   0x00000000      0x209 ./Generated_Code/GreenPWM.o
 .debug_macro   0x00000000     0x1679 ./Generated_Code/GreenPWM.o
 .debug_macro   0x00000000      0x14e ./Generated_Code/GreenPWM.o
 .debug_macro   0x00000000       0x6a ./Generated_Code/GreenPWM.o
 .debug_macro   0x00000000     0x9b9f ./Generated_Code/GreenPWM.o
 .debug_macro   0x00000000       0x94 ./Generated_Code/GreenPWM.o
 .debug_macro   0x00000000      0x6a0 ./Generated_Code/GreenPWM.o
 .debug_macro   0x00000000       0x9a ./Generated_Code/GreenPWM.o
 .debug_macro   0x00000000       0x82 ./Generated_Code/GreenPWM.o
 .debug_macro   0x00000000       0x3f ./Generated_Code/GreenPWM.o
 .debug_macro   0x00000000       0x2c ./Generated_Code/GreenPWM.o
 .debug_line    0x00000000      0x26f ./Generated_Code/GreenPWM.o
 .debug_str     0x00000000    0x4848f ./Generated_Code/GreenPWM.o
 .comment       0x00000000       0x71 ./Generated_Code/GreenPWM.o
 .ARM.attributes
                0x00000000       0x33 ./Generated_Code/GreenPWM.o
 .group         0x00000000        0x8 ./Generated_Code/Inhr1.o
 .group         0x00000000        0x8 ./Generated_Code/Inhr1.o
 .group         0x00000000        0x8 ./Generated_Code/Inhr1.o
 .group         0x00000000        0x8 ./Generated_Code/Inhr1.o
 .group         0x00000000        0x8 ./Generated_Code/Inhr1.o
 .group         0x00000000        0x8 ./Generated_Code/Inhr1.o
 .group         0x00000000        0x8 ./Generated_Code/Inhr1.o
 .group         0x00000000        0x8 ./Generated_Code/Inhr1.o
 .group         0x00000000        0x8 ./Generated_Code/Inhr1.o
 .group         0x00000000        0x8 ./Generated_Code/Inhr1.o
 .group         0x00000000        0x8 ./Generated_Code/Inhr1.o
 .text          0x00000000        0x0 ./Generated_Code/Inhr1.o
 .data          0x00000000        0x0 ./Generated_Code/Inhr1.o
 .bss           0x00000000        0x0 ./Generated_Code/Inhr1.o
 .text.Inhr1_GetCharsInRxBuf
                0x00000000       0x24 ./Generated_Code/Inhr1.o
 .debug_macro   0x00000000      0x84a ./Generated_Code/Inhr1.o
 .debug_macro   0x00000000       0x16 ./Generated_Code/Inhr1.o
 .debug_macro   0x00000000       0x44 ./Generated_Code/Inhr1.o
 .debug_macro   0x00000000      0x209 ./Generated_Code/Inhr1.o
 .debug_macro   0x00000000     0x1679 ./Generated_Code/Inhr1.o
 .debug_macro   0x00000000      0x14e ./Generated_Code/Inhr1.o
 .debug_macro   0x00000000       0x6a ./Generated_Code/Inhr1.o
 .debug_macro   0x00000000     0x9b9f ./Generated_Code/Inhr1.o
 .debug_macro   0x00000000       0x94 ./Generated_Code/Inhr1.o
 .debug_macro   0x00000000       0x58 ./Generated_Code/Inhr1.o
 .debug_macro   0x00000000       0x11 ./Generated_Code/Inhr1.o
 .group         0x00000000        0x8 ./Generated_Code/PE_LDD.o
 .group         0x00000000        0x8 ./Generated_Code/PE_LDD.o
 .group         0x00000000        0x8 ./Generated_Code/PE_LDD.o
 .group         0x00000000        0x8 ./Generated_Code/PE_LDD.o
 .group         0x00000000        0x8 ./Generated_Code/PE_LDD.o
 .group         0x00000000        0x8 ./Generated_Code/PE_LDD.o
 .group         0x00000000        0x8 ./Generated_Code/PE_LDD.o
 .group         0x00000000        0x8 ./Generated_Code/PE_LDD.o
 .group         0x00000000        0x8 ./Generated_Code/PE_LDD.o
 .group         0x00000000        0x8 ./Generated_Code/PE_LDD.o
 .group         0x00000000        0x8 ./Generated_Code/PE_LDD.o
 .group         0x00000000        0x8 ./Generated_Code/PE_LDD.o
 .group         0x00000000        0x8 ./Generated_Code/PE_LDD.o
 .group         0x00000000        0x8 ./Generated_Code/PE_LDD.o
 .group         0x00000000        0x8 ./Generated_Code/PE_LDD.o
 .group         0x00000000        0x8 ./Generated_Code/PE_LDD.o
 .group         0x00000000        0x8 ./Generated_Code/PE_LDD.o
 .group         0x00000000        0x8 ./Generated_Code/PE_LDD.o
 .group         0x00000000        0x8 ./Generated_Code/PE_LDD.o
 .group         0x00000000        0x8 ./Generated_Code/PE_LDD.o
 .text          0x00000000        0x0 ./Generated_Code/PE_LDD.o
 .data          0x00000000        0x0 ./Generated_Code/PE_LDD.o
 .bss           0x00000000        0x0 ./Generated_Code/PE_LDD.o
 .rodata.PE_CpuClockConfigurations
                0x00000000       0x28 ./Generated_Code/PE_LDD.o
 .text.PE_FillMemory
                0x00000000       0x24 ./Generated_Code/PE_LDD.o
 .text.PE_PeripheralUsed
                0x00000000       0x38 ./Generated_Code/PE_LDD.o
 .text.LDD_SetClockConfiguration
                0x00000000       0x14 ./Generated_Code/PE_LDD.o
 .debug_macro   0x00000000      0x84a ./Generated_Code/PE_LDD.o
 .debug_macro   0x00000000       0x16 ./Generated_Code/PE_LDD.o
 .debug_macro   0x00000000       0x44 ./Generated_Code/PE_LDD.o
 .debug_macro   0x00000000      0x209 ./Generated_Code/PE_LDD.o
 .debug_macro   0x00000000     0x1679 ./Generated_Code/PE_LDD.o
 .debug_macro   0x00000000      0x14e ./Generated_Code/PE_LDD.o
 .debug_macro   0x00000000       0x6a ./Generated_Code/PE_LDD.o
 .debug_macro   0x00000000     0x9b9f ./Generated_Code/PE_LDD.o
 .debug_macro   0x00000000       0x94 ./Generated_Code/PE_LDD.o
 .debug_macro   0x00000000      0x6a0 ./Generated_Code/PE_LDD.o
 .debug_macro   0x00000000       0x9a ./Generated_Code/PE_LDD.o
 .debug_macro   0x00000000       0x82 ./Generated_Code/PE_LDD.o
 .debug_macro   0x00000000       0x3f ./Generated_Code/PE_LDD.o
 .debug_macro   0x00000000       0x2c ./Generated_Code/PE_LDD.o
 .debug_macro   0x00000000       0x45 ./Generated_Code/PE_LDD.o
 .debug_macro   0x00000000       0x2c ./Generated_Code/PE_LDD.o
 .debug_macro   0x00000000       0x45 ./Generated_Code/PE_LDD.o
 .debug_macro   0x00000000       0x2c ./Generated_Code/PE_LDD.o
 .debug_macro   0x00000000       0x5e ./Generated_Code/PE_LDD.o
 .debug_macro   0x00000000       0x11 ./Generated_Code/PE_LDD.o
 .group         0x00000000        0x8 ./Generated_Code/PwmLdd1.o
 .group         0x00000000        0x8 ./Generated_Code/PwmLdd1.o
 .group         0x00000000        0x8 ./Generated_Code/PwmLdd1.o
 .group         0x00000000        0x8 ./Generated_Code/PwmLdd1.o
 .group         0x00000000        0x8 ./Generated_Code/PwmLdd1.o
 .group         0x00000000        0x8 ./Generated_Code/PwmLdd1.o
 .group         0x00000000        0x8 ./Generated_Code/PwmLdd1.o
 .group         0x00000000        0x8 ./Generated_Code/PwmLdd1.o
 .group         0x00000000        0x8 ./Generated_Code/PwmLdd1.o
 .group         0x00000000        0x8 ./Generated_Code/PwmLdd1.o
 .group         0x00000000        0x8 ./Generated_Code/PwmLdd1.o
 .group         0x00000000        0x8 ./Generated_Code/PwmLdd1.o
 .group         0x00000000        0x8 ./Generated_Code/PwmLdd1.o
 .text          0x00000000        0x0 ./Generated_Code/PwmLdd1.o
 .data          0x00000000        0x0 ./Generated_Code/PwmLdd1.o
 .bss           0x00000000        0x0 ./Generated_Code/PwmLdd1.o
 .text.PwmLdd1_SetRatio16
                0x00000000       0x28 ./Generated_Code/PwmLdd1.o
 .text.PwmLdd1_SetDutyUS
                0x00000000       0x74 ./Generated_Code/PwmLdd1.o
 .text.PwmLdd1_SetDutyMS
                0x00000000       0x70 ./Generated_Code/PwmLdd1.o
 .debug_macro   0x00000000      0x84a ./Generated_Code/PwmLdd1.o
 .debug_macro   0x00000000       0x16 ./Generated_Code/PwmLdd1.o
 .debug_macro   0x00000000       0x44 ./Generated_Code/PwmLdd1.o
 .debug_macro   0x00000000      0x209 ./Generated_Code/PwmLdd1.o
 .debug_macro   0x00000000     0x1679 ./Generated_Code/PwmLdd1.o
 .debug_macro   0x00000000      0x14e ./Generated_Code/PwmLdd1.o
 .debug_macro   0x00000000       0x6a ./Generated_Code/PwmLdd1.o
 .debug_macro   0x00000000     0x9b9f ./Generated_Code/PwmLdd1.o
 .debug_macro   0x00000000       0x94 ./Generated_Code/PwmLdd1.o
 .debug_macro   0x00000000      0x6a0 ./Generated_Code/PwmLdd1.o
 .debug_macro   0x00000000       0x9a ./Generated_Code/PwmLdd1.o
 .debug_macro   0x00000000       0x82 ./Generated_Code/PwmLdd1.o
 .debug_macro   0x00000000       0x3f ./Generated_Code/PwmLdd1.o
 .group         0x00000000        0x8 ./Generated_Code/PwmLdd2.o
 .group         0x00000000        0x8 ./Generated_Code/PwmLdd2.o
 .group         0x00000000        0x8 ./Generated_Code/PwmLdd2.o
 .group         0x00000000        0x8 ./Generated_Code/PwmLdd2.o
 .group         0x00000000        0x8 ./Generated_Code/PwmLdd2.o
 .group         0x00000000        0x8 ./Generated_Code/PwmLdd2.o
 .group         0x00000000        0x8 ./Generated_Code/PwmLdd2.o
 .group         0x00000000        0x8 ./Generated_Code/PwmLdd2.o
 .group         0x00000000        0x8 ./Generated_Code/PwmLdd2.o
 .group         0x00000000        0x8 ./Generated_Code/PwmLdd2.o
 .group         0x00000000        0x8 ./Generated_Code/PwmLdd2.o
 .group         0x00000000        0x8 ./Generated_Code/PwmLdd2.o
 .group         0x00000000        0x8 ./Generated_Code/PwmLdd2.o
 .text          0x00000000        0x0 ./Generated_Code/PwmLdd2.o
 .data          0x00000000        0x0 ./Generated_Code/PwmLdd2.o
 .bss           0x00000000        0x0 ./Generated_Code/PwmLdd2.o
 .text.PwmLdd2_SetRatio16
                0x00000000       0x28 ./Generated_Code/PwmLdd2.o
 .text.PwmLdd2_SetDutyUS
                0x00000000       0x74 ./Generated_Code/PwmLdd2.o
 .text.PwmLdd2_SetDutyMS
                0x00000000       0x70 ./Generated_Code/PwmLdd2.o
 .debug_macro   0x00000000      0x84a ./Generated_Code/PwmLdd2.o
 .debug_macro   0x00000000       0x16 ./Generated_Code/PwmLdd2.o
 .debug_macro   0x00000000       0x44 ./Generated_Code/PwmLdd2.o
 .debug_macro   0x00000000      0x209 ./Generated_Code/PwmLdd2.o
 .debug_macro   0x00000000     0x1679 ./Generated_Code/PwmLdd2.o
 .debug_macro   0x00000000      0x14e ./Generated_Code/PwmLdd2.o
 .debug_macro   0x00000000       0x6a ./Generated_Code/PwmLdd2.o
 .debug_macro   0x00000000     0x9b9f ./Generated_Code/PwmLdd2.o
 .debug_macro   0x00000000       0x94 ./Generated_Code/PwmLdd2.o
 .debug_macro   0x00000000      0x6a0 ./Generated_Code/PwmLdd2.o
 .debug_macro   0x00000000       0x9a ./Generated_Code/PwmLdd2.o
 .debug_macro   0x00000000       0x82 ./Generated_Code/PwmLdd2.o
 .debug_macro   0x00000000       0x3f ./Generated_Code/PwmLdd2.o
 .group         0x00000000        0x8 ./Generated_Code/PwmLdd3.o
 .group         0x00000000        0x8 ./Generated_Code/PwmLdd3.o
 .group         0x00000000        0x8 ./Generated_Code/PwmLdd3.o
 .group         0x00000000        0x8 ./Generated_Code/PwmLdd3.o
 .group         0x00000000        0x8 ./Generated_Code/PwmLdd3.o
 .group         0x00000000        0x8 ./Generated_Code/PwmLdd3.o
 .group         0x00000000        0x8 ./Generated_Code/PwmLdd3.o
 .group         0x00000000        0x8 ./Generated_Code/PwmLdd3.o
 .group         0x00000000        0x8 ./Generated_Code/PwmLdd3.o
 .group         0x00000000        0x8 ./Generated_Code/PwmLdd3.o
 .group         0x00000000        0x8 ./Generated_Code/PwmLdd3.o
 .group         0x00000000        0x8 ./Generated_Code/PwmLdd3.o
 .group         0x00000000        0x8 ./Generated_Code/PwmLdd3.o
 .text          0x00000000        0x0 ./Generated_Code/PwmLdd3.o
 .data          0x00000000        0x0 ./Generated_Code/PwmLdd3.o
 .bss           0x00000000        0x0 ./Generated_Code/PwmLdd3.o
 .text.PwmLdd3_SetRatio16
                0x00000000       0x28 ./Generated_Code/PwmLdd3.o
 .text.PwmLdd3_SetDutyUS
                0x00000000       0x74 ./Generated_Code/PwmLdd3.o
 .text.PwmLdd3_SetDutyMS
                0x00000000       0x70 ./Generated_Code/PwmLdd3.o
 .debug_macro   0x00000000      0x84a ./Generated_Code/PwmLdd3.o
 .debug_macro   0x00000000       0x16 ./Generated_Code/PwmLdd3.o
 .debug_macro   0x00000000       0x44 ./Generated_Code/PwmLdd3.o
 .debug_macro   0x00000000      0x209 ./Generated_Code/PwmLdd3.o
 .debug_macro   0x00000000     0x1679 ./Generated_Code/PwmLdd3.o
 .debug_macro   0x00000000      0x14e ./Generated_Code/PwmLdd3.o
 .debug_macro   0x00000000       0x6a ./Generated_Code/PwmLdd3.o
 .debug_macro   0x00000000     0x9b9f ./Generated_Code/PwmLdd3.o
 .debug_macro   0x00000000       0x94 ./Generated_Code/PwmLdd3.o
 .debug_macro   0x00000000      0x6a0 ./Generated_Code/PwmLdd3.o
 .debug_macro   0x00000000       0x9a ./Generated_Code/PwmLdd3.o
 .debug_macro   0x00000000       0x82 ./Generated_Code/PwmLdd3.o
 .debug_macro   0x00000000       0x3f ./Generated_Code/PwmLdd3.o
 .group         0x00000000        0x8 ./Generated_Code/RedPWM.o
 .group         0x00000000        0x8 ./Generated_Code/RedPWM.o
 .group         0x00000000        0x8 ./Generated_Code/RedPWM.o
 .group         0x00000000        0x8 ./Generated_Code/RedPWM.o
 .group         0x00000000        0x8 ./Generated_Code/RedPWM.o
 .group         0x00000000        0x8 ./Generated_Code/RedPWM.o
 .group         0x00000000        0x8 ./Generated_Code/RedPWM.o
 .group         0x00000000        0x8 ./Generated_Code/RedPWM.o
 .group         0x00000000        0x8 ./Generated_Code/RedPWM.o
 .group         0x00000000        0x8 ./Generated_Code/RedPWM.o
 .group         0x00000000        0x8 ./Generated_Code/RedPWM.o
 .group         0x00000000        0x8 ./Generated_Code/RedPWM.o
 .group         0x00000000        0x8 ./Generated_Code/RedPWM.o
 .group         0x00000000        0x8 ./Generated_Code/RedPWM.o
 .text          0x00000000        0x0 ./Generated_Code/RedPWM.o
 .data          0x00000000        0x0 ./Generated_Code/RedPWM.o
 .bss           0x00000000        0x0 ./Generated_Code/RedPWM.o
 .debug_info    0x00000000       0x7d ./Generated_Code/RedPWM.o
 .debug_abbrev  0x00000000       0x29 ./Generated_Code/RedPWM.o
 .debug_aranges
                0x00000000       0x18 ./Generated_Code/RedPWM.o
 .debug_macro   0x00000000       0xc7 ./Generated_Code/RedPWM.o
 .debug_macro   0x00000000      0x84a ./Generated_Code/RedPWM.o
 .debug_macro   0x00000000       0x16 ./Generated_Code/RedPWM.o
 .debug_macro   0x00000000       0x44 ./Generated_Code/RedPWM.o
 .debug_macro   0x00000000      0x209 ./Generated_Code/RedPWM.o
 .debug_macro   0x00000000     0x1679 ./Generated_Code/RedPWM.o
 .debug_macro   0x00000000      0x14e ./Generated_Code/RedPWM.o
 .debug_macro   0x00000000       0x6a ./Generated_Code/RedPWM.o
 .debug_macro   0x00000000     0x9b9f ./Generated_Code/RedPWM.o
 .debug_macro   0x00000000       0x94 ./Generated_Code/RedPWM.o
 .debug_macro   0x00000000      0x6a0 ./Generated_Code/RedPWM.o
 .debug_macro   0x00000000       0x9a ./Generated_Code/RedPWM.o
 .debug_macro   0x00000000       0x82 ./Generated_Code/RedPWM.o
 .debug_macro   0x00000000       0x3f ./Generated_Code/RedPWM.o
 .debug_macro   0x00000000       0x2c ./Generated_Code/RedPWM.o
 .debug_line    0x00000000      0x26b ./Generated_Code/RedPWM.o
 .debug_str     0x00000000    0x4847f ./Generated_Code/RedPWM.o
 .comment       0x00000000       0x71 ./Generated_Code/RedPWM.o
 .ARM.attributes
                0x00000000       0x33 ./Generated_Code/RedPWM.o
 .group         0x00000000        0x8 ./Generated_Code/TU1.o
 .group         0x00000000        0x8 ./Generated_Code/TU1.o
 .group         0x00000000        0x8 ./Generated_Code/TU1.o
 .group         0x00000000        0x8 ./Generated_Code/TU1.o
 .group         0x00000000        0x8 ./Generated_Code/TU1.o
 .group         0x00000000        0x8 ./Generated_Code/TU1.o
 .group         0x00000000        0x8 ./Generated_Code/TU1.o
 .group         0x00000000        0x8 ./Generated_Code/TU1.o
 .group         0x00000000        0x8 ./Generated_Code/TU1.o
 .group         0x00000000        0x8 ./Generated_Code/TU1.o
 .group         0x00000000        0x8 ./Generated_Code/TU1.o
 .group         0x00000000        0x8 ./Generated_Code/TU1.o
 .text          0x00000000        0x0 ./Generated_Code/TU1.o
 .data          0x00000000        0x0 ./Generated_Code/TU1.o
 .bss           0x00000000        0x0 ./Generated_Code/TU1.o
 .text.TU1_GetCounterValue
                0x00000000       0x20 ./Generated_Code/TU1.o
 .text.TU1_GetOffsetTicks
                0x00000000       0x58 ./Generated_Code/TU1.o
 .text.TU1_SelectOutputAction
                0x00000000      0x210 ./Generated_Code/TU1.o
 .debug_macro   0x00000000      0x84a ./Generated_Code/TU1.o
 .debug_macro   0x00000000       0x16 ./Generated_Code/TU1.o
 .debug_macro   0x00000000       0x44 ./Generated_Code/TU1.o
 .debug_macro   0x00000000      0x209 ./Generated_Code/TU1.o
 .debug_macro   0x00000000     0x1679 ./Generated_Code/TU1.o
 .debug_macro   0x00000000      0x14e ./Generated_Code/TU1.o
 .debug_macro   0x00000000       0x6a ./Generated_Code/TU1.o
 .debug_macro   0x00000000     0x9b9f ./Generated_Code/TU1.o
 .debug_macro   0x00000000       0x94 ./Generated_Code/TU1.o
 .debug_macro   0x00000000      0x6a0 ./Generated_Code/TU1.o
 .debug_macro   0x00000000       0x9a ./Generated_Code/TU1.o
 .debug_macro   0x00000000       0x82 ./Generated_Code/TU1.o
 .group         0x00000000        0x8 ./Generated_Code/Term1.o
 .group         0x00000000        0x8 ./Generated_Code/Term1.o
 .group         0x00000000        0x8 ./Generated_Code/Term1.o
 .group         0x00000000        0x8 ./Generated_Code/Term1.o
 .group         0x00000000        0x8 ./Generated_Code/Term1.o
 .group         0x00000000        0x8 ./Generated_Code/Term1.o
 .group         0x00000000        0x8 ./Generated_Code/Term1.o
 .group         0x00000000        0x8 ./Generated_Code/Term1.o
 .group         0x00000000        0x8 ./Generated_Code/Term1.o
 .group         0x00000000        0x8 ./Generated_Code/Term1.o
 .group         0x00000000        0x8 ./Generated_Code/Term1.o
 .text          0x00000000        0x0 ./Generated_Code/Term1.o
 .data          0x00000000        0x0 ./Generated_Code/Term1.o
 .bss           0x00000000        0x0 ./Generated_Code/Term1.o
 .text.Term1_SendChar
                0x00000000       0x20 ./Generated_Code/Term1.o
 .text.SendESCPrefix
                0x00000000       0x24 ./Generated_Code/Term1.o
 .text.Term1_KeyPressed
                0x00000000       0x1c ./Generated_Code/Term1.o
 .text.Term1_CRLF
                0x00000000       0x24 ./Generated_Code/Term1.o
 .text.LongToStr
                0x00000000       0xf4 ./Generated_Code/Term1.o
 .text.Term1_SendNum
                0x00000000       0x54 ./Generated_Code/Term1.o
 .text.Term1_Cls
                0x00000000       0x28 ./Generated_Code/Term1.o
 .text.Term1_MoveTo
                0x00000000       0x44 ./Generated_Code/Term1.o
 .debug_macro   0x00000000      0x84a ./Generated_Code/Term1.o
 .debug_macro   0x00000000       0x16 ./Generated_Code/Term1.o
 .debug_macro   0x00000000       0x44 ./Generated_Code/Term1.o
 .debug_macro   0x00000000      0x209 ./Generated_Code/Term1.o
 .debug_macro   0x00000000     0x1679 ./Generated_Code/Term1.o
 .debug_macro   0x00000000      0x14e ./Generated_Code/Term1.o
 .debug_macro   0x00000000       0x6a ./Generated_Code/Term1.o
 .debug_macro   0x00000000     0x9b9f ./Generated_Code/Term1.o
 .debug_macro   0x00000000       0x9a ./Generated_Code/Term1.o
 .debug_macro   0x00000000       0x5e ./Generated_Code/Term1.o
 .debug_macro   0x00000000       0x11 ./Generated_Code/Term1.o
 .group         0x00000000        0x8 ./Generated_Code/Vectors.o
 .group         0x00000000        0x8 ./Generated_Code/Vectors.o
 .group         0x00000000        0x8 ./Generated_Code/Vectors.o
 .group         0x00000000        0x8 ./Generated_Code/Vectors.o
 .group         0x00000000        0x8 ./Generated_Code/Vectors.o
 .group         0x00000000        0x8 ./Generated_Code/Vectors.o
 .group         0x00000000        0x8 ./Generated_Code/Vectors.o
 .group         0x00000000        0x8 ./Generated_Code/Vectors.o
 .group         0x00000000        0x8 ./Generated_Code/Vectors.o
 .group         0x00000000        0x8 ./Generated_Code/Vectors.o
 .group         0x00000000        0x8 ./Generated_Code/Vectors.o
 .group         0x00000000        0x8 ./Generated_Code/Vectors.o
 .group         0x00000000        0x8 ./Generated_Code/Vectors.o
 .group         0x00000000        0x8 ./Generated_Code/Vectors.o
 .group         0x00000000        0x8 ./Generated_Code/Vectors.o
 .group         0x00000000        0x8 ./Generated_Code/Vectors.o
 .group         0x00000000        0x8 ./Generated_Code/Vectors.o
 .group         0x00000000        0x8 ./Generated_Code/Vectors.o
 .group         0x00000000        0x8 ./Generated_Code/Vectors.o
 .group         0x00000000        0x8 ./Generated_Code/Vectors.o
 .text          0x00000000        0x0 ./Generated_Code/Vectors.o
 .data          0x00000000        0x0 ./Generated_Code/Vectors.o
 .bss           0x00000000        0x0 ./Generated_Code/Vectors.o
 .debug_macro   0x00000000      0x84a ./Generated_Code/Vectors.o
 .debug_macro   0x00000000       0x16 ./Generated_Code/Vectors.o
 .debug_macro   0x00000000       0x44 ./Generated_Code/Vectors.o
 .debug_macro   0x00000000      0x209 ./Generated_Code/Vectors.o
 .debug_macro   0x00000000     0x1679 ./Generated_Code/Vectors.o
 .debug_macro   0x00000000      0x14e ./Generated_Code/Vectors.o
 .debug_macro   0x00000000       0x6a ./Generated_Code/Vectors.o
 .debug_macro   0x00000000     0x9b9f ./Generated_Code/Vectors.o
 .debug_macro   0x00000000       0x94 ./Generated_Code/Vectors.o
 .debug_macro   0x00000000       0x94 ./Generated_Code/Vectors.o
 .debug_macro   0x00000000      0x6a0 ./Generated_Code/Vectors.o
 .debug_macro   0x00000000       0x82 ./Generated_Code/Vectors.o
 .debug_macro   0x00000000       0x3f ./Generated_Code/Vectors.o
 .debug_macro   0x00000000       0x2c ./Generated_Code/Vectors.o
 .debug_macro   0x00000000       0x45 ./Generated_Code/Vectors.o
 .debug_macro   0x00000000       0x2c ./Generated_Code/Vectors.o
 .debug_macro   0x00000000       0x45 ./Generated_Code/Vectors.o
 .debug_macro   0x00000000       0x2c ./Generated_Code/Vectors.o
 .debug_macro   0x00000000       0x5e ./Generated_Code/Vectors.o
 .debug_macro   0x00000000       0x11 ./Generated_Code/Vectors.o
 .text          0x00000000      0x21c c:/freescale/kds_3.0.0/toolchain/bin/../lib/gcc/arm-none-eabi/4.8.4/armv7e-m\libgcc.a(_arm_addsubsf3.o)
 .data          0x00000000        0x0 c:/freescale/kds_3.0.0/toolchain/bin/../lib/gcc/arm-none-eabi/4.8.4/armv7e-m\libgcc.a(_arm_addsubsf3.o)
 .bss           0x00000000        0x0 c:/freescale/kds_3.0.0/toolchain/bin/../lib/gcc/arm-none-eabi/4.8.4/armv7e-m\libgcc.a(_arm_addsubsf3.o)
 .ARM.attributes
                0x00000000       0x1e c:/freescale/kds_3.0.0/toolchain/bin/../lib/gcc/arm-none-eabi/4.8.4/armv7e-m\libgcc.a(_arm_addsubsf3.o)
 .text          0x00000000      0x2a0 c:/freescale/kds_3.0.0/toolchain/bin/../lib/gcc/arm-none-eabi/4.8.4/armv7e-m\libgcc.a(_arm_muldivsf3.o)
 .data          0x00000000        0x0 c:/freescale/kds_3.0.0/toolchain/bin/../lib/gcc/arm-none-eabi/4.8.4/armv7e-m\libgcc.a(_arm_muldivsf3.o)
 .bss           0x00000000        0x0 c:/freescale/kds_3.0.0/toolchain/bin/../lib/gcc/arm-none-eabi/4.8.4/armv7e-m\libgcc.a(_arm_muldivsf3.o)
 .ARM.attributes
                0x00000000       0x1e c:/freescale/kds_3.0.0/toolchain/bin/../lib/gcc/arm-none-eabi/4.8.4/armv7e-m\libgcc.a(_arm_muldivsf3.o)
 .text          0x00000000       0xec c:/freescale/kds_3.0.0/toolchain/bin/../lib/gcc/arm-none-eabi/4.8.4/armv7e-m\libgcc.a(_arm_cmpsf2.o)
 .data          0x00000000        0x0 c:/freescale/kds_3.0.0/toolchain/bin/../lib/gcc/arm-none-eabi/4.8.4/armv7e-m\libgcc.a(_arm_cmpsf2.o)
 .bss           0x00000000        0x0 c:/freescale/kds_3.0.0/toolchain/bin/../lib/gcc/arm-none-eabi/4.8.4/armv7e-m\libgcc.a(_arm_cmpsf2.o)
 .ARM.attributes
                0x00000000       0x1e c:/freescale/kds_3.0.0/toolchain/bin/../lib/gcc/arm-none-eabi/4.8.4/armv7e-m\libgcc.a(_arm_cmpsf2.o)
 .text          0x00000000       0x40 c:/freescale/kds_3.0.0/toolchain/bin/../lib/gcc/arm-none-eabi/4.8.4/armv7e-m\libgcc.a(_arm_fixunssfsi.o)
 .data          0x00000000        0x0 c:/freescale/kds_3.0.0/toolchain/bin/../lib/gcc/arm-none-eabi/4.8.4/armv7e-m\libgcc.a(_arm_fixunssfsi.o)
 .bss           0x00000000        0x0 c:/freescale/kds_3.0.0/toolchain/bin/../lib/gcc/arm-none-eabi/4.8.4/armv7e-m\libgcc.a(_arm_fixunssfsi.o)
 .ARM.attributes
                0x00000000       0x1e c:/freescale/kds_3.0.0/toolchain/bin/../lib/gcc/arm-none-eabi/4.8.4/armv7e-m\libgcc.a(_arm_fixunssfsi.o)
 .text          0x00000000        0x0 c:/freescale/kds_3.0.0/toolchain/bin/../lib/gcc/arm-none-eabi/4.8.4/../../../../arm-none-eabi/lib/armv7e-m\libg_s.a(lib_a-exit.o)
 .data          0x00000000        0x0 c:/freescale/kds_3.0.0/toolchain/bin/../lib/gcc/arm-none-eabi/4.8.4/../../../../arm-none-eabi/lib/armv7e-m\libg_s.a(lib_a-exit.o)
 .bss           0x00000000        0x0 c:/freescale/kds_3.0.0/toolchain/bin/../lib/gcc/arm-none-eabi/4.8.4/../../../../arm-none-eabi/lib/armv7e-m\libg_s.a(lib_a-exit.o)
 .text          0x00000000        0x0 c:/freescale/kds_3.0.0/toolchain/bin/../lib/gcc/arm-none-eabi/4.8.4/../../../../arm-none-eabi/lib/armv7e-m\libg_s.a(lib_a-impure.o)
 .data          0x00000000        0x0 c:/freescale/kds_3.0.0/toolchain/bin/../lib/gcc/arm-none-eabi/4.8.4/../../../../arm-none-eabi/lib/armv7e-m\libg_s.a(lib_a-impure.o)
 .bss           0x00000000        0x0 c:/freescale/kds_3.0.0/toolchain/bin/../lib/gcc/arm-none-eabi/4.8.4/../../../../arm-none-eabi/lib/armv7e-m\libg_s.a(lib_a-impure.o)
 .data._impure_ptr
                0x00000000        0x4 c:/freescale/kds_3.0.0/toolchain/bin/../lib/gcc/arm-none-eabi/4.8.4/../../../../arm-none-eabi/lib/armv7e-m\libg_s.a(lib_a-impure.o)
 .text          0x00000000        0x0 c:/freescale/kds_3.0.0/toolchain/bin/../lib/gcc/arm-none-eabi/4.8.4/../../../../arm-none-eabi/lib/armv7e-m\libg_s.a(lib_a-init.o)
 .data          0x00000000        0x0 c:/freescale/kds_3.0.0/toolchain/bin/../lib/gcc/arm-none-eabi/4.8.4/../../../../arm-none-eabi/lib/armv7e-m\libg_s.a(lib_a-init.o)
 .bss           0x00000000        0x0 c:/freescale/kds_3.0.0/toolchain/bin/../lib/gcc/arm-none-eabi/4.8.4/../../../../arm-none-eabi/lib/armv7e-m\libg_s.a(lib_a-init.o)
 .text          0x00000000        0x0 c:/freescale/kds_3.0.0/toolchain/bin/../lib/gcc/arm-none-eabi/4.8.4/../../../../arm-none-eabi/lib/armv7e-m\libg_s.a(lib_a-memset.o)
 .data          0x00000000        0x0 c:/freescale/kds_3.0.0/toolchain/bin/../lib/gcc/arm-none-eabi/4.8.4/../../../../arm-none-eabi/lib/armv7e-m\libg_s.a(lib_a-memset.o)
 .bss           0x00000000        0x0 c:/freescale/kds_3.0.0/toolchain/bin/../lib/gcc/arm-none-eabi/4.8.4/../../../../arm-none-eabi/lib/armv7e-m\libg_s.a(lib_a-memset.o)
 .text          0x00000000        0x0 c:/freescale/kds_3.0.0/toolchain/bin/../lib/gcc/arm-none-eabi/4.8.4/../../../../arm-none-eabi/lib/armv7e-m\libnosys.a(_exit.o)
 .data          0x00000000        0x0 c:/freescale/kds_3.0.0/toolchain/bin/../lib/gcc/arm-none-eabi/4.8.4/../../../../arm-none-eabi/lib/armv7e-m\libnosys.a(_exit.o)
 .bss           0x00000000        0x0 c:/freescale/kds_3.0.0/toolchain/bin/../lib/gcc/arm-none-eabi/4.8.4/../../../../arm-none-eabi/lib/armv7e-m\libnosys.a(_exit.o)
 .text          0x00000000        0x0 c:/freescale/kds_3.0.0/toolchain/bin/../lib/gcc/arm-none-eabi/4.8.4/armv7e-m/crtend.o
 .data          0x00000000        0x0 c:/freescale/kds_3.0.0/toolchain/bin/../lib/gcc/arm-none-eabi/4.8.4/armv7e-m/crtend.o
 .bss           0x00000000        0x0 c:/freescale/kds_3.0.0/toolchain/bin/../lib/gcc/arm-none-eabi/4.8.4/armv7e-m/crtend.o
 .eh_frame      0x00000000        0x4 c:/freescale/kds_3.0.0/toolchain/bin/../lib/gcc/arm-none-eabi/4.8.4/armv7e-m/crtend.o
 .jcr           0x00000000        0x4 c:/freescale/kds_3.0.0/toolchain/bin/../lib/gcc/arm-none-eabi/4.8.4/armv7e-m/crtend.o
 .ARM.attributes
                0x00000000       0x2e c:/freescale/kds_3.0.0/toolchain/bin/../lib/gcc/arm-none-eabi/4.8.4/armv7e-m/crtend.o
 .text          0x00000000        0x0 c:/freescale/kds_3.0.0/toolchain/bin/../lib/gcc/arm-none-eabi/4.8.4/armv7e-m/crtn.o
 .data          0x00000000        0x0 c:/freescale/kds_3.0.0/toolchain/bin/../lib/gcc/arm-none-eabi/4.8.4/armv7e-m/crtn.o
 .bss           0x00000000        0x0 c:/freescale/kds_3.0.0/toolchain/bin/../lib/gcc/arm-none-eabi/4.8.4/armv7e-m/crtn.o

Memory Configuration

Name             Origin             Length             Attributes
m_interrupts     0x00000000         0x000000f8         xr
m_text           0x00000410         0x0001fbf0         xr
m_data           0x1fffe000         0x00002000         rw
m_data_20000000  0x20000000         0x00002000         rw
m_cfmprotrom     0x00000400         0x00000010         xr
*default*        0x00000000         0xffffffff

Linker script and memory map

LOAD c:/freescale/kds_3.0.0/toolchain/bin/../lib/gcc/arm-none-eabi/4.8.4/armv7e-m/crti.o
LOAD c:/freescale/kds_3.0.0/toolchain/bin/../lib/gcc/arm-none-eabi/4.8.4/armv7e-m/crtbegin.o
LOAD c:/freescale/kds_3.0.0/toolchain/bin/../lib/gcc/arm-none-eabi/4.8.4/../../../../arm-none-eabi/lib/armv7e-m/crt0.o
LOAD ./Sources/Events.o
LOAD ./Sources/main.o
LOAD ./Project_Settings/Startup_Code/startup.o
LOAD ./Generated_Code/ASerialLdd1.o
LOAD ./Generated_Code/BluePWM.o
LOAD ./Generated_Code/Cpu.o
LOAD ./Generated_Code/GreenPWM.o
LOAD ./Generated_Code/Inhr1.o
LOAD ./Generated_Code/PE_LDD.o
LOAD ./Generated_Code/PwmLdd1.o
LOAD ./Generated_Code/PwmLdd2.o
LOAD ./Generated_Code/PwmLdd3.o
LOAD ./Generated_Code/RedPWM.o
LOAD ./Generated_Code/TU1.o
LOAD ./Generated_Code/Term1.o
LOAD ./Generated_Code/Vectors.o
LOAD c:/freescale/kds_3.0.0/toolchain/bin/../lib/gcc/arm-none-eabi/4.8.4/../../../../arm-none-eabi/lib/armv7e-m\libstdc++_s.a
LOAD c:/freescale/kds_3.0.0/toolchain/bin/../lib/gcc/arm-none-eabi/4.8.4/../../../../arm-none-eabi/lib/armv7e-m\libm.a
START GROUP
LOAD c:/freescale/kds_3.0.0/toolchain/bin/../lib/gcc/arm-none-eabi/4.8.4/armv7e-m\libgcc.a
LOAD c:/freescale/kds_3.0.0/toolchain/bin/../lib/gcc/arm-none-eabi/4.8.4/../../../../arm-none-eabi/lib/armv7e-m\libg_s.a
LOAD c:/freescale/kds_3.0.0/toolchain/bin/../lib/gcc/arm-none-eabi/4.8.4/../../../../arm-none-eabi/lib/armv7e-m\libc_s.a
END GROUP
START GROUP
LOAD c:/freescale/kds_3.0.0/toolchain/bin/../lib/gcc/arm-none-eabi/4.8.4/armv7e-m\libgcc.a
LOAD c:/freescale/kds_3.0.0/toolchain/bin/../lib/gcc/arm-none-eabi/4.8.4/../../../../arm-none-eabi/lib/armv7e-m\libc_s.a
LOAD c:/freescale/kds_3.0.0/toolchain/bin/../lib/gcc/arm-none-eabi/4.8.4/../../../../arm-none-eabi/lib/armv7e-m\libnosys.a
END GROUP
START GROUP
LOAD c:/freescale/kds_3.0.0/toolchain/bin/../lib/gcc/arm-none-eabi/4.8.4/armv7e-m\libgcc.a
LOAD c:/freescale/kds_3.0.0/toolchain/bin/../lib/gcc/arm-none-eabi/4.8.4/../../../../arm-none-eabi/lib/armv7e-m\libc_s.a
LOAD c:/freescale/kds_3.0.0/toolchain/bin/../lib/gcc/arm-none-eabi/4.8.4/../../../../arm-none-eabi/lib/armv7e-m\libnosys.a
END GROUP
LOAD c:/freescale/kds_3.0.0/toolchain/bin/../lib/gcc/arm-none-eabi/4.8.4/armv7e-m/crtend.o
LOAD c:/freescale/kds_3.0.0/toolchain/bin/../lib/gcc/arm-none-eabi/4.8.4/armv7e-m/crtn.o
                0x20000000                _estack = 0x20000000
                0x20000000                __SP_INIT = _estack
                0x20000000                __stack = _estack
                0x00000000                __heap_size = 0x0
                0x00000400                __stack_size = 0x400

.interrupts     0x00000000       0xf8
                0x00000000                __vector_table = .
                0x00000000                . = ALIGN (0x4)
 *(.vectortable)
 .vectortable   0x00000000       0xf8 ./Generated_Code/Vectors.o
                0x00000000                __vect_table
                0x000000f8                . = ALIGN (0x4)

.cfmprotect     0x00000400       0x10
                0x00000400                . = ALIGN (0x4)
 *(.cfmconfig)
 .cfmconfig     0x00000400       0x10 ./Generated_Code/Cpu.o
                0x00000400                _cfm
                0x00000410                . = ALIGN (0x4)

.text           0x00000410     0x1160
                0x00000410                . = ALIGN (0x4)
 *(.text)
 .text          0x00000410       0x54 c:/freescale/kds_3.0.0/toolchain/bin/../lib/gcc/arm-none-eabi/4.8.4/armv7e-m/crtbegin.o
 .text          0x00000464       0x74 c:/freescale/kds_3.0.0/toolchain/bin/../lib/gcc/arm-none-eabi/4.8.4/../../../../arm-none-eabi/lib/armv7e-m/crt0.o
                0x00000464                _start
                0x00000464                _mainCRTStartup
 *(.text*)
 .text.Cpu_OnNMIINT
                0x000004d8        0xc ./Sources/Events.o
                0x000004d8                Cpu_OnNMIINT
 .text.main     0x000004e4      0x1d8 ./Sources/main.o
                0x000004e4                main
 .text.__copy_rom_section
                0x000006bc       0xe4 ./Project_Settings/Startup_Code/startup.o
                0x000006bc                __copy_rom_section
 .text.__copy_rom_sections_to_ram
                0x000007a0       0x9c ./Project_Settings/Startup_Code/startup.o
                0x000007a0                __copy_rom_sections_to_ram
 .text.__init_registers
                0x0000083c        0xc ./Project_Settings/Startup_Code/startup.o
                0x0000083c                __init_registers
 .text.__init_user
                0x00000848        0xc ./Project_Settings/Startup_Code/startup.o
                0x00000848                __init_user
 .text.__thumb_startup
                0x00000854       0x34 ./Project_Settings/Startup_Code/startup.o
                0x00000854                __thumb_startup
 .text.ASerialLdd1_Init
                0x00000888      0x160 ./Generated_Code/ASerialLdd1.o
                0x00000888                ASerialLdd1_Init
 .text.ASerialLdd1_ReceiveBlock
                0x000009e8       0x48 ./Generated_Code/ASerialLdd1.o
                0x000009e8                ASerialLdd1_ReceiveBlock
 .text.ASerialLdd1_SendBlock
                0x00000a30       0x58 ./Generated_Code/ASerialLdd1.o
                0x00000a30                ASerialLdd1_SendBlock
 .text.ASerialLdd1_GetReceivedDataNum
                0x00000a88       0x1c ./Generated_Code/ASerialLdd1.o
                0x00000a88                ASerialLdd1_GetReceivedDataNum
 .text.InterruptRx
                0x00000aa4       0x50 ./Generated_Code/ASerialLdd1.o
 .text.InterruptTx
                0x00000af4       0x60 ./Generated_Code/ASerialLdd1.o
 .text.ASerialLdd1_Main
                0x00000b54       0xd8 ./Generated_Code/ASerialLdd1.o
                0x00000b54                ASerialLdd1_Main
 .text.ASerialLdd1_GetError
                0x00000c2c       0x2c ./Generated_Code/ASerialLdd1.o
                0x00000c2c                ASerialLdd1_GetError
 .text.Cpu_INT_NMIInterrupt
                0x00000c58       0x1c ./Generated_Code/Cpu.o
                0x00000c58                Cpu_INT_NMIInterrupt
 .text.Cpu_Interrupt
                0x00000c74       0x18 ./Generated_Code/Cpu.o
                0x00000c74                Cpu_Interrupt
 .text.__init_hardware
                0x00000c8c      0x11c ./Generated_Code/Cpu.o
                0x00000c8c                __init_hardware
 .text.Cpu_SetBASEPRI
                0x00000da8       0x18 ./Generated_Code/Cpu.o
                0x00000da8                Cpu_SetBASEPRI
 .text.PE_low_level_init
                0x00000dc0       0xbc ./Generated_Code/Cpu.o
                0x00000dc0                PE_low_level_init
 .text.HWEnDi   0x00000e7c       0x1c ./Generated_Code/Inhr1.o
 .text.Inhr1_RecvChar
                0x00000e98       0x80 ./Generated_Code/Inhr1.o
                0x00000e98                Inhr1_RecvChar
 .text.Inhr1_SendChar
                0x00000f18       0x5c ./Generated_Code/Inhr1.o
                0x00000f18                Inhr1_SendChar
 .text.Inhr1_Init
                0x00000f74       0x24 ./Generated_Code/Inhr1.o
                0x00000f74                Inhr1_Init
 .text.ASerialLdd1_OnBreak
                0x00000f98       0x24 ./Generated_Code/Inhr1.o
                0x00000f98                ASerialLdd1_OnBreak
 .text.PwmLdd1_Init
                0x00000fbc       0x54 ./Generated_Code/PwmLdd1.o
                0x00000fbc                PwmLdd1_Init
 .text.PwmLdd1_SetRatio8
                0x00001010       0x2c ./Generated_Code/PwmLdd1.o
                0x00001010                PwmLdd1_SetRatio8
 .text.SetRatio
                0x0000103c       0x54 ./Generated_Code/PwmLdd1.o
 .text.PwmLdd2_Init
                0x00001090       0x54 ./Generated_Code/PwmLdd2.o
                0x00001090                PwmLdd2_Init
 .text.PwmLdd2_SetRatio8
                0x000010e4       0x2c ./Generated_Code/PwmLdd2.o
                0x000010e4                PwmLdd2_SetRatio8
 .text.SetRatio
                0x00001110       0x54 ./Generated_Code/PwmLdd2.o
 .text.PwmLdd3_Init
                0x00001164       0x54 ./Generated_Code/PwmLdd3.o
                0x00001164                PwmLdd3_Init
 .text.PwmLdd3_SetRatio8
                0x000011b8       0x2c ./Generated_Code/PwmLdd3.o
                0x000011b8                PwmLdd3_SetRatio8
 .text.SetRatio
                0x000011e4       0x54 ./Generated_Code/PwmLdd3.o
 .text.TU1_Init
                0x00001238      0x13c ./Generated_Code/TU1.o
                0x00001238                TU1_Init
 .text.TU1_GetPeriodTicks
                0x00001374       0x30 ./Generated_Code/TU1.o
                0x00001374                TU1_GetPeriodTicks
 .text.TU1_SetOffsetTicks
                0x000013a4       0x54 ./Generated_Code/TU1.o
                0x000013a4                TU1_SetOffsetTicks
 .text.Term1_ReadChar
                0x000013f8       0x1c ./Generated_Code/Term1.o
                0x000013f8                Term1_ReadChar
 .text.Term1_SendStr
                0x00001414       0x34 ./Generated_Code/Term1.o
                0x00001414                Term1_SendStr
 .text.exit     0x00001448       0x28 c:/freescale/kds_3.0.0/toolchain/bin/../lib/gcc/arm-none-eabi/4.8.4/../../../../arm-none-eabi/lib/armv7e-m\libg_s.a(lib_a-exit.o)
                0x00001448                exit
 .text.__libc_init_array
                0x00001470       0x4c c:/freescale/kds_3.0.0/toolchain/bin/../lib/gcc/arm-none-eabi/4.8.4/../../../../arm-none-eabi/lib/armv7e-m\libg_s.a(lib_a-init.o)
                0x00001470                __libc_init_array
 .text.memset   0x000014bc       0x10 c:/freescale/kds_3.0.0/toolchain/bin/../lib/gcc/arm-none-eabi/4.8.4/../../../../arm-none-eabi/lib/armv7e-m\libg_s.a(lib_a-memset.o)
                0x000014bc                memset
 .text._exit    0x000014cc        0x4 c:/freescale/kds_3.0.0/toolchain/bin/../lib/gcc/arm-none-eabi/4.8.4/../../../../arm-none-eabi/lib/armv7e-m\libnosys.a(_exit.o)
                0x000014cc                _exit
 *(.rodata)
 .rodata        0x000014d0       0x78 ./Sources/main.o
 *(.rodata*)
 .rodata.ChannelDevice
                0x00001548        0x4 ./Generated_Code/TU1.o
 .rodata.ChannelMode
                0x0000154c        0x4 ./Generated_Code/TU1.o
 .rodata.str1.1
                0x00001550        0x2 c:/freescale/kds_3.0.0/toolchain/bin/../lib/gcc/arm-none-eabi/4.8.4/../../../../arm-none-eabi/lib/armv7e-m\libg_s.a(lib_a-impure.o)
 *fill*         0x00001552        0x2 
 .rodata._global_impure_ptr
                0x00001554        0x4 c:/freescale/kds_3.0.0/toolchain/bin/../lib/gcc/arm-none-eabi/4.8.4/../../../../arm-none-eabi/lib/armv7e-m\libg_s.a(lib_a-impure.o)
                0x00001554                _global_impure_ptr
 *(.glue_7)
 .glue_7        0x00000000        0x0 linker stubs
 *(.glue_7t)
 .glue_7t       0x00000000        0x0 linker stubs
 *(.eh_frame)
 .eh_frame      0x00001558        0x0 c:/freescale/kds_3.0.0/toolchain/bin/../lib/gcc/arm-none-eabi/4.8.4/armv7e-m/crtbegin.o
 *(.init)
 .init          0x00001558        0x4 c:/freescale/kds_3.0.0/toolchain/bin/../lib/gcc/arm-none-eabi/4.8.4/armv7e-m/crti.o
                0x00001558                _init
 .init          0x0000155c        0x8 c:/freescale/kds_3.0.0/toolchain/bin/../lib/gcc/arm-none-eabi/4.8.4/armv7e-m/crtn.o
 *(.fini)
 .fini          0x00001564        0x4 c:/freescale/kds_3.0.0/toolchain/bin/../lib/gcc/arm-none-eabi/4.8.4/armv7e-m/crti.o
                0x00001564                _fini
 .fini          0x00001568        0x8 c:/freescale/kds_3.0.0/toolchain/bin/../lib/gcc/arm-none-eabi/4.8.4/armv7e-m/crtn.o
                0x00001570                . = ALIGN (0x4)
                0x00001570                _etext = .

.vfp11_veneer   0x00001570        0x0
 .vfp11_veneer  0x00000000        0x0 linker stubs

.v4_bx          0x00001570        0x0
 .v4_bx         0x00000000        0x0 linker stubs

.iplt           0x00001570        0x0
 .iplt          0x00000000        0x0 c:/freescale/kds_3.0.0/toolchain/bin/../lib/gcc/arm-none-eabi/4.8.4/armv7e-m/crtbegin.o

.ARM.extab
 *(.ARM.extab* .gnu.linkonce.armextab.*)

.ARM            0x00001570        0x8
                0x00001570                __exidx_start = .
 *(.ARM.exidx*)
 .ARM.exidx     0x00001570        0x8 c:/freescale/kds_3.0.0/toolchain/bin/../lib/gcc/arm-none-eabi/4.8.4/../../../../arm-none-eabi/lib/armv7e-m/crt0.o
                0x00001578                __exidx_end = .

.rel.dyn        0x00001578        0x0
 .rel.iplt      0x00000000        0x0 c:/freescale/kds_3.0.0/toolchain/bin/../lib/gcc/arm-none-eabi/4.8.4/armv7e-m/crtbegin.o

.ctors          0x00001578        0x0
                0x00001578                __CTOR_LIST__ = .
 *crtbegin.o(.ctors)
 *(EXCLUDE_FILE(*crtend.o) .ctors)
 *(SORT(.ctors.*))
 *(.ctors)
                0x00001578                __CTOR_END__ = .

.dtors          0x00001578        0x0
                0x00001578                __DTOR_LIST__ = .
 *crtbegin.o(.dtors)
 *(EXCLUDE_FILE(*crtend.o) .dtors)
 *(SORT(.dtors.*))
 *(.dtors)
                0x00001578                __DTOR_END__ = .

.preinit_array  0x00001578        0x0
                0x00001578                PROVIDE (__preinit_array_start, .)
 *(.preinit_array*)
                0x00001578                PROVIDE (__preinit_array_end, .)

.init_array     0x00001578        0x4
                0x00001578                PROVIDE (__init_array_start, .)
 *(SORT(.init_array.*))
 *(.init_array*)
 .init_array    0x00001578        0x4 c:/freescale/kds_3.0.0/toolchain/bin/../lib/gcc/arm-none-eabi/4.8.4/armv7e-m/crtbegin.o
                0x0000157c                PROVIDE (__init_array_end, .)

.fini_array     0x0000157c        0x4
                0x0000157c                PROVIDE (__fini_array_start, .)
 *(SORT(.fini_array.*))
 *(.fini_array*)
 .fini_array    0x0000157c        0x4 c:/freescale/kds_3.0.0/toolchain/bin/../lib/gcc/arm-none-eabi/4.8.4/armv7e-m/crtbegin.o
                0x00001580                PROVIDE (__fini_array_end, .)
                0x00001580                ___ROM_AT = .

.data           0x1fffe000       0x60 load address 0x00001580
                0x1fffe000                . = ALIGN (0x4)
                0x1fffe000                _sdata = .
 *(.data)
 *(.data*)
 .data.impure_data
                0x1fffe000       0x60 c:/freescale/kds_3.0.0/toolchain/bin/../lib/gcc/arm-none-eabi/4.8.4/../../../../arm-none-eabi/lib/armv7e-m\libg_s.a(lib_a-impure.o)
                0x1fffe060                . = ALIGN (0x4)
                0x1fffe060                _edata = .
                0x00000060                ___data_size = (_edata - _sdata)
                0x000015e0                ___m_data_20000000_ROMStart = (___ROM_AT + SIZEOF (.data))

.jcr            0x1fffe060        0x0 load address 0x000015e0
 .jcr           0x1fffe060        0x0 c:/freescale/kds_3.0.0/toolchain/bin/../lib/gcc/arm-none-eabi/4.8.4/armv7e-m/crtbegin.o

.igot.plt       0x1fffe060        0x0 load address 0x000015e0
 .igot.plt      0x00000000        0x0 c:/freescale/kds_3.0.0/toolchain/bin/../lib/gcc/arm-none-eabi/4.8.4/armv7e-m/crtbegin.o

.m_data_20000000
                0x20000000        0x0 load address 0x000015e0
                0x20000000                . = ALIGN (0x4)
                0x20000000                ___m_data_20000000_RAMStart = .
 *(.m_data_20000000)
                0x20000000                ___m_data_20000000_RAMEnd = .
                0x20000000                . = ALIGN (0x4)
                0x00000000                ___m_data_20000000_ROMSize = (___m_data_20000000_RAMEnd - ___m_data_20000000_RAMStart)
                0x20000000                . = ALIGN (0x4)

.bss            0x1fffe060       0x84 load address 0x000015e0
                0x1fffe060                __START_BSS = .
                0x1fffe060                PROVIDE (__bss_start__, __START_BSS)
 *(.bss)
 .bss           0x1fffe060       0x1c c:/freescale/kds_3.0.0/toolchain/bin/../lib/gcc/arm-none-eabi/4.8.4/armv7e-m/crtbegin.o
 *(.bss*)
 .bss.DeviceDataPrv__DEFAULT_RTOS_ALLOC
                0x1fffe07c       0x20 ./Generated_Code/ASerialLdd1.o
 .bss.SerFlag   0x1fffe09c        0x2 ./Generated_Code/Inhr1.o
 .bss.BufferRead
                0x1fffe09e        0x1 ./Generated_Code/Inhr1.o
 .bss.OutBuffer
                0x1fffe09f        0x1 ./Generated_Code/Inhr1.o
 .bss.PE_LDD_DeviceDataList
                0x1fffe0a0       0x14 ./Generated_Code/PE_LDD.o
                0x1fffe0a0                PE_LDD_DeviceDataList
 .bss.DeviceDataPrv__DEFAULT_RTOS_ALLOC
                0x1fffe0b4        0xc ./Generated_Code/PwmLdd1.o
 .bss.DeviceDataPrv__DEFAULT_RTOS_ALLOC
                0x1fffe0c0        0xc ./Generated_Code/PwmLdd2.o
 .bss.DeviceDataPrv__DEFAULT_RTOS_ALLOC
                0x1fffe0cc        0xc ./Generated_Code/PwmLdd3.o
 .bss.DeviceDataPrv__DEFAULT_RTOS_ALLOC
                0x1fffe0d8        0x8 ./Generated_Code/TU1.o
 *(COMMON)
 COMMON         0x1fffe0e0        0x4 ./Generated_Code/Inhr1.o
                0x1fffe0e0                ASerialLdd1_DeviceDataPtr
                0x1fffe0e4                . = ALIGN (0x4)
                0x1fffe0e4                __END_BSS = .
                0x1fffe0e4                PROVIDE (__bss_end__, __END_BSS)
                0x000015e0                _romp_at = ((___ROM_AT + SIZEOF (.data)) + SIZEOF (.m_data_20000000))

.romp           0x1fffe0e4       0x24 load address 0x000015e0
                0x000015e0                __S_romp = _romp_at
                0x1fffe0e4        0x4 LONG 0x1580 ___ROM_AT
                0x1fffe0e8        0x4 LONG 0x1fffe000 _sdata
                0x1fffe0ec        0x4 LONG 0x60 ___data_size
                0x1fffe0f0        0x4 LONG 0x15e0 ___m_data_20000000_ROMStart
                0x1fffe0f4        0x4 LONG 0x20000000 ___m_data_20000000_RAMStart
                0x1fffe0f8        0x4 LONG 0x0 ___m_data_20000000_ROMSize
                0x1fffe0fc        0x4 LONG 0x0
                0x1fffe100        0x4 LONG 0x0
                0x1fffe104        0x4 LONG 0x0

._user_heap_stack
                0x1fffe108      0x400 load address 0x00001604
                0x1fffe108                . = ALIGN (0x4)
                0x1fffe108                PROVIDE (end, .)
                0x1fffe108                PROVIDE (_end, .)
                0x1fffe108                __heap_addr = .
                0x1fffe108                __HeapBase = .
                0x1fffe108                . = (. + __heap_size)
                0x1fffe108                __HeapLimit = .
                0x1fffe508                . = (. + __stack_size)
 *fill*         0x1fffe108      0x400 
                0x1fffe508                . = ALIGN (0x4)

.ARM.attributes
                0x00000000       0x2a
 *(.ARM.attributes)
 .ARM.attributes
                0x00000000       0x1e c:/freescale/kds_3.0.0/toolchain/bin/../lib/gcc/arm-none-eabi/4.8.4/armv7e-m/crti.o
 .ARM.attributes
                0x0000001e       0x2e c:/freescale/kds_3.0.0/toolchain/bin/../lib/gcc/arm-none-eabi/4.8.4/armv7e-m/crtbegin.o
 .ARM.attributes
                0x0000004c       0x1c c:/freescale/kds_3.0.0/toolchain/bin/../lib/gcc/arm-none-eabi/4.8.4/../../../../arm-none-eabi/lib/armv7e-m/crt0.o
 .ARM.attributes
                0x00000068       0x33 ./Sources/Events.o
 .ARM.attributes
                0x0000009b       0x33 ./Sources/main.o
 .ARM.attributes
                0x000000ce       0x33 ./Project_Settings/Startup_Code/startup.o
 .ARM.attributes
                0x00000101       0x33 ./Generated_Code/ASerialLdd1.o
 .ARM.attributes
                0x00000134       0x33 ./Generated_Code/Cpu.o
 .ARM.attributes
                0x00000167       0x33 ./Generated_Code/Inhr1.o
 .ARM.attributes
                0x0000019a       0x33 ./Generated_Code/PE_LDD.o
 .ARM.attributes
                0x000001cd       0x33 ./Generated_Code/PwmLdd1.o
 .ARM.attributes
                0x00000200       0x33 ./Generated_Code/PwmLdd2.o
 .ARM.attributes
                0x00000233       0x33 ./Generated_Code/PwmLdd3.o
 .ARM.attributes
                0x00000266       0x33 ./Generated_Code/TU1.o
 .ARM.attributes
                0x00000299       0x33 ./Generated_Code/Term1.o
 .ARM.attributes
                0x000002cc       0x33 ./Generated_Code/Vectors.o
 .ARM.attributes
                0x000002ff       0x2e c:/freescale/kds_3.0.0/toolchain/bin/../lib/gcc/arm-none-eabi/4.8.4/../../../../arm-none-eabi/lib/armv7e-m\libg_s.a(lib_a-exit.o)
 .ARM.attributes
                0x0000032d       0x2e c:/freescale/kds_3.0.0/toolchain/bin/../lib/gcc/arm-none-eabi/4.8.4/../../../../arm-none-eabi/lib/armv7e-m\libg_s.a(lib_a-impure.o)
 .ARM.attributes
                0x0000035b       0x2e c:/freescale/kds_3.0.0/toolchain/bin/../lib/gcc/arm-none-eabi/4.8.4/../../../../arm-none-eabi/lib/armv7e-m\libg_s.a(lib_a-init.o)
 .ARM.attributes
                0x00000389       0x2e c:/freescale/kds_3.0.0/toolchain/bin/../lib/gcc/arm-none-eabi/4.8.4/../../../../arm-none-eabi/lib/armv7e-m\libg_s.a(lib_a-memset.o)
 .ARM.attributes
                0x000003b7       0x2e c:/freescale/kds_3.0.0/toolchain/bin/../lib/gcc/arm-none-eabi/4.8.4/../../../../arm-none-eabi/lib/armv7e-m\libnosys.a(_exit.o)
 .ARM.attributes
                0x000003e5       0x1e c:/freescale/kds_3.0.0/toolchain/bin/../lib/gcc/arm-none-eabi/4.8.4/armv7e-m/crtn.o
OUTPUT(Lab6 part2.elf elf32-littlearm)

.debug_info     0x00000000     0x2fe6
 .debug_info    0x00000000       0x96 ./Sources/Events.o
 .debug_info    0x00000096       0xff ./Sources/main.o
 .debug_info    0x00000195      0x20a ./Project_Settings/Startup_Code/startup.o
 .debug_info    0x0000039f      0x939 ./Generated_Code/ASerialLdd1.o
 .debug_info    0x00000cd8      0x9e9 ./Generated_Code/Cpu.o
 .debug_info    0x000016c1      0x20b ./Generated_Code/Inhr1.o
 .debug_info    0x000018cc      0x251 ./Generated_Code/PE_LDD.o
 .debug_info    0x00001b1d      0x333 ./Generated_Code/PwmLdd1.o
 .debug_info    0x00001e50      0x333 ./Generated_Code/PwmLdd2.o
 .debug_info    0x00002183      0x333 ./Generated_Code/PwmLdd3.o
 .debug_info    0x000024b6      0x768 ./Generated_Code/TU1.o
 .debug_info    0x00002c1e      0x2ba ./Generated_Code/Term1.o
 .debug_info    0x00002ed8      0x10e ./Generated_Code/Vectors.o

.debug_abbrev   0x00000000      0xe44
 .debug_abbrev  0x00000000       0x45 ./Sources/Events.o
 .debug_abbrev  0x00000045       0xa7 ./Sources/main.o
 .debug_abbrev  0x000000ec      0x11e ./Project_Settings/Startup_Code/startup.o
 .debug_abbrev  0x0000020a      0x1c3 ./Generated_Code/ASerialLdd1.o
 .debug_abbrev  0x000003cd      0x178 ./Generated_Code/Cpu.o
 .debug_abbrev  0x00000545      0x117 ./Generated_Code/Inhr1.o
 .debug_abbrev  0x0000065c      0x10d ./Generated_Code/PE_LDD.o
 .debug_abbrev  0x00000769      0x122 ./Generated_Code/PwmLdd1.o
 .debug_abbrev  0x0000088b      0x122 ./Generated_Code/PwmLdd2.o
 .debug_abbrev  0x000009ad      0x122 ./Generated_Code/PwmLdd3.o
 .debug_abbrev  0x00000acf      0x198 ./Generated_Code/TU1.o
 .debug_abbrev  0x00000c67      0x139 ./Generated_Code/Term1.o
 .debug_abbrev  0x00000da0       0xa4 ./Generated_Code/Vectors.o

.debug_aranges  0x00000000      0x340
 .debug_aranges
                0x00000000       0x20 ./Sources/Events.o
 .debug_aranges
                0x00000020       0x20 ./Sources/main.o
 .debug_aranges
                0x00000040       0x50 ./Project_Settings/Startup_Code/startup.o
 .debug_aranges
                0x00000090       0x58 ./Generated_Code/ASerialLdd1.o
 .debug_aranges
                0x000000e8       0x40 ./Generated_Code/Cpu.o
 .debug_aranges
                0x00000128       0x48 ./Generated_Code/Inhr1.o
 .debug_aranges
                0x00000170       0x30 ./Generated_Code/PE_LDD.o
 .debug_aranges
                0x000001a0       0x48 ./Generated_Code/PwmLdd1.o
 .debug_aranges
                0x000001e8       0x48 ./Generated_Code/PwmLdd2.o
 .debug_aranges
                0x00000230       0x48 ./Generated_Code/PwmLdd3.o
 .debug_aranges
                0x00000278       0x48 ./Generated_Code/TU1.o
 .debug_aranges
                0x000002c0       0x68 ./Generated_Code/Term1.o
 .debug_aranges
                0x00000328       0x18 ./Generated_Code/Vectors.o

.debug_ranges   0x00000000      0x268
 .debug_ranges  0x00000000       0x10 ./Sources/Events.o
 .debug_ranges  0x00000010       0x10 ./Sources/main.o
 .debug_ranges  0x00000020       0x40 ./Project_Settings/Startup_Code/startup.o
 .debug_ranges  0x00000060       0x48 ./Generated_Code/ASerialLdd1.o
 .debug_ranges  0x000000a8       0x30 ./Generated_Code/Cpu.o
 .debug_ranges  0x000000d8       0x38 ./Generated_Code/Inhr1.o
 .debug_ranges  0x00000110       0x20 ./Generated_Code/PE_LDD.o
 .debug_ranges  0x00000130       0x38 ./Generated_Code/PwmLdd1.o
 .debug_ranges  0x00000168       0x38 ./Generated_Code/PwmLdd2.o
 .debug_ranges  0x000001a0       0x38 ./Generated_Code/PwmLdd3.o
 .debug_ranges  0x000001d8       0x38 ./Generated_Code/TU1.o
 .debug_ranges  0x00000210       0x58 ./Generated_Code/Term1.o

.debug_macro    0x00000000    0x18fa7
 .debug_macro   0x00000000      0x151 ./Sources/Events.o
 .debug_macro   0x00000151      0x84a ./Sources/Events.o
 .debug_macro   0x0000099b       0x16 ./Sources/Events.o
 .debug_macro   0x000009b1       0x44 ./Sources/Events.o
 .debug_macro   0x000009f5      0x209 ./Sources/Events.o
 .debug_macro   0x00000bfe     0x1679 ./Sources/Events.o
 .debug_macro   0x00002277      0x14e ./Sources/Events.o
 .debug_macro   0x000023c5       0x6a ./Sources/Events.o
 .debug_macro   0x0000242f     0x9b9f ./Sources/Events.o
 .debug_macro   0x0000bfce       0x94 ./Sources/Events.o
 .debug_macro   0x0000c062       0x94 ./Sources/Events.o
 .debug_macro   0x0000c0f6      0x6a0 ./Sources/Events.o
 .debug_macro   0x0000c796       0x82 ./Sources/Events.o
 .debug_macro   0x0000c818       0x3f ./Sources/Events.o
 .debug_macro   0x0000c857       0x2c ./Sources/Events.o
 .debug_macro   0x0000c883       0x45 ./Sources/Events.o
 .debug_macro   0x0000c8c8       0x2c ./Sources/Events.o
 .debug_macro   0x0000c8f4       0x45 ./Sources/Events.o
 .debug_macro   0x0000c939       0x2c ./Sources/Events.o
 .debug_macro   0x0000c965       0x5e ./Sources/Events.o
 .debug_macro   0x0000c9c3       0x11 ./Sources/Events.o
 .debug_macro   0x0000c9d4      0x22d ./Sources/main.o
 .debug_macro   0x0000cc01       0x22 ./Sources/main.o
 .debug_macro   0x0000cc23       0x58 ./Sources/main.o
 .debug_macro   0x0000cc7b       0x35 ./Sources/main.o
 .debug_macro   0x0000ccb0       0xa3 ./Sources/main.o
 .debug_macro   0x0000cd53       0x16 ./Sources/main.o
 .debug_macro   0x0000cd69      0x10e ./Sources/main.o
 .debug_macro   0x0000ce77       0x7f ./Sources/main.o
 .debug_macro   0x0000cef6       0x52 ./Sources/main.o
 .debug_macro   0x0000cf48       0x16 ./Sources/main.o
 .debug_macro   0x0000cf5e       0x43 ./Sources/main.o
 .debug_macro   0x0000cfa1      0x180 ./Sources/main.o
 .debug_macro   0x0000d121       0x22 ./Sources/main.o
 .debug_macro   0x0000d143      0x2a6 ./Sources/main.o
 .debug_macro   0x0000d3e9       0x10 ./Sources/main.o
 .debug_macro   0x0000d3f9       0x35 ./Sources/main.o
 .debug_macro   0x0000d42e      0x121 ./Project_Settings/Startup_Code/startup.o
 .debug_macro   0x0000d54f      0x166 ./Project_Settings/Startup_Code/startup.o
 .debug_macro   0x0000d6b5       0x4a ./Project_Settings/Startup_Code/startup.o
 .debug_macro   0x0000d6ff       0x10 ./Project_Settings/Startup_Code/startup.o
 .debug_macro   0x0000d70f      0x20f ./Project_Settings/Startup_Code/startup.o
 .debug_macro   0x0000d91e     0x9b93 ./Project_Settings/Startup_Code/startup.o
 .debug_macro   0x000174b1       0xc5 ./Generated_Code/ASerialLdd1.o
 .debug_macro   0x00017576       0x58 ./Generated_Code/ASerialLdd1.o
 .debug_macro   0x000175ce       0x17 ./Generated_Code/ASerialLdd1.o
 .debug_macro   0x000175e5      0x7ab ./Generated_Code/ASerialLdd1.o
 .debug_macro   0x00017d90      0x9b1 ./Generated_Code/ASerialLdd1.o
 .debug_macro   0x00018741      0x161 ./Generated_Code/Cpu.o
 .debug_macro   0x000188a2       0xdf ./Generated_Code/Inhr1.o
 .debug_macro   0x00018981      0x123 ./Generated_Code/PE_LDD.o
 .debug_macro   0x00018aa4       0xbe ./Generated_Code/PwmLdd1.o
 .debug_macro   0x00018b62       0xbe ./Generated_Code/PwmLdd2.o
 .debug_macro   0x00018c20       0xbe ./Generated_Code/PwmLdd3.o
 .debug_macro   0x00018cde       0xbc ./Generated_Code/TU1.o
 .debug_macro   0x00018d9a       0xad ./Generated_Code/Term1.o
 .debug_macro   0x00018e47      0x160 ./Generated_Code/Vectors.o

.debug_line     0x00000000     0x2bf8
 .debug_line    0x00000000      0x315 ./Sources/Events.o
 .debug_line    0x00000315      0x43b ./Sources/main.o
 .debug_line    0x00000750      0x3d2 ./Project_Settings/Startup_Code/startup.o
 .debug_line    0x00000b22      0x362 ./Generated_Code/ASerialLdd1.o
 .debug_line    0x00000e84      0x478 ./Generated_Code/Cpu.o
 .debug_line    0x000012fc      0x28e ./Generated_Code/Inhr1.o
 .debug_line    0x0000158a      0x315 ./Generated_Code/PE_LDD.o
 .debug_line    0x0000189f      0x2f0 ./Generated_Code/PwmLdd1.o
 .debug_line    0x00001b8f      0x2f0 ./Generated_Code/PwmLdd2.o
 .debug_line    0x00001e7f      0x2f0 ./Generated_Code/PwmLdd3.o
 .debug_line    0x0000216f      0x315 ./Generated_Code/TU1.o
 .debug_line    0x00002484      0x381 ./Generated_Code/Term1.o
 .debug_line    0x00002805      0x3f3 ./Generated_Code/Vectors.o

.debug_str      0x00000000    0x5a36b
 .debug_str     0x00000000    0x48b23 ./Sources/Events.o
                              0x48c73 (size before relaxing)
 .debug_str     0x00048b23     0x256c ./Sources/main.o
                              0x4b244 (size before relaxing)
 .debug_str     0x0004b08f      0x11a ./Project_Settings/Startup_Code/startup.o
                              0x3a1d2 (size before relaxing)
 .debug_str     0x0004b1a9     0xe6d5 ./Generated_Code/ASerialLdd1.o
                              0x4dbb0 (size before relaxing)
 .debug_str     0x0005987e      0x293 ./Generated_Code/Cpu.o
                              0x49030 (size before relaxing)
 .debug_str     0x00059b11      0x17f ./Generated_Code/Inhr1.o
                              0x3f12e (size before relaxing)
 .debug_str     0x00059c90      0x183 ./Generated_Code/PE_LDD.o
                              0x48e28 (size before relaxing)
 .debug_str     0x00059e13       0xef ./Generated_Code/PwmLdd1.o
                              0x484a2 (size before relaxing)
 .debug_str     0x00059f02       0x94 ./Generated_Code/PwmLdd2.o
                              0x484a2 (size before relaxing)
 .debug_str     0x00059f96       0x86 ./Generated_Code/PwmLdd3.o
                              0x484a2 (size before relaxing)
 .debug_str     0x0005a01c      0x269 ./Generated_Code/TU1.o
                              0x485a7 (size before relaxing)
 .debug_str     0x0005a285       0xca ./Generated_Code/Term1.o
                              0x3f069 (size before relaxing)
 .debug_str     0x0005a34f       0x1c ./Generated_Code/Vectors.o
                              0x48cbb (size before relaxing)

.comment        0x00000000       0x70
 .comment       0x00000000       0x70 ./Sources/Events.o
                                 0x71 (size before relaxing)
 .comment       0x00000000       0x71 ./Sources/main.o
 .comment       0x00000000       0x71 ./Project_Settings/Startup_Code/startup.o
 .comment       0x00000000       0x71 ./Generated_Code/ASerialLdd1.o
 .comment       0x00000000       0x71 ./Generated_Code/Cpu.o
 .comment       0x00000000       0x71 ./Generated_Code/Inhr1.o
 .comment       0x00000000       0x71 ./Generated_Code/PE_LDD.o
 .comment       0x00000000       0x71 ./Generated_Code/PwmLdd1.o
 .comment       0x00000000       0x71 ./Generated_Code/PwmLdd2.o
 .comment       0x00000000       0x71 ./Generated_Code/PwmLdd3.o
 .comment       0x00000000       0x71 ./Generated_Code/TU1.o
 .comment       0x00000000       0x71 ./Generated_Code/Term1.o
 .comment       0x00000000       0x71 ./Generated_Code/Vectors.o

.debug_frame    0x00000000      0x8dc
 .debug_frame   0x00000000       0x28 ./Sources/Events.o
 .debug_frame   0x00000028       0x30 ./Sources/main.o
 .debug_frame   0x00000058       0xc0 ./Project_Settings/Startup_Code/startup.o
 .debug_frame   0x00000118      0x100 ./Generated_Code/ASerialLdd1.o
 .debug_frame   0x00000218       0xa4 ./Generated_Code/Cpu.o
 .debug_frame   0x000002bc       0xc0 ./Generated_Code/Inhr1.o
 .debug_frame   0x0000037c       0x64 ./Generated_Code/PE_LDD.o
 .debug_frame   0x000003e0       0xd0 ./Generated_Code/PwmLdd1.o
 .debug_frame   0x000004b0       0xd0 ./Generated_Code/PwmLdd2.o
 .debug_frame   0x00000580       0xd0 ./Generated_Code/PwmLdd3.o
 .debug_frame   0x00000650       0xbc ./Generated_Code/TU1.o
 .debug_frame   0x0000070c      0x13c ./Generated_Code/Term1.o
 .debug_frame   0x00000848       0x28 c:/freescale/kds_3.0.0/toolchain/bin/../lib/gcc/arm-none-eabi/4.8.4/../../../../arm-none-eabi/lib/armv7e-m\libg_s.a(lib_a-exit.o)
 .debug_frame   0x00000870       0x2c c:/freescale/kds_3.0.0/toolchain/bin/../lib/gcc/arm-none-eabi/4.8.4/../../../../arm-none-eabi/lib/armv7e-m\libg_s.a(lib_a-init.o)
 .debug_frame   0x0000089c       0x20 c:/freescale/kds_3.0.0/toolchain/bin/../lib/gcc/arm-none-eabi/4.8.4/../../../../arm-none-eabi/lib/armv7e-m\libg_s.a(lib_a-memset.o)
 .debug_frame   0x000008bc       0x20 c:/freescale/kds_3.0.0/toolchain/bin/../lib/gcc/arm-none-eabi/4.8.4/../../../../arm-none-eabi/lib/armv7e-m\libnosys.a(_exit.o)
