Archive member included because of file (symbol)

c:/freescale/kds_3.0.0/toolchain/bin/../lib/gcc/arm-none-eabi/4.8.4/../../../../arm-none-eabi/lib/armv7e-m\libg_s.a(lib_a-exit.o)
                              c:/freescale/kds_3.0.0/toolchain/bin/../lib/gcc/arm-none-eabi/4.8.4/../../../../arm-none-eabi/lib/armv7e-m/crt0.o (exit)
c:/freescale/kds_3.0.0/toolchain/bin/../lib/gcc/arm-none-eabi/4.8.4/../../../../arm-none-eabi/lib/armv7e-m\libg_s.a(lib_a-impure.o)
                              c:/freescale/kds_3.0.0/toolchain/bin/../lib/gcc/arm-none-eabi/4.8.4/../../../../arm-none-eabi/lib/armv7e-m\libg_s.a(lib_a-exit.o) (_global_impure_ptr)
c:/freescale/kds_3.0.0/toolchain/bin/../lib/gcc/arm-none-eabi/4.8.4/../../../../arm-none-eabi/lib/armv7e-m\libg_s.a(lib_a-init.o)
                              c:/freescale/kds_3.0.0/toolchain/bin/../lib/gcc/arm-none-eabi/4.8.4/../../../../arm-none-eabi/lib/armv7e-m/crt0.o (__libc_init_array)
c:/freescale/kds_3.0.0/toolchain/bin/../lib/gcc/arm-none-eabi/4.8.4/../../../../arm-none-eabi/lib/armv7e-m\libg_s.a(lib_a-memset.o)
                              c:/freescale/kds_3.0.0/toolchain/bin/../lib/gcc/arm-none-eabi/4.8.4/../../../../arm-none-eabi/lib/armv7e-m/crt0.o (memset)
c:/freescale/kds_3.0.0/toolchain/bin/../lib/gcc/arm-none-eabi/4.8.4/../../../../arm-none-eabi/lib/armv7e-m\libg_s.a(lib_a-strlen.o)
                              ./Sources/main.o (strlen)
c:/freescale/kds_3.0.0/toolchain/bin/../lib/gcc/arm-none-eabi/4.8.4/../../../../arm-none-eabi/lib/armv7e-m\libnosys.a(_exit.o)
                              c:/freescale/kds_3.0.0/toolchain/bin/../lib/gcc/arm-none-eabi/4.8.4/../../../../arm-none-eabi/lib/armv7e-m\libg_s.a(lib_a-exit.o) (_exit)

Allocating common symbols
Common symbol       size              file

ASerialLdd1_DeviceDataPtr
                    0x4               ./Generated_Code/AS1.o
SR_reg              0x1               ./Generated_Code/Cpu.o

Discarded input sections

 .text          0x00000000        0x0 c:/freescale/kds_3.0.0/toolchain/bin/../lib/gcc/arm-none-eabi/4.8.4/armv7e-m/crti.o
 .data          0x00000000        0x0 c:/freescale/kds_3.0.0/toolchain/bin/../lib/gcc/arm-none-eabi/4.8.4/armv7e-m/crti.o
 .bss           0x00000000        0x0 c:/freescale/kds_3.0.0/toolchain/bin/../lib/gcc/arm-none-eabi/4.8.4/armv7e-m/crti.o
 .data          0x00000000        0x4 c:/freescale/kds_3.0.0/toolchain/bin/../lib/gcc/arm-none-eabi/4.8.4/armv7e-m/crtbegin.o
 .data          0x00000000        0x0 c:/freescale/kds_3.0.0/toolchain/bin/../lib/gcc/arm-none-eabi/4.8.4/../../../../arm-none-eabi/lib/armv7e-m/crt0.o
 .bss           0x00000000        0x0 c:/freescale/kds_3.0.0/toolchain/bin/../lib/gcc/arm-none-eabi/4.8.4/../../../../arm-none-eabi/lib/armv7e-m/crt0.o
 .ARM.extab     0x00000000        0x0 c:/freescale/kds_3.0.0/toolchain/bin/../lib/gcc/arm-none-eabi/4.8.4/../../../../arm-none-eabi/lib/armv7e-m/crt0.o
 .group         0x00000000        0x8 ./Sources/Events.o
 .group         0x00000000        0x8 ./Sources/Events.o
 .group         0x00000000        0x8 ./Sources/Events.o
 .group         0x00000000        0x8 ./Sources/Events.o
 .group         0x00000000        0x8 ./Sources/Events.o
 .group         0x00000000        0x8 ./Sources/Events.o
 .group         0x00000000        0x8 ./Sources/Events.o
 .group         0x00000000        0x8 ./Sources/Events.o
 .group         0x00000000        0x8 ./Sources/Events.o
 .group         0x00000000        0x8 ./Sources/Events.o
 .group         0x00000000        0x8 ./Sources/Events.o
 .group         0x00000000        0x8 ./Sources/Events.o
 .group         0x00000000        0x8 ./Sources/Events.o
 .group         0x00000000        0x8 ./Sources/Events.o
 .group         0x00000000        0x8 ./Sources/Events.o
 .group         0x00000000        0x8 ./Sources/Events.o
 .group         0x00000000        0x8 ./Sources/Events.o
 .group         0x00000000        0x8 ./Sources/Events.o
 .group         0x00000000        0x8 ./Sources/Events.o
 .text          0x00000000        0x0 ./Sources/Events.o
 .data          0x00000000        0x0 ./Sources/Events.o
 .bss           0x00000000        0x0 ./Sources/Events.o
 .group         0x00000000        0x8 ./Sources/main.o
 .group         0x00000000        0x8 ./Sources/main.o
 .group         0x00000000        0x8 ./Sources/main.o
 .group         0x00000000        0x8 ./Sources/main.o
 .group         0x00000000        0x8 ./Sources/main.o
 .group         0x00000000        0x8 ./Sources/main.o
 .group         0x00000000        0x8 ./Sources/main.o
 .group         0x00000000        0x8 ./Sources/main.o
 .group         0x00000000        0x8 ./Sources/main.o
 .group         0x00000000        0x8 ./Sources/main.o
 .group         0x00000000        0x8 ./Sources/main.o
 .group         0x00000000        0x8 ./Sources/main.o
 .group         0x00000000        0x8 ./Sources/main.o
 .group         0x00000000        0x8 ./Sources/main.o
 .group         0x00000000        0x8 ./Sources/main.o
 .group         0x00000000        0x8 ./Sources/main.o
 .group         0x00000000        0x8 ./Sources/main.o
 .group         0x00000000        0x8 ./Sources/main.o
 .group         0x00000000        0x8 ./Sources/main.o
 .group         0x00000000        0x8 ./Sources/main.o
 .group         0x00000000        0x8 ./Sources/main.o
 .group         0x00000000        0x8 ./Sources/main.o
 .group         0x00000000        0x8 ./Sources/main.o
 .group         0x00000000        0x8 ./Sources/main.o
 .group         0x00000000        0x8 ./Sources/main.o
 .group         0x00000000        0x8 ./Sources/main.o
 .group         0x00000000        0x8 ./Sources/main.o
 .group         0x00000000        0x8 ./Sources/main.o
 .group         0x00000000        0x8 ./Sources/main.o
 .group         0x00000000        0x8 ./Sources/main.o
 .group         0x00000000        0x8 ./Sources/main.o
 .group         0x00000000        0x8 ./Sources/main.o
 .group         0x00000000        0x8 ./Sources/main.o
 .group         0x00000000        0x8 ./Sources/main.o
 .text          0x00000000        0x0 ./Sources/main.o
 .data          0x00000000        0x0 ./Sources/main.o
 .bss           0x00000000        0x0 ./Sources/main.o
 .debug_macro   0x00000000      0x84a ./Sources/main.o
 .debug_macro   0x00000000       0x16 ./Sources/main.o
 .debug_macro   0x00000000       0x44 ./Sources/main.o
 .debug_macro   0x00000000      0x209 ./Sources/main.o
 .debug_macro   0x00000000     0x1672 ./Sources/main.o
 .debug_macro   0x00000000      0x14e ./Sources/main.o
 .debug_macro   0x00000000       0x6a ./Sources/main.o
 .debug_macro   0x00000000     0x9b9f ./Sources/main.o
 .debug_macro   0x00000000       0x94 ./Sources/main.o
 .debug_macro   0x00000000       0x94 ./Sources/main.o
 .debug_macro   0x00000000      0x12c ./Sources/main.o
 .debug_macro   0x00000000       0x46 ./Sources/main.o
 .debug_macro   0x00000000       0x26 ./Sources/main.o
 .debug_macro   0x00000000       0x65 ./Sources/main.o
 .debug_macro   0x00000000       0x11 ./Sources/main.o
 .debug_macro   0x00000000       0x4c ./Sources/main.o
 .debug_macro   0x00000000       0x26 ./Sources/main.o
 .debug_macro   0x00000000       0x4c ./Sources/main.o
 .debug_macro   0x00000000       0x26 ./Sources/main.o
 .group         0x00000000        0x8 ./Project_Settings/Startup_Code/startup.o
 .group         0x00000000        0x8 ./Project_Settings/Startup_Code/startup.o
 .group         0x00000000        0x8 ./Project_Settings/Startup_Code/startup.o
 .group         0x00000000        0x8 ./Project_Settings/Startup_Code/startup.o
 .group         0x00000000        0x8 ./Project_Settings/Startup_Code/startup.o
 .group         0x00000000        0x8 ./Project_Settings/Startup_Code/startup.o
 .group         0x00000000        0x8 ./Project_Settings/Startup_Code/startup.o
 .group         0x00000000        0x8 ./Project_Settings/Startup_Code/startup.o
 .group         0x00000000        0x8 ./Project_Settings/Startup_Code/startup.o
 .group         0x00000000        0x8 ./Project_Settings/Startup_Code/startup.o
 .group         0x00000000        0x8 ./Project_Settings/Startup_Code/startup.o
 .group         0x00000000        0x8 ./Project_Settings/Startup_Code/startup.o
 .group         0x00000000        0x8 ./Project_Settings/Startup_Code/startup.o
 .group         0x00000000        0x8 ./Project_Settings/Startup_Code/startup.o
 .group         0x00000000        0x8 ./Project_Settings/Startup_Code/startup.o
 .group         0x00000000        0x8 ./Project_Settings/Startup_Code/startup.o
 .group         0x00000000        0x8 ./Project_Settings/Startup_Code/startup.o
 .group         0x00000000        0x8 ./Project_Settings/Startup_Code/startup.o
 .group         0x00000000        0x8 ./Project_Settings/Startup_Code/startup.o
 .text          0x00000000        0x0 ./Project_Settings/Startup_Code/startup.o
 .data          0x00000000        0x0 ./Project_Settings/Startup_Code/startup.o
 .bss           0x00000000        0x0 ./Project_Settings/Startup_Code/startup.o
 .text.__init_hardware
                0x00000000        0xc ./Project_Settings/Startup_Code/startup.o
 .text.__iar_program_start
                0x00000000        0xc ./Project_Settings/Startup_Code/startup.o
 .debug_macro   0x00000000      0x84a ./Project_Settings/Startup_Code/startup.o
 .debug_macro   0x00000000       0x58 ./Project_Settings/Startup_Code/startup.o
 .debug_macro   0x00000000       0x16 ./Project_Settings/Startup_Code/startup.o
 .debug_macro   0x00000000       0x35 ./Project_Settings/Startup_Code/startup.o
 .debug_macro   0x00000000       0xa3 ./Project_Settings/Startup_Code/startup.o
 .debug_macro   0x00000000       0x52 ./Project_Settings/Startup_Code/startup.o
 .debug_macro   0x00000000       0x16 ./Project_Settings/Startup_Code/startup.o
 .debug_macro   0x00000000       0x43 ./Project_Settings/Startup_Code/startup.o
 .debug_macro   0x00000000      0x180 ./Project_Settings/Startup_Code/startup.o
 .debug_macro   0x00000000      0x2a6 ./Project_Settings/Startup_Code/startup.o
 .debug_macro   0x00000000       0x10 ./Project_Settings/Startup_Code/startup.o
 .debug_macro   0x00000000       0x35 ./Project_Settings/Startup_Code/startup.o
 .debug_macro   0x00000000       0x16 ./Project_Settings/Startup_Code/startup.o
 .debug_macro   0x00000000       0x22 ./Project_Settings/Startup_Code/startup.o
 .group         0x00000000        0x8 ./Generated_Code/AS1.o
 .group         0x00000000        0x8 ./Generated_Code/AS1.o
 .group         0x00000000        0x8 ./Generated_Code/AS1.o
 .group         0x00000000        0x8 ./Generated_Code/AS1.o
 .group         0x00000000        0x8 ./Generated_Code/AS1.o
 .group         0x00000000        0x8 ./Generated_Code/AS1.o
 .group         0x00000000        0x8 ./Generated_Code/AS1.o
 .group         0x00000000        0x8 ./Generated_Code/AS1.o
 .group         0x00000000        0x8 ./Generated_Code/AS1.o
 .group         0x00000000        0x8 ./Generated_Code/AS1.o
 .group         0x00000000        0x8 ./Generated_Code/AS1.o
 .text          0x00000000        0x0 ./Generated_Code/AS1.o
 .data          0x00000000        0x0 ./Generated_Code/AS1.o
 .bss           0x00000000        0x0 ./Generated_Code/AS1.o
 .text.AS1_GetCharsInRxBuf
                0x00000000       0x24 ./Generated_Code/AS1.o
 .text.AS1_GetCharsInTxBuf
                0x00000000       0x2c ./Generated_Code/AS1.o
 .debug_macro   0x00000000      0x84a ./Generated_Code/AS1.o
 .debug_macro   0x00000000       0x16 ./Generated_Code/AS1.o
 .debug_macro   0x00000000       0x44 ./Generated_Code/AS1.o
 .debug_macro   0x00000000      0x209 ./Generated_Code/AS1.o
 .debug_macro   0x00000000     0x1672 ./Generated_Code/AS1.o
 .debug_macro   0x00000000      0x14e ./Generated_Code/AS1.o
 .debug_macro   0x00000000       0x6a ./Generated_Code/AS1.o
 .debug_macro   0x00000000     0x9b9f ./Generated_Code/AS1.o
 .debug_macro   0x00000000       0x94 ./Generated_Code/AS1.o
 .debug_macro   0x00000000       0x11 ./Generated_Code/AS1.o
 .group         0x00000000        0x8 ./Generated_Code/ASerialLdd1.o
 .group         0x00000000        0x8 ./Generated_Code/ASerialLdd1.o
 .group         0x00000000        0x8 ./Generated_Code/ASerialLdd1.o
 .group         0x00000000        0x8 ./Generated_Code/ASerialLdd1.o
 .group         0x00000000        0x8 ./Generated_Code/ASerialLdd1.o
 .group         0x00000000        0x8 ./Generated_Code/ASerialLdd1.o
 .group         0x00000000        0x8 ./Generated_Code/ASerialLdd1.o
 .group         0x00000000        0x8 ./Generated_Code/ASerialLdd1.o
 .group         0x00000000        0x8 ./Generated_Code/ASerialLdd1.o
 .group         0x00000000        0x8 ./Generated_Code/ASerialLdd1.o
 .group         0x00000000        0x8 ./Generated_Code/ASerialLdd1.o
 .group         0x00000000        0x8 ./Generated_Code/ASerialLdd1.o
 .group         0x00000000        0x8 ./Generated_Code/ASerialLdd1.o
 .group         0x00000000        0x8 ./Generated_Code/ASerialLdd1.o
 .text          0x00000000        0x0 ./Generated_Code/ASerialLdd1.o
 .data          0x00000000        0x0 ./Generated_Code/ASerialLdd1.o
 .bss           0x00000000        0x0 ./Generated_Code/ASerialLdd1.o
 .text.ASerialLdd1_GetSentDataNum
                0x00000000       0x1c ./Generated_Code/ASerialLdd1.o
 .debug_macro   0x00000000      0x84a ./Generated_Code/ASerialLdd1.o
 .debug_macro   0x00000000       0x16 ./Generated_Code/ASerialLdd1.o
 .debug_macro   0x00000000       0x44 ./Generated_Code/ASerialLdd1.o
 .debug_macro   0x00000000      0x209 ./Generated_Code/ASerialLdd1.o
 .debug_macro   0x00000000     0x1672 ./Generated_Code/ASerialLdd1.o
 .debug_macro   0x00000000      0x14e ./Generated_Code/ASerialLdd1.o
 .debug_macro   0x00000000       0x6a ./Generated_Code/ASerialLdd1.o
 .debug_macro   0x00000000     0x9b9f ./Generated_Code/ASerialLdd1.o
 .debug_macro   0x00000000       0x94 ./Generated_Code/ASerialLdd1.o
 .debug_macro   0x00000000       0x5f ./Generated_Code/ASerialLdd1.o
 .debug_macro   0x00000000       0x94 ./Generated_Code/ASerialLdd1.o
 .group         0x00000000        0x8 ./Generated_Code/BitIoLdd1.o
 .group         0x00000000        0x8 ./Generated_Code/BitIoLdd1.o
 .group         0x00000000        0x8 ./Generated_Code/BitIoLdd1.o
 .group         0x00000000        0x8 ./Generated_Code/BitIoLdd1.o
 .group         0x00000000        0x8 ./Generated_Code/BitIoLdd1.o
 .group         0x00000000        0x8 ./Generated_Code/BitIoLdd1.o
 .group         0x00000000        0x8 ./Generated_Code/BitIoLdd1.o
 .group         0x00000000        0x8 ./Generated_Code/BitIoLdd1.o
 .group         0x00000000        0x8 ./Generated_Code/BitIoLdd1.o
 .group         0x00000000        0x8 ./Generated_Code/BitIoLdd1.o
 .group         0x00000000        0x8 ./Generated_Code/BitIoLdd1.o
 .group         0x00000000        0x8 ./Generated_Code/BitIoLdd1.o
 .text          0x00000000        0x0 ./Generated_Code/BitIoLdd1.o
 .data          0x00000000        0x0 ./Generated_Code/BitIoLdd1.o
 .bss           0x00000000        0x0 ./Generated_Code/BitIoLdd1.o
 .text.BitIoLdd1_SetDir
                0x00000000       0x3c ./Generated_Code/BitIoLdd1.o
 .text.BitIoLdd1_ClrVal
                0x00000000       0x1c ./Generated_Code/BitIoLdd1.o
 .text.BitIoLdd1_SetVal
                0x00000000       0x1c ./Generated_Code/BitIoLdd1.o
 .debug_macro   0x00000000      0x84a ./Generated_Code/BitIoLdd1.o
 .debug_macro   0x00000000       0x16 ./Generated_Code/BitIoLdd1.o
 .debug_macro   0x00000000       0x44 ./Generated_Code/BitIoLdd1.o
 .debug_macro   0x00000000      0x209 ./Generated_Code/BitIoLdd1.o
 .debug_macro   0x00000000     0x1672 ./Generated_Code/BitIoLdd1.o
 .debug_macro   0x00000000      0x14e ./Generated_Code/BitIoLdd1.o
 .debug_macro   0x00000000       0x6a ./Generated_Code/BitIoLdd1.o
 .debug_macro   0x00000000     0x9b9f ./Generated_Code/BitIoLdd1.o
 .debug_macro   0x00000000       0x94 ./Generated_Code/BitIoLdd1.o
 .debug_macro   0x00000000      0x12c ./Generated_Code/BitIoLdd1.o
 .debug_macro   0x00000000       0x46 ./Generated_Code/BitIoLdd1.o
 .group         0x00000000        0x8 ./Generated_Code/BitIoLdd2.o
 .group         0x00000000        0x8 ./Generated_Code/BitIoLdd2.o
 .group         0x00000000        0x8 ./Generated_Code/BitIoLdd2.o
 .group         0x00000000        0x8 ./Generated_Code/BitIoLdd2.o
 .group         0x00000000        0x8 ./Generated_Code/BitIoLdd2.o
 .group         0x00000000        0x8 ./Generated_Code/BitIoLdd2.o
 .group         0x00000000        0x8 ./Generated_Code/BitIoLdd2.o
 .group         0x00000000        0x8 ./Generated_Code/BitIoLdd2.o
 .group         0x00000000        0x8 ./Generated_Code/BitIoLdd2.o
 .group         0x00000000        0x8 ./Generated_Code/BitIoLdd2.o
 .group         0x00000000        0x8 ./Generated_Code/BitIoLdd2.o
 .group         0x00000000        0x8 ./Generated_Code/BitIoLdd2.o
 .text          0x00000000        0x0 ./Generated_Code/BitIoLdd2.o
 .data          0x00000000        0x0 ./Generated_Code/BitIoLdd2.o
 .bss           0x00000000        0x0 ./Generated_Code/BitIoLdd2.o
 .text.BitIoLdd2_SetDir
                0x00000000       0x3c ./Generated_Code/BitIoLdd2.o
 .text.BitIoLdd2_ClrVal
                0x00000000       0x1c ./Generated_Code/BitIoLdd2.o
 .text.BitIoLdd2_SetVal
                0x00000000       0x1c ./Generated_Code/BitIoLdd2.o
 .debug_macro   0x00000000      0x84a ./Generated_Code/BitIoLdd2.o
 .debug_macro   0x00000000       0x16 ./Generated_Code/BitIoLdd2.o
 .debug_macro   0x00000000       0x44 ./Generated_Code/BitIoLdd2.o
 .debug_macro   0x00000000      0x209 ./Generated_Code/BitIoLdd2.o
 .debug_macro   0x00000000     0x1672 ./Generated_Code/BitIoLdd2.o
 .debug_macro   0x00000000      0x14e ./Generated_Code/BitIoLdd2.o
 .debug_macro   0x00000000       0x6a ./Generated_Code/BitIoLdd2.o
 .debug_macro   0x00000000     0x9b9f ./Generated_Code/BitIoLdd2.o
 .debug_macro   0x00000000       0x94 ./Generated_Code/BitIoLdd2.o
 .debug_macro   0x00000000      0x12c ./Generated_Code/BitIoLdd2.o
 .debug_macro   0x00000000       0x9a ./Generated_Code/BitIoLdd2.o
 .group         0x00000000        0x8 ./Generated_Code/BitIoLdd3.o
 .group         0x00000000        0x8 ./Generated_Code/BitIoLdd3.o
 .group         0x00000000        0x8 ./Generated_Code/BitIoLdd3.o
 .group         0x00000000        0x8 ./Generated_Code/BitIoLdd3.o
 .group         0x00000000        0x8 ./Generated_Code/BitIoLdd3.o
 .group         0x00000000        0x8 ./Generated_Code/BitIoLdd3.o
 .group         0x00000000        0x8 ./Generated_Code/BitIoLdd3.o
 .group         0x00000000        0x8 ./Generated_Code/BitIoLdd3.o
 .group         0x00000000        0x8 ./Generated_Code/BitIoLdd3.o
 .group         0x00000000        0x8 ./Generated_Code/BitIoLdd3.o
 .group         0x00000000        0x8 ./Generated_Code/BitIoLdd3.o
 .group         0x00000000        0x8 ./Generated_Code/BitIoLdd3.o
 .text          0x00000000        0x0 ./Generated_Code/BitIoLdd3.o
 .data          0x00000000        0x0 ./Generated_Code/BitIoLdd3.o
 .bss           0x00000000        0x0 ./Generated_Code/BitIoLdd3.o
 .text.BitIoLdd3_SetDir
                0x00000000       0x3c ./Generated_Code/BitIoLdd3.o
 .text.BitIoLdd3_ClrVal
                0x00000000       0x1c ./Generated_Code/BitIoLdd3.o
 .text.BitIoLdd3_SetVal
                0x00000000       0x1c ./Generated_Code/BitIoLdd3.o
 .debug_macro   0x00000000      0x84a ./Generated_Code/BitIoLdd3.o
 .debug_macro   0x00000000       0x16 ./Generated_Code/BitIoLdd3.o
 .debug_macro   0x00000000       0x44 ./Generated_Code/BitIoLdd3.o
 .debug_macro   0x00000000      0x209 ./Generated_Code/BitIoLdd3.o
 .debug_macro   0x00000000     0x1672 ./Generated_Code/BitIoLdd3.o
 .debug_macro   0x00000000      0x14e ./Generated_Code/BitIoLdd3.o
 .debug_macro   0x00000000       0x6a ./Generated_Code/BitIoLdd3.o
 .debug_macro   0x00000000     0x9b9f ./Generated_Code/BitIoLdd3.o
 .debug_macro   0x00000000       0x94 ./Generated_Code/BitIoLdd3.o
 .debug_macro   0x00000000      0x12c ./Generated_Code/BitIoLdd3.o
 .debug_macro   0x00000000       0x9a ./Generated_Code/BitIoLdd3.o
 .group         0x00000000        0x8 ./Generated_Code/BlueLED.o
 .group         0x00000000        0x8 ./Generated_Code/BlueLED.o
 .group         0x00000000        0x8 ./Generated_Code/BlueLED.o
 .group         0x00000000        0x8 ./Generated_Code/BlueLED.o
 .group         0x00000000        0x8 ./Generated_Code/BlueLED.o
 .group         0x00000000        0x8 ./Generated_Code/BlueLED.o
 .group         0x00000000        0x8 ./Generated_Code/BlueLED.o
 .group         0x00000000        0x8 ./Generated_Code/BlueLED.o
 .group         0x00000000        0x8 ./Generated_Code/BlueLED.o
 .group         0x00000000        0x8 ./Generated_Code/BlueLED.o
 .group         0x00000000        0x8 ./Generated_Code/BlueLED.o
 .group         0x00000000        0x8 ./Generated_Code/BlueLED.o
 .group         0x00000000        0x8 ./Generated_Code/BlueLED.o
 .text          0x00000000        0x0 ./Generated_Code/BlueLED.o
 .data          0x00000000        0x0 ./Generated_Code/BlueLED.o
 .bss           0x00000000        0x0 ./Generated_Code/BlueLED.o
 .debug_info    0x00000000       0x7d ./Generated_Code/BlueLED.o
 .debug_abbrev  0x00000000       0x29 ./Generated_Code/BlueLED.o
 .debug_aranges
                0x00000000       0x18 ./Generated_Code/BlueLED.o
 .debug_macro   0x00000000       0xb5 ./Generated_Code/BlueLED.o
 .debug_macro   0x00000000      0x84a ./Generated_Code/BlueLED.o
 .debug_macro   0x00000000       0x16 ./Generated_Code/BlueLED.o
 .debug_macro   0x00000000       0x44 ./Generated_Code/BlueLED.o
 .debug_macro   0x00000000      0x209 ./Generated_Code/BlueLED.o
 .debug_macro   0x00000000     0x1672 ./Generated_Code/BlueLED.o
 .debug_macro   0x00000000      0x14e ./Generated_Code/BlueLED.o
 .debug_macro   0x00000000       0x6a ./Generated_Code/BlueLED.o
 .debug_macro   0x00000000     0x9b9f ./Generated_Code/BlueLED.o
 .debug_macro   0x00000000       0x94 ./Generated_Code/BlueLED.o
 .debug_macro   0x00000000      0x12c ./Generated_Code/BlueLED.o
 .debug_macro   0x00000000       0x9a ./Generated_Code/BlueLED.o
 .debug_macro   0x00000000       0x46 ./Generated_Code/BlueLED.o
 .debug_macro   0x00000000       0x26 ./Generated_Code/BlueLED.o
 .debug_line    0x00000000      0x23b ./Generated_Code/BlueLED.o
 .debug_str     0x00000000    0x3fd97 ./Generated_Code/BlueLED.o
 .comment       0x00000000       0x71 ./Generated_Code/BlueLED.o
 .ARM.attributes
                0x00000000       0x33 ./Generated_Code/BlueLED.o
 .group         0x00000000        0x8 ./Generated_Code/Cpu.o
 .group         0x00000000        0x8 ./Generated_Code/Cpu.o
 .group         0x00000000        0x8 ./Generated_Code/Cpu.o
 .group         0x00000000        0x8 ./Generated_Code/Cpu.o
 .group         0x00000000        0x8 ./Generated_Code/Cpu.o
 .group         0x00000000        0x8 ./Generated_Code/Cpu.o
 .group         0x00000000        0x8 ./Generated_Code/Cpu.o
 .group         0x00000000        0x8 ./Generated_Code/Cpu.o
 .group         0x00000000        0x8 ./Generated_Code/Cpu.o
 .group         0x00000000        0x8 ./Generated_Code/Cpu.o
 .group         0x00000000        0x8 ./Generated_Code/Cpu.o
 .group         0x00000000        0x8 ./Generated_Code/Cpu.o
 .group         0x00000000        0x8 ./Generated_Code/Cpu.o
 .group         0x00000000        0x8 ./Generated_Code/Cpu.o
 .group         0x00000000        0x8 ./Generated_Code/Cpu.o
 .group         0x00000000        0x8 ./Generated_Code/Cpu.o
 .group         0x00000000        0x8 ./Generated_Code/Cpu.o
 .group         0x00000000        0x8 ./Generated_Code/Cpu.o
 .group         0x00000000        0x8 ./Generated_Code/Cpu.o
 .text          0x00000000        0x0 ./Generated_Code/Cpu.o
 .data          0x00000000        0x0 ./Generated_Code/Cpu.o
 .bss           0x00000000        0x0 ./Generated_Code/Cpu.o
 .bss.SR_lock   0x00000000        0x1 ./Generated_Code/Cpu.o
 .debug_macro   0x00000000      0x84a ./Generated_Code/Cpu.o
 .debug_macro   0x00000000       0x16 ./Generated_Code/Cpu.o
 .debug_macro   0x00000000       0x44 ./Generated_Code/Cpu.o
 .debug_macro   0x00000000      0x209 ./Generated_Code/Cpu.o
 .debug_macro   0x00000000     0x1672 ./Generated_Code/Cpu.o
 .debug_macro   0x00000000      0x14e ./Generated_Code/Cpu.o
 .debug_macro   0x00000000       0x6a ./Generated_Code/Cpu.o
 .debug_macro   0x00000000     0x9b9f ./Generated_Code/Cpu.o
 .debug_macro   0x00000000       0x94 ./Generated_Code/Cpu.o
 .debug_macro   0x00000000      0x12c ./Generated_Code/Cpu.o
 .debug_macro   0x00000000       0x9a ./Generated_Code/Cpu.o
 .debug_macro   0x00000000       0x46 ./Generated_Code/Cpu.o
 .debug_macro   0x00000000       0x26 ./Generated_Code/Cpu.o
 .debug_macro   0x00000000       0x65 ./Generated_Code/Cpu.o
 .debug_macro   0x00000000       0x11 ./Generated_Code/Cpu.o
 .debug_macro   0x00000000       0x4c ./Generated_Code/Cpu.o
 .debug_macro   0x00000000       0x26 ./Generated_Code/Cpu.o
 .debug_macro   0x00000000       0x4c ./Generated_Code/Cpu.o
 .debug_macro   0x00000000       0x26 ./Generated_Code/Cpu.o
 COMMON         0x00000000        0x1 ./Generated_Code/Cpu.o
 .group         0x00000000        0x8 ./Generated_Code/GreenLED.o
 .group         0x00000000        0x8 ./Generated_Code/GreenLED.o
 .group         0x00000000        0x8 ./Generated_Code/GreenLED.o
 .group         0x00000000        0x8 ./Generated_Code/GreenLED.o
 .group         0x00000000        0x8 ./Generated_Code/GreenLED.o
 .group         0x00000000        0x8 ./Generated_Code/GreenLED.o
 .group         0x00000000        0x8 ./Generated_Code/GreenLED.o
 .group         0x00000000        0x8 ./Generated_Code/GreenLED.o
 .group         0x00000000        0x8 ./Generated_Code/GreenLED.o
 .group         0x00000000        0x8 ./Generated_Code/GreenLED.o
 .group         0x00000000        0x8 ./Generated_Code/GreenLED.o
 .group         0x00000000        0x8 ./Generated_Code/GreenLED.o
 .group         0x00000000        0x8 ./Generated_Code/GreenLED.o
 .text          0x00000000        0x0 ./Generated_Code/GreenLED.o
 .data          0x00000000        0x0 ./Generated_Code/GreenLED.o
 .bss           0x00000000        0x0 ./Generated_Code/GreenLED.o
 .debug_info    0x00000000       0x7d ./Generated_Code/GreenLED.o
 .debug_abbrev  0x00000000       0x29 ./Generated_Code/GreenLED.o
 .debug_aranges
                0x00000000       0x18 ./Generated_Code/GreenLED.o
 .debug_macro   0x00000000       0xb5 ./Generated_Code/GreenLED.o
 .debug_macro   0x00000000      0x84a ./Generated_Code/GreenLED.o
 .debug_macro   0x00000000       0x16 ./Generated_Code/GreenLED.o
 .debug_macro   0x00000000       0x44 ./Generated_Code/GreenLED.o
 .debug_macro   0x00000000      0x209 ./Generated_Code/GreenLED.o
 .debug_macro   0x00000000     0x1672 ./Generated_Code/GreenLED.o
 .debug_macro   0x00000000      0x14e ./Generated_Code/GreenLED.o
 .debug_macro   0x00000000       0x6a ./Generated_Code/GreenLED.o
 .debug_macro   0x00000000     0x9b9f ./Generated_Code/GreenLED.o
 .debug_macro   0x00000000       0x94 ./Generated_Code/GreenLED.o
 .debug_macro   0x00000000      0x12c ./Generated_Code/GreenLED.o
 .debug_macro   0x00000000       0x9a ./Generated_Code/GreenLED.o
 .debug_macro   0x00000000       0x46 ./Generated_Code/GreenLED.o
 .debug_macro   0x00000000       0x26 ./Generated_Code/GreenLED.o
 .debug_line    0x00000000      0x23d ./Generated_Code/GreenLED.o
 .debug_str     0x00000000    0x3fd9e ./Generated_Code/GreenLED.o
 .comment       0x00000000       0x71 ./Generated_Code/GreenLED.o
 .ARM.attributes
                0x00000000       0x33 ./Generated_Code/GreenLED.o
 .group         0x00000000        0x8 ./Generated_Code/PE_LDD.o
 .group         0x00000000        0x8 ./Generated_Code/PE_LDD.o
 .group         0x00000000        0x8 ./Generated_Code/PE_LDD.o
 .group         0x00000000        0x8 ./Generated_Code/PE_LDD.o
 .group         0x00000000        0x8 ./Generated_Code/PE_LDD.o
 .group         0x00000000        0x8 ./Generated_Code/PE_LDD.o
 .group         0x00000000        0x8 ./Generated_Code/PE_LDD.o
 .group         0x00000000        0x8 ./Generated_Code/PE_LDD.o
 .group         0x00000000        0x8 ./Generated_Code/PE_LDD.o
 .group         0x00000000        0x8 ./Generated_Code/PE_LDD.o
 .group         0x00000000        0x8 ./Generated_Code/PE_LDD.o
 .group         0x00000000        0x8 ./Generated_Code/PE_LDD.o
 .group         0x00000000        0x8 ./Generated_Code/PE_LDD.o
 .group         0x00000000        0x8 ./Generated_Code/PE_LDD.o
 .group         0x00000000        0x8 ./Generated_Code/PE_LDD.o
 .group         0x00000000        0x8 ./Generated_Code/PE_LDD.o
 .group         0x00000000        0x8 ./Generated_Code/PE_LDD.o
 .group         0x00000000        0x8 ./Generated_Code/PE_LDD.o
 .group         0x00000000        0x8 ./Generated_Code/PE_LDD.o
 .text          0x00000000        0x0 ./Generated_Code/PE_LDD.o
 .data          0x00000000        0x0 ./Generated_Code/PE_LDD.o
 .bss           0x00000000        0x0 ./Generated_Code/PE_LDD.o
 .rodata.PE_CpuClockConfigurations
                0x00000000       0x28 ./Generated_Code/PE_LDD.o
 .text.PE_FillMemory
                0x00000000       0x24 ./Generated_Code/PE_LDD.o
 .text.PE_PeripheralUsed
                0x00000000       0x54 ./Generated_Code/PE_LDD.o
 .text.LDD_SetClockConfiguration
                0x00000000       0x14 ./Generated_Code/PE_LDD.o
 .debug_macro   0x00000000      0x84a ./Generated_Code/PE_LDD.o
 .debug_macro   0x00000000       0x16 ./Generated_Code/PE_LDD.o
 .debug_macro   0x00000000       0x44 ./Generated_Code/PE_LDD.o
 .debug_macro   0x00000000      0x209 ./Generated_Code/PE_LDD.o
 .debug_macro   0x00000000     0x1672 ./Generated_Code/PE_LDD.o
 .debug_macro   0x00000000      0x14e ./Generated_Code/PE_LDD.o
 .debug_macro   0x00000000       0x6a ./Generated_Code/PE_LDD.o
 .debug_macro   0x00000000     0x9b9f ./Generated_Code/PE_LDD.o
 .debug_macro   0x00000000       0x94 ./Generated_Code/PE_LDD.o
 .debug_macro   0x00000000      0x12c ./Generated_Code/PE_LDD.o
 .debug_macro   0x00000000       0x9a ./Generated_Code/PE_LDD.o
 .debug_macro   0x00000000       0x46 ./Generated_Code/PE_LDD.o
 .debug_macro   0x00000000       0x26 ./Generated_Code/PE_LDD.o
 .debug_macro   0x00000000       0x65 ./Generated_Code/PE_LDD.o
 .debug_macro   0x00000000       0x11 ./Generated_Code/PE_LDD.o
 .debug_macro   0x00000000       0x4c ./Generated_Code/PE_LDD.o
 .debug_macro   0x00000000       0x26 ./Generated_Code/PE_LDD.o
 .debug_macro   0x00000000       0x4c ./Generated_Code/PE_LDD.o
 .debug_macro   0x00000000       0x26 ./Generated_Code/PE_LDD.o
 .group         0x00000000        0x8 ./Generated_Code/RedLED.o
 .group         0x00000000        0x8 ./Generated_Code/RedLED.o
 .group         0x00000000        0x8 ./Generated_Code/RedLED.o
 .group         0x00000000        0x8 ./Generated_Code/RedLED.o
 .group         0x00000000        0x8 ./Generated_Code/RedLED.o
 .group         0x00000000        0x8 ./Generated_Code/RedLED.o
 .group         0x00000000        0x8 ./Generated_Code/RedLED.o
 .group         0x00000000        0x8 ./Generated_Code/RedLED.o
 .group         0x00000000        0x8 ./Generated_Code/RedLED.o
 .group         0x00000000        0x8 ./Generated_Code/RedLED.o
 .group         0x00000000        0x8 ./Generated_Code/RedLED.o
 .group         0x00000000        0x8 ./Generated_Code/RedLED.o
 .group         0x00000000        0x8 ./Generated_Code/RedLED.o
 .text          0x00000000        0x0 ./Generated_Code/RedLED.o
 .data          0x00000000        0x0 ./Generated_Code/RedLED.o
 .bss           0x00000000        0x0 ./Generated_Code/RedLED.o
 .debug_info    0x00000000       0x7d ./Generated_Code/RedLED.o
 .debug_abbrev  0x00000000       0x29 ./Generated_Code/RedLED.o
 .debug_aranges
                0x00000000       0x18 ./Generated_Code/RedLED.o
 .debug_macro   0x00000000       0xb5 ./Generated_Code/RedLED.o
 .debug_macro   0x00000000      0x84a ./Generated_Code/RedLED.o
 .debug_macro   0x00000000       0x16 ./Generated_Code/RedLED.o
 .debug_macro   0x00000000       0x44 ./Generated_Code/RedLED.o
 .debug_macro   0x00000000      0x209 ./Generated_Code/RedLED.o
 .debug_macro   0x00000000     0x1672 ./Generated_Code/RedLED.o
 .debug_macro   0x00000000      0x14e ./Generated_Code/RedLED.o
 .debug_macro   0x00000000       0x6a ./Generated_Code/RedLED.o
 .debug_macro   0x00000000     0x9b9f ./Generated_Code/RedLED.o
 .debug_macro   0x00000000       0x94 ./Generated_Code/RedLED.o
 .debug_macro   0x00000000      0x12c ./Generated_Code/RedLED.o
 .debug_macro   0x00000000       0x9a ./Generated_Code/RedLED.o
 .debug_macro   0x00000000       0x46 ./Generated_Code/RedLED.o
 .debug_macro   0x00000000       0x26 ./Generated_Code/RedLED.o
 .debug_line    0x00000000      0x239 ./Generated_Code/RedLED.o
 .debug_str     0x00000000    0x3fd90 ./Generated_Code/RedLED.o
 .comment       0x00000000       0x71 ./Generated_Code/RedLED.o
 .ARM.attributes
                0x00000000       0x33 ./Generated_Code/RedLED.o
 .group         0x00000000        0x8 ./Generated_Code/Vectors.o
 .group         0x00000000        0x8 ./Generated_Code/Vectors.o
 .group         0x00000000        0x8 ./Generated_Code/Vectors.o
 .group         0x00000000        0x8 ./Generated_Code/Vectors.o
 .group         0x00000000        0x8 ./Generated_Code/Vectors.o
 .group         0x00000000        0x8 ./Generated_Code/Vectors.o
 .group         0x00000000        0x8 ./Generated_Code/Vectors.o
 .group         0x00000000        0x8 ./Generated_Code/Vectors.o
 .group         0x00000000        0x8 ./Generated_Code/Vectors.o
 .group         0x00000000        0x8 ./Generated_Code/Vectors.o
 .group         0x00000000        0x8 ./Generated_Code/Vectors.o
 .group         0x00000000        0x8 ./Generated_Code/Vectors.o
 .group         0x00000000        0x8 ./Generated_Code/Vectors.o
 .group         0x00000000        0x8 ./Generated_Code/Vectors.o
 .group         0x00000000        0x8 ./Generated_Code/Vectors.o
 .group         0x00000000        0x8 ./Generated_Code/Vectors.o
 .group         0x00000000        0x8 ./Generated_Code/Vectors.o
 .group         0x00000000        0x8 ./Generated_Code/Vectors.o
 .group         0x00000000        0x8 ./Generated_Code/Vectors.o
 .text          0x00000000        0x0 ./Generated_Code/Vectors.o
 .data          0x00000000        0x0 ./Generated_Code/Vectors.o
 .bss           0x00000000        0x0 ./Generated_Code/Vectors.o
 .debug_macro   0x00000000      0x84a ./Generated_Code/Vectors.o
 .debug_macro   0x00000000       0x16 ./Generated_Code/Vectors.o
 .debug_macro   0x00000000       0x44 ./Generated_Code/Vectors.o
 .debug_macro   0x00000000      0x209 ./Generated_Code/Vectors.o
 .debug_macro   0x00000000     0x1672 ./Generated_Code/Vectors.o
 .debug_macro   0x00000000      0x14e ./Generated_Code/Vectors.o
 .debug_macro   0x00000000       0x6a ./Generated_Code/Vectors.o
 .debug_macro   0x00000000     0x9b9f ./Generated_Code/Vectors.o
 .debug_macro   0x00000000       0x94 ./Generated_Code/Vectors.o
 .debug_macro   0x00000000       0x94 ./Generated_Code/Vectors.o
 .debug_macro   0x00000000      0x12c ./Generated_Code/Vectors.o
 .debug_macro   0x00000000       0x46 ./Generated_Code/Vectors.o
 .debug_macro   0x00000000       0x26 ./Generated_Code/Vectors.o
 .debug_macro   0x00000000       0x65 ./Generated_Code/Vectors.o
 .debug_macro   0x00000000       0x11 ./Generated_Code/Vectors.o
 .debug_macro   0x00000000       0x4c ./Generated_Code/Vectors.o
 .debug_macro   0x00000000       0x26 ./Generated_Code/Vectors.o
 .debug_macro   0x00000000       0x4c ./Generated_Code/Vectors.o
 .debug_macro   0x00000000       0x26 ./Generated_Code/Vectors.o
 .text          0x00000000        0x0 c:/freescale/kds_3.0.0/toolchain/bin/../lib/gcc/arm-none-eabi/4.8.4/../../../../arm-none-eabi/lib/armv7e-m\libg_s.a(lib_a-exit.o)
 .data          0x00000000        0x0 c:/freescale/kds_3.0.0/toolchain/bin/../lib/gcc/arm-none-eabi/4.8.4/../../../../arm-none-eabi/lib/armv7e-m\libg_s.a(lib_a-exit.o)
 .bss           0x00000000        0x0 c:/freescale/kds_3.0.0/toolchain/bin/../lib/gcc/arm-none-eabi/4.8.4/../../../../arm-none-eabi/lib/armv7e-m\libg_s.a(lib_a-exit.o)
 .text          0x00000000        0x0 c:/freescale/kds_3.0.0/toolchain/bin/../lib/gcc/arm-none-eabi/4.8.4/../../../../arm-none-eabi/lib/armv7e-m\libg_s.a(lib_a-impure.o)
 .data          0x00000000        0x0 c:/freescale/kds_3.0.0/toolchain/bin/../lib/gcc/arm-none-eabi/4.8.4/../../../../arm-none-eabi/lib/armv7e-m\libg_s.a(lib_a-impure.o)
 .bss           0x00000000        0x0 c:/freescale/kds_3.0.0/toolchain/bin/../lib/gcc/arm-none-eabi/4.8.4/../../../../arm-none-eabi/lib/armv7e-m\libg_s.a(lib_a-impure.o)
 .data._impure_ptr
                0x00000000        0x4 c:/freescale/kds_3.0.0/toolchain/bin/../lib/gcc/arm-none-eabi/4.8.4/../../../../arm-none-eabi/lib/armv7e-m\libg_s.a(lib_a-impure.o)
 .text          0x00000000        0x0 c:/freescale/kds_3.0.0/toolchain/bin/../lib/gcc/arm-none-eabi/4.8.4/../../../../arm-none-eabi/lib/armv7e-m\libg_s.a(lib_a-init.o)
 .data          0x00000000        0x0 c:/freescale/kds_3.0.0/toolchain/bin/../lib/gcc/arm-none-eabi/4.8.4/../../../../arm-none-eabi/lib/armv7e-m\libg_s.a(lib_a-init.o)
 .bss           0x00000000        0x0 c:/freescale/kds_3.0.0/toolchain/bin/../lib/gcc/arm-none-eabi/4.8.4/../../../../arm-none-eabi/lib/armv7e-m\libg_s.a(lib_a-init.o)
 .text          0x00000000        0x0 c:/freescale/kds_3.0.0/toolchain/bin/../lib/gcc/arm-none-eabi/4.8.4/../../../../arm-none-eabi/lib/armv7e-m\libg_s.a(lib_a-memset.o)
 .data          0x00000000        0x0 c:/freescale/kds_3.0.0/toolchain/bin/../lib/gcc/arm-none-eabi/4.8.4/../../../../arm-none-eabi/lib/armv7e-m\libg_s.a(lib_a-memset.o)
 .bss           0x00000000        0x0 c:/freescale/kds_3.0.0/toolchain/bin/../lib/gcc/arm-none-eabi/4.8.4/../../../../arm-none-eabi/lib/armv7e-m\libg_s.a(lib_a-memset.o)
 .text          0x00000000        0x0 c:/freescale/kds_3.0.0/toolchain/bin/../lib/gcc/arm-none-eabi/4.8.4/../../../../arm-none-eabi/lib/armv7e-m\libg_s.a(lib_a-strlen.o)
 .data          0x00000000        0x0 c:/freescale/kds_3.0.0/toolchain/bin/../lib/gcc/arm-none-eabi/4.8.4/../../../../arm-none-eabi/lib/armv7e-m\libg_s.a(lib_a-strlen.o)
 .bss           0x00000000        0x0 c:/freescale/kds_3.0.0/toolchain/bin/../lib/gcc/arm-none-eabi/4.8.4/../../../../arm-none-eabi/lib/armv7e-m\libg_s.a(lib_a-strlen.o)
 .text          0x00000000        0x0 c:/freescale/kds_3.0.0/toolchain/bin/../lib/gcc/arm-none-eabi/4.8.4/../../../../arm-none-eabi/lib/armv7e-m\libnosys.a(_exit.o)
 .data          0x00000000        0x0 c:/freescale/kds_3.0.0/toolchain/bin/../lib/gcc/arm-none-eabi/4.8.4/../../../../arm-none-eabi/lib/armv7e-m\libnosys.a(_exit.o)
 .bss           0x00000000        0x0 c:/freescale/kds_3.0.0/toolchain/bin/../lib/gcc/arm-none-eabi/4.8.4/../../../../arm-none-eabi/lib/armv7e-m\libnosys.a(_exit.o)
 .text          0x00000000        0x0 c:/freescale/kds_3.0.0/toolchain/bin/../lib/gcc/arm-none-eabi/4.8.4/armv7e-m/crtend.o
 .data          0x00000000        0x0 c:/freescale/kds_3.0.0/toolchain/bin/../lib/gcc/arm-none-eabi/4.8.4/armv7e-m/crtend.o
 .bss           0x00000000        0x0 c:/freescale/kds_3.0.0/toolchain/bin/../lib/gcc/arm-none-eabi/4.8.4/armv7e-m/crtend.o
 .eh_frame      0x00000000        0x4 c:/freescale/kds_3.0.0/toolchain/bin/../lib/gcc/arm-none-eabi/4.8.4/armv7e-m/crtend.o
 .jcr           0x00000000        0x4 c:/freescale/kds_3.0.0/toolchain/bin/../lib/gcc/arm-none-eabi/4.8.4/armv7e-m/crtend.o
 .ARM.attributes
                0x00000000       0x2e c:/freescale/kds_3.0.0/toolchain/bin/../lib/gcc/arm-none-eabi/4.8.4/armv7e-m/crtend.o
 .text          0x00000000        0x0 c:/freescale/kds_3.0.0/toolchain/bin/../lib/gcc/arm-none-eabi/4.8.4/armv7e-m/crtn.o
 .data          0x00000000        0x0 c:/freescale/kds_3.0.0/toolchain/bin/../lib/gcc/arm-none-eabi/4.8.4/armv7e-m/crtn.o
 .bss           0x00000000        0x0 c:/freescale/kds_3.0.0/toolchain/bin/../lib/gcc/arm-none-eabi/4.8.4/armv7e-m/crtn.o

Memory Configuration

Name             Origin             Length             Attributes
m_interrupts     0x00000000         0x000000f8         xr
m_text           0x00000410         0x0001fbf0         xr
m_data           0x1fffe000         0x00002000         rw
m_data_20000000  0x20000000         0x00002000         rw
m_cfmprotrom     0x00000400         0x00000010         xr
*default*        0x00000000         0xffffffff

Linker script and memory map

LOAD c:/freescale/kds_3.0.0/toolchain/bin/../lib/gcc/arm-none-eabi/4.8.4/armv7e-m/crti.o
LOAD c:/freescale/kds_3.0.0/toolchain/bin/../lib/gcc/arm-none-eabi/4.8.4/armv7e-m/crtbegin.o
LOAD c:/freescale/kds_3.0.0/toolchain/bin/../lib/gcc/arm-none-eabi/4.8.4/../../../../arm-none-eabi/lib/armv7e-m/crt0.o
LOAD ./Sources/Events.o
LOAD ./Sources/main.o
LOAD ./Project_Settings/Startup_Code/startup.o
LOAD ./Generated_Code/AS1.o
LOAD ./Generated_Code/ASerialLdd1.o
LOAD ./Generated_Code/BitIoLdd1.o
LOAD ./Generated_Code/BitIoLdd2.o
LOAD ./Generated_Code/BitIoLdd3.o
LOAD ./Generated_Code/BlueLED.o
LOAD ./Generated_Code/Cpu.o
LOAD ./Generated_Code/GreenLED.o
LOAD ./Generated_Code/PE_LDD.o
LOAD ./Generated_Code/RedLED.o
LOAD ./Generated_Code/Vectors.o
LOAD c:/freescale/kds_3.0.0/toolchain/bin/../lib/gcc/arm-none-eabi/4.8.4/../../../../arm-none-eabi/lib/armv7e-m\libstdc++_s.a
LOAD c:/freescale/kds_3.0.0/toolchain/bin/../lib/gcc/arm-none-eabi/4.8.4/../../../../arm-none-eabi/lib/armv7e-m\libm.a
START GROUP
LOAD c:/freescale/kds_3.0.0/toolchain/bin/../lib/gcc/arm-none-eabi/4.8.4/armv7e-m\libgcc.a
LOAD c:/freescale/kds_3.0.0/toolchain/bin/../lib/gcc/arm-none-eabi/4.8.4/../../../../arm-none-eabi/lib/armv7e-m\libg_s.a
LOAD c:/freescale/kds_3.0.0/toolchain/bin/../lib/gcc/arm-none-eabi/4.8.4/../../../../arm-none-eabi/lib/armv7e-m\libc_s.a
END GROUP
START GROUP
LOAD c:/freescale/kds_3.0.0/toolchain/bin/../lib/gcc/arm-none-eabi/4.8.4/armv7e-m\libgcc.a
LOAD c:/freescale/kds_3.0.0/toolchain/bin/../lib/gcc/arm-none-eabi/4.8.4/../../../../arm-none-eabi/lib/armv7e-m\libc_s.a
LOAD c:/freescale/kds_3.0.0/toolchain/bin/../lib/gcc/arm-none-eabi/4.8.4/../../../../arm-none-eabi/lib/armv7e-m\libnosys.a
END GROUP
START GROUP
LOAD c:/freescale/kds_3.0.0/toolchain/bin/../lib/gcc/arm-none-eabi/4.8.4/armv7e-m\libgcc.a
LOAD c:/freescale/kds_3.0.0/toolchain/bin/../lib/gcc/arm-none-eabi/4.8.4/../../../../arm-none-eabi/lib/armv7e-m\libc_s.a
LOAD c:/freescale/kds_3.0.0/toolchain/bin/../lib/gcc/arm-none-eabi/4.8.4/../../../../arm-none-eabi/lib/armv7e-m\libnosys.a
END GROUP
LOAD c:/freescale/kds_3.0.0/toolchain/bin/../lib/gcc/arm-none-eabi/4.8.4/armv7e-m/crtend.o
LOAD c:/freescale/kds_3.0.0/toolchain/bin/../lib/gcc/arm-none-eabi/4.8.4/armv7e-m/crtn.o
                0x20000000                _estack = 0x20000000
                0x20000000                __SP_INIT = _estack
                0x20000000                __stack = _estack
                0x00000000                __heap_size = 0x0
                0x00000400                __stack_size = 0x400

.interrupts     0x00000000       0xf8
                0x00000000                __vector_table = .
                0x00000000                . = ALIGN (0x4)
 *(.vectortable)
 .vectortable   0x00000000       0xf8 ./Generated_Code/Vectors.o
                0x00000000                __vect_table
                0x000000f8                . = ALIGN (0x4)

.cfmprotect     0x00000400       0x10
                0x00000400                . = ALIGN (0x4)
 *(.cfmconfig)
 .cfmconfig     0x00000400       0x10 ./Generated_Code/Cpu.o
                0x00000400                _cfm
                0x00000410                . = ALIGN (0x4)

.text           0x00000410      0xeb0
                0x00000410                . = ALIGN (0x4)
 *(.text)
 .text          0x00000410       0x54 c:/freescale/kds_3.0.0/toolchain/bin/../lib/gcc/arm-none-eabi/4.8.4/armv7e-m/crtbegin.o
 .text          0x00000464       0x74 c:/freescale/kds_3.0.0/toolchain/bin/../lib/gcc/arm-none-eabi/4.8.4/../../../../arm-none-eabi/lib/armv7e-m/crt0.o
                0x00000464                _start
                0x00000464                _mainCRTStartup
 *(.text*)
 .text.Cpu_OnNMIINT
                0x000004d8        0xc ./Sources/Events.o
                0x000004d8                Cpu_OnNMIINT
 .text.charRecieved
                0x000004e4       0x28 ./Sources/main.o
                0x000004e4                charRecieved
 .text.Send     0x0000050c       0x48 ./Sources/main.o
                0x0000050c                Send
 .text.main     0x00000554       0xac ./Sources/main.o
                0x00000554                main
 .text.__copy_rom_section
                0x00000600       0xe4 ./Project_Settings/Startup_Code/startup.o
                0x00000600                __copy_rom_section
 .text.__copy_rom_sections_to_ram
                0x000006e4       0x9c ./Project_Settings/Startup_Code/startup.o
                0x000006e4                __copy_rom_sections_to_ram
 .text.__init_registers
                0x00000780        0xc ./Project_Settings/Startup_Code/startup.o
                0x00000780                __init_registers
 .text.__init_user
                0x0000078c        0xc ./Project_Settings/Startup_Code/startup.o
                0x0000078c                __init_user
 .text.__thumb_startup
                0x00000798       0x34 ./Project_Settings/Startup_Code/startup.o
                0x00000798                __thumb_startup
 .text.HWEnDi   0x000007cc       0x1c ./Generated_Code/AS1.o
 .text.AS1_RecvChar
                0x000007e8       0x80 ./Generated_Code/AS1.o
                0x000007e8                AS1_RecvChar
 .text.AS1_SendChar
                0x00000868       0x5c ./Generated_Code/AS1.o
                0x00000868                AS1_SendChar
 .text.AS1_Init
                0x000008c4       0x24 ./Generated_Code/AS1.o
                0x000008c4                AS1_Init
 .text.ASerialLdd1_OnBreak
                0x000008e8       0x24 ./Generated_Code/AS1.o
                0x000008e8                ASerialLdd1_OnBreak
 .text.ASerialLdd1_Init
                0x0000090c      0x160 ./Generated_Code/ASerialLdd1.o
                0x0000090c                ASerialLdd1_Init
 .text.ASerialLdd1_ReceiveBlock
                0x00000a6c       0x48 ./Generated_Code/ASerialLdd1.o
                0x00000a6c                ASerialLdd1_ReceiveBlock
 .text.ASerialLdd1_SendBlock
                0x00000ab4       0x58 ./Generated_Code/ASerialLdd1.o
                0x00000ab4                ASerialLdd1_SendBlock
 .text.ASerialLdd1_GetReceivedDataNum
                0x00000b0c       0x1c ./Generated_Code/ASerialLdd1.o
                0x00000b0c                ASerialLdd1_GetReceivedDataNum
 .text.InterruptRx
                0x00000b28       0x50 ./Generated_Code/ASerialLdd1.o
 .text.InterruptTx
                0x00000b78       0x60 ./Generated_Code/ASerialLdd1.o
 .text.ASerialLdd1_Main
                0x00000bd8       0xd8 ./Generated_Code/ASerialLdd1.o
                0x00000bd8                ASerialLdd1_Main
 .text.ASerialLdd1_GetError
                0x00000cb0       0x2c ./Generated_Code/ASerialLdd1.o
                0x00000cb0                ASerialLdd1_GetError
 .text.BitIoLdd1_Init
                0x00000cdc       0x64 ./Generated_Code/BitIoLdd1.o
                0x00000cdc                BitIoLdd1_Init
 .text.BitIoLdd1_GetVal
                0x00000d40       0x48 ./Generated_Code/BitIoLdd1.o
                0x00000d40                BitIoLdd1_GetVal
 .text.BitIoLdd1_PutVal
                0x00000d88       0x30 ./Generated_Code/BitIoLdd1.o
                0x00000d88                BitIoLdd1_PutVal
 .text.BitIoLdd2_Init
                0x00000db8       0x64 ./Generated_Code/BitIoLdd2.o
                0x00000db8                BitIoLdd2_Init
 .text.BitIoLdd2_GetVal
                0x00000e1c       0x48 ./Generated_Code/BitIoLdd2.o
                0x00000e1c                BitIoLdd2_GetVal
 .text.BitIoLdd2_PutVal
                0x00000e64       0x30 ./Generated_Code/BitIoLdd2.o
                0x00000e64                BitIoLdd2_PutVal
 .text.BitIoLdd3_Init
                0x00000e94       0x64 ./Generated_Code/BitIoLdd3.o
                0x00000e94                BitIoLdd3_Init
 .text.BitIoLdd3_GetVal
                0x00000ef8       0x48 ./Generated_Code/BitIoLdd3.o
                0x00000ef8                BitIoLdd3_GetVal
 .text.BitIoLdd3_PutVal
                0x00000f40       0x30 ./Generated_Code/BitIoLdd3.o
                0x00000f40                BitIoLdd3_PutVal
 .text.Cpu_INT_NMIInterrupt
                0x00000f70       0x1c ./Generated_Code/Cpu.o
                0x00000f70                Cpu_INT_NMIInterrupt
 .text.Cpu_Interrupt
                0x00000f8c       0x18 ./Generated_Code/Cpu.o
                0x00000f8c                Cpu_Interrupt
 .text.__init_hardware
                0x00000fa4      0x11c ./Generated_Code/Cpu.o
                0x00000fa4                __init_hardware
 .text.Cpu_SetBASEPRI
                0x000010c0       0x18 ./Generated_Code/Cpu.o
                0x000010c0                Cpu_SetBASEPRI
 .text.PE_low_level_init
                0x000010d8       0xbc ./Generated_Code/Cpu.o
                0x000010d8                PE_low_level_init
 .text.exit     0x00001194       0x28 c:/freescale/kds_3.0.0/toolchain/bin/../lib/gcc/arm-none-eabi/4.8.4/../../../../arm-none-eabi/lib/armv7e-m\libg_s.a(lib_a-exit.o)
                0x00001194                exit
 .text.__libc_init_array
                0x000011bc       0x4c c:/freescale/kds_3.0.0/toolchain/bin/../lib/gcc/arm-none-eabi/4.8.4/../../../../arm-none-eabi/lib/armv7e-m\libg_s.a(lib_a-init.o)
                0x000011bc                __libc_init_array
 .text.memset   0x00001208       0x10 c:/freescale/kds_3.0.0/toolchain/bin/../lib/gcc/arm-none-eabi/4.8.4/../../../../arm-none-eabi/lib/armv7e-m\libg_s.a(lib_a-memset.o)
                0x00001208                memset
 .text.strlen   0x00001218       0x10 c:/freescale/kds_3.0.0/toolchain/bin/../lib/gcc/arm-none-eabi/4.8.4/../../../../arm-none-eabi/lib/armv7e-m\libg_s.a(lib_a-strlen.o)
                0x00001218                strlen
 .text._exit    0x00001228        0x4 c:/freescale/kds_3.0.0/toolchain/bin/../lib/gcc/arm-none-eabi/4.8.4/../../../../arm-none-eabi/lib/armv7e-m\libnosys.a(_exit.o)
                0x00001228                _exit
 *(.rodata)
 .rodata        0x0000122c       0x74 ./Sources/main.o
 *(.rodata*)
 .rodata.str1.1
                0x000012a0        0x2 c:/freescale/kds_3.0.0/toolchain/bin/../lib/gcc/arm-none-eabi/4.8.4/../../../../arm-none-eabi/lib/armv7e-m\libg_s.a(lib_a-impure.o)
 *fill*         0x000012a2        0x2 
 .rodata._global_impure_ptr
                0x000012a4        0x4 c:/freescale/kds_3.0.0/toolchain/bin/../lib/gcc/arm-none-eabi/4.8.4/../../../../arm-none-eabi/lib/armv7e-m\libg_s.a(lib_a-impure.o)
                0x000012a4                _global_impure_ptr
 *(.glue_7)
 .glue_7        0x00000000        0x0 linker stubs
 *(.glue_7t)
 .glue_7t       0x00000000        0x0 linker stubs
 *(.eh_frame)
 .eh_frame      0x000012a8        0x0 c:/freescale/kds_3.0.0/toolchain/bin/../lib/gcc/arm-none-eabi/4.8.4/armv7e-m/crtbegin.o
 *(.init)
 .init          0x000012a8        0x4 c:/freescale/kds_3.0.0/toolchain/bin/../lib/gcc/arm-none-eabi/4.8.4/armv7e-m/crti.o
                0x000012a8                _init
 .init          0x000012ac        0x8 c:/freescale/kds_3.0.0/toolchain/bin/../lib/gcc/arm-none-eabi/4.8.4/armv7e-m/crtn.o
 *(.fini)
 .fini          0x000012b4        0x4 c:/freescale/kds_3.0.0/toolchain/bin/../lib/gcc/arm-none-eabi/4.8.4/armv7e-m/crti.o
                0x000012b4                _fini
 .fini          0x000012b8        0x8 c:/freescale/kds_3.0.0/toolchain/bin/../lib/gcc/arm-none-eabi/4.8.4/armv7e-m/crtn.o
                0x000012c0                . = ALIGN (0x4)
                0x000012c0                _etext = .

.vfp11_veneer   0x000012c0        0x0
 .vfp11_veneer  0x00000000        0x0 linker stubs

.v4_bx          0x000012c0        0x0
 .v4_bx         0x00000000        0x0 linker stubs

.iplt           0x000012c0        0x0
 .iplt          0x00000000        0x0 c:/freescale/kds_3.0.0/toolchain/bin/../lib/gcc/arm-none-eabi/4.8.4/armv7e-m/crtbegin.o

.ARM.extab
 *(.ARM.extab* .gnu.linkonce.armextab.*)

.ARM            0x000012c0        0x8
                0x000012c0                __exidx_start = .
 *(.ARM.exidx*)
 .ARM.exidx     0x000012c0        0x8 c:/freescale/kds_3.0.0/toolchain/bin/../lib/gcc/arm-none-eabi/4.8.4/../../../../arm-none-eabi/lib/armv7e-m/crt0.o
                0x000012c8                __exidx_end = .

.rel.dyn        0x000012c8        0x0
 .rel.iplt      0x00000000        0x0 c:/freescale/kds_3.0.0/toolchain/bin/../lib/gcc/arm-none-eabi/4.8.4/armv7e-m/crtbegin.o

.ctors          0x000012c8        0x0
                0x000012c8                __CTOR_LIST__ = .
 *crtbegin.o(.ctors)
 *(EXCLUDE_FILE(*crtend.o) .ctors)
 *(SORT(.ctors.*))
 *(.ctors)
                0x000012c8                __CTOR_END__ = .

.dtors          0x000012c8        0x0
                0x000012c8                __DTOR_LIST__ = .
 *crtbegin.o(.dtors)
 *(EXCLUDE_FILE(*crtend.o) .dtors)
 *(SORT(.dtors.*))
 *(.dtors)
                0x000012c8                __DTOR_END__ = .

.preinit_array  0x000012c8        0x0
                0x000012c8                PROVIDE (__preinit_array_start, .)
 *(.preinit_array*)
                0x000012c8                PROVIDE (__preinit_array_end, .)

.init_array     0x000012c8        0x4
                0x000012c8                PROVIDE (__init_array_start, .)
 *(SORT(.init_array.*))
 *(.init_array*)
 .init_array    0x000012c8        0x4 c:/freescale/kds_3.0.0/toolchain/bin/../lib/gcc/arm-none-eabi/4.8.4/armv7e-m/crtbegin.o
                0x000012cc                PROVIDE (__init_array_end, .)

.fini_array     0x000012cc        0x4
                0x000012cc                PROVIDE (__fini_array_start, .)
 *(SORT(.fini_array.*))
 *(.fini_array*)
 .fini_array    0x000012cc        0x4 c:/freescale/kds_3.0.0/toolchain/bin/../lib/gcc/arm-none-eabi/4.8.4/armv7e-m/crtbegin.o
                0x000012d0                PROVIDE (__fini_array_end, .)
                0x000012d0                ___ROM_AT = .

.data           0x1fffe000       0x60 load address 0x000012d0
                0x1fffe000                . = ALIGN (0x4)
                0x1fffe000                _sdata = .
 *(.data)
 *(.data*)
 .data.impure_data
                0x1fffe000       0x60 c:/freescale/kds_3.0.0/toolchain/bin/../lib/gcc/arm-none-eabi/4.8.4/../../../../arm-none-eabi/lib/armv7e-m\libg_s.a(lib_a-impure.o)
                0x1fffe060                . = ALIGN (0x4)
                0x1fffe060                _edata = .
                0x00000060                ___data_size = (_edata - _sdata)
                0x00001330                ___m_data_20000000_ROMStart = (___ROM_AT + SIZEOF (.data))

.jcr            0x1fffe060        0x0 load address 0x00001330
 .jcr           0x1fffe060        0x0 c:/freescale/kds_3.0.0/toolchain/bin/../lib/gcc/arm-none-eabi/4.8.4/armv7e-m/crtbegin.o

.igot.plt       0x1fffe060        0x0 load address 0x00001330
 .igot.plt      0x00000000        0x0 c:/freescale/kds_3.0.0/toolchain/bin/../lib/gcc/arm-none-eabi/4.8.4/armv7e-m/crtbegin.o

.m_data_20000000
                0x20000000        0x0 load address 0x00001330
                0x20000000                . = ALIGN (0x4)
                0x20000000                ___m_data_20000000_RAMStart = .
 *(.m_data_20000000)
                0x20000000                ___m_data_20000000_RAMEnd = .
                0x20000000                . = ALIGN (0x4)
                0x00000000                ___m_data_20000000_ROMSize = (___m_data_20000000_RAMEnd - ___m_data_20000000_RAMStart)
                0x20000000                . = ALIGN (0x4)

.bss            0x1fffe060       0x60 load address 0x00001330
                0x1fffe060                __START_BSS = .
                0x1fffe060                PROVIDE (__bss_start__, __START_BSS)
 *(.bss)
 .bss           0x1fffe060       0x1c c:/freescale/kds_3.0.0/toolchain/bin/../lib/gcc/arm-none-eabi/4.8.4/armv7e-m/crtbegin.o
 *(.bss*)
 .bss.SerFlag   0x1fffe07c        0x2 ./Generated_Code/AS1.o
 .bss.BufferRead
                0x1fffe07e        0x1 ./Generated_Code/AS1.o
 .bss.OutBuffer
                0x1fffe07f        0x1 ./Generated_Code/AS1.o
 .bss.DeviceDataPrv__DEFAULT_RTOS_ALLOC
                0x1fffe080       0x20 ./Generated_Code/ASerialLdd1.o
 .bss.DeviceDataPrv__DEFAULT_RTOS_ALLOC
                0x1fffe0a0        0x4 ./Generated_Code/BitIoLdd1.o
 .bss.DeviceDataPrv__DEFAULT_RTOS_ALLOC
                0x1fffe0a4        0x4 ./Generated_Code/BitIoLdd2.o
 .bss.DeviceDataPrv__DEFAULT_RTOS_ALLOC
                0x1fffe0a8        0x4 ./Generated_Code/BitIoLdd3.o
 .bss.PE_LDD_DeviceDataList
                0x1fffe0ac       0x10 ./Generated_Code/PE_LDD.o
                0x1fffe0ac                PE_LDD_DeviceDataList
 *(COMMON)
 COMMON         0x1fffe0bc        0x4 ./Generated_Code/AS1.o
                0x1fffe0bc                ASerialLdd1_DeviceDataPtr
                0x1fffe0c0                . = ALIGN (0x4)
                0x1fffe0c0                __END_BSS = .
                0x1fffe0c0                PROVIDE (__bss_end__, __END_BSS)
                0x00001330                _romp_at = ((___ROM_AT + SIZEOF (.data)) + SIZEOF (.m_data_20000000))

.romp           0x1fffe0c0       0x24 load address 0x00001330
                0x00001330                __S_romp = _romp_at
                0x1fffe0c0        0x4 LONG 0x12d0 ___ROM_AT
                0x1fffe0c4        0x4 LONG 0x1fffe000 _sdata
                0x1fffe0c8        0x4 LONG 0x60 ___data_size
                0x1fffe0cc        0x4 LONG 0x1330 ___m_data_20000000_ROMStart
                0x1fffe0d0        0x4 LONG 0x20000000 ___m_data_20000000_RAMStart
                0x1fffe0d4        0x4 LONG 0x0 ___m_data_20000000_ROMSize
                0x1fffe0d8        0x4 LONG 0x0
                0x1fffe0dc        0x4 LONG 0x0
                0x1fffe0e0        0x4 LONG 0x0

._user_heap_stack
                0x1fffe0e4      0x400 load address 0x00001354
                0x1fffe0e4                . = ALIGN (0x4)
                0x1fffe0e4                PROVIDE (end, .)
                0x1fffe0e4                PROVIDE (_end, .)
                0x1fffe0e4                __heap_addr = .
                0x1fffe0e4                __HeapBase = .
                0x1fffe0e4                . = (. + __heap_size)
                0x1fffe0e4                __HeapLimit = .
                0x1fffe4e4                . = (. + __stack_size)
 *fill*         0x1fffe0e4      0x400 
                0x1fffe4e4                . = ALIGN (0x4)

.ARM.attributes
                0x00000000       0x2a
 *(.ARM.attributes)
 .ARM.attributes
                0x00000000       0x1e c:/freescale/kds_3.0.0/toolchain/bin/../lib/gcc/arm-none-eabi/4.8.4/armv7e-m/crti.o
 .ARM.attributes
                0x0000001e       0x2e c:/freescale/kds_3.0.0/toolchain/bin/../lib/gcc/arm-none-eabi/4.8.4/armv7e-m/crtbegin.o
 .ARM.attributes
                0x0000004c       0x1c c:/freescale/kds_3.0.0/toolchain/bin/../lib/gcc/arm-none-eabi/4.8.4/../../../../arm-none-eabi/lib/armv7e-m/crt0.o
 .ARM.attributes
                0x00000068       0x33 ./Sources/Events.o
 .ARM.attributes
                0x0000009b       0x33 ./Sources/main.o
 .ARM.attributes
                0x000000ce       0x33 ./Project_Settings/Startup_Code/startup.o
 .ARM.attributes
                0x00000101       0x33 ./Generated_Code/AS1.o
 .ARM.attributes
                0x00000134       0x33 ./Generated_Code/ASerialLdd1.o
 .ARM.attributes
                0x00000167       0x33 ./Generated_Code/BitIoLdd1.o
 .ARM.attributes
                0x0000019a       0x33 ./Generated_Code/BitIoLdd2.o
 .ARM.attributes
                0x000001cd       0x33 ./Generated_Code/BitIoLdd3.o
 .ARM.attributes
                0x00000200       0x33 ./Generated_Code/Cpu.o
 .ARM.attributes
                0x00000233       0x33 ./Generated_Code/PE_LDD.o
 .ARM.attributes
                0x00000266       0x33 ./Generated_Code/Vectors.o
 .ARM.attributes
                0x00000299       0x2e c:/freescale/kds_3.0.0/toolchain/bin/../lib/gcc/arm-none-eabi/4.8.4/../../../../arm-none-eabi/lib/armv7e-m\libg_s.a(lib_a-exit.o)
 .ARM.attributes
                0x000002c7       0x2e c:/freescale/kds_3.0.0/toolchain/bin/../lib/gcc/arm-none-eabi/4.8.4/../../../../arm-none-eabi/lib/armv7e-m\libg_s.a(lib_a-impure.o)
 .ARM.attributes
                0x000002f5       0x2e c:/freescale/kds_3.0.0/toolchain/bin/../lib/gcc/arm-none-eabi/4.8.4/../../../../arm-none-eabi/lib/armv7e-m\libg_s.a(lib_a-init.o)
 .ARM.attributes
                0x00000323       0x2e c:/freescale/kds_3.0.0/toolchain/bin/../lib/gcc/arm-none-eabi/4.8.4/../../../../arm-none-eabi/lib/armv7e-m\libg_s.a(lib_a-memset.o)
 .ARM.attributes
                0x00000351       0x2e c:/freescale/kds_3.0.0/toolchain/bin/../lib/gcc/arm-none-eabi/4.8.4/../../../../arm-none-eabi/lib/armv7e-m\libg_s.a(lib_a-strlen.o)
 .ARM.attributes
                0x0000037f       0x2e c:/freescale/kds_3.0.0/toolchain/bin/../lib/gcc/arm-none-eabi/4.8.4/../../../../arm-none-eabi/lib/armv7e-m\libnosys.a(_exit.o)
 .ARM.attributes
                0x000003ad       0x1e c:/freescale/kds_3.0.0/toolchain/bin/../lib/gcc/arm-none-eabi/4.8.4/armv7e-m/crtn.o
OUTPUT(Lab4.elf elf32-littlearm)

.debug_info     0x00000000     0x2763
 .debug_info    0x00000000       0x96 ./Sources/Events.o
 .debug_info    0x00000096      0x14e ./Sources/main.o
 .debug_info    0x000001e4      0x20a ./Project_Settings/Startup_Code/startup.o
 .debug_info    0x000003ee      0x222 ./Generated_Code/AS1.o
 .debug_info    0x00000610      0x976 ./Generated_Code/ASerialLdd1.o
 .debug_info    0x00000f86      0x387 ./Generated_Code/BitIoLdd1.o
 .debug_info    0x0000130d      0x387 ./Generated_Code/BitIoLdd2.o
 .debug_info    0x00001694      0x387 ./Generated_Code/BitIoLdd3.o
 .debug_info    0x00001a1b      0x9e9 ./Generated_Code/Cpu.o
 .debug_info    0x00002404      0x251 ./Generated_Code/PE_LDD.o
 .debug_info    0x00002655      0x10e ./Generated_Code/Vectors.o

.debug_abbrev   0x00000000      0xc5c
 .debug_abbrev  0x00000000       0x45 ./Sources/Events.o
 .debug_abbrev  0x00000045       0xd9 ./Sources/main.o
 .debug_abbrev  0x0000011e      0x11e ./Project_Settings/Startup_Code/startup.o
 .debug_abbrev  0x0000023c      0x117 ./Generated_Code/AS1.o
 .debug_abbrev  0x00000353      0x1c3 ./Generated_Code/ASerialLdd1.o
 .debug_abbrev  0x00000516      0x15f ./Generated_Code/BitIoLdd1.o
 .debug_abbrev  0x00000675      0x15f ./Generated_Code/BitIoLdd2.o
 .debug_abbrev  0x000007d4      0x15f ./Generated_Code/BitIoLdd3.o
 .debug_abbrev  0x00000933      0x178 ./Generated_Code/Cpu.o
 .debug_abbrev  0x00000aab      0x10d ./Generated_Code/PE_LDD.o
 .debug_abbrev  0x00000bb8       0xa4 ./Generated_Code/Vectors.o

.debug_aranges  0x00000000      0x2b0
 .debug_aranges
                0x00000000       0x20 ./Sources/Events.o
 .debug_aranges
                0x00000020       0x30 ./Sources/main.o
 .debug_aranges
                0x00000050       0x50 ./Project_Settings/Startup_Code/startup.o
 .debug_aranges
                0x000000a0       0x50 ./Generated_Code/AS1.o
 .debug_aranges
                0x000000f0       0x60 ./Generated_Code/ASerialLdd1.o
 .debug_aranges
                0x00000150       0x48 ./Generated_Code/BitIoLdd1.o
 .debug_aranges
                0x00000198       0x48 ./Generated_Code/BitIoLdd2.o
 .debug_aranges
                0x000001e0       0x48 ./Generated_Code/BitIoLdd3.o
 .debug_aranges
                0x00000228       0x40 ./Generated_Code/Cpu.o
 .debug_aranges
                0x00000268       0x30 ./Generated_Code/PE_LDD.o
 .debug_aranges
                0x00000298       0x18 ./Generated_Code/Vectors.o

.debug_ranges   0x00000000      0x1f8
 .debug_ranges  0x00000000       0x10 ./Sources/Events.o
 .debug_ranges  0x00000010       0x20 ./Sources/main.o
 .debug_ranges  0x00000030       0x40 ./Project_Settings/Startup_Code/startup.o
 .debug_ranges  0x00000070       0x40 ./Generated_Code/AS1.o
 .debug_ranges  0x000000b0       0x50 ./Generated_Code/ASerialLdd1.o
 .debug_ranges  0x00000100       0x38 ./Generated_Code/BitIoLdd1.o
 .debug_ranges  0x00000138       0x38 ./Generated_Code/BitIoLdd2.o
 .debug_ranges  0x00000170       0x38 ./Generated_Code/BitIoLdd3.o
 .debug_ranges  0x000001a8       0x30 ./Generated_Code/Cpu.o
 .debug_ranges  0x000001d8       0x20 ./Generated_Code/PE_LDD.o

.debug_macro    0x00000000    0x1888c
 .debug_macro   0x00000000      0x131 ./Sources/Events.o
 .debug_macro   0x00000131      0x84a ./Sources/Events.o
 .debug_macro   0x0000097b       0x16 ./Sources/Events.o
 .debug_macro   0x00000991       0x44 ./Sources/Events.o
 .debug_macro   0x000009d5      0x209 ./Sources/Events.o
 .debug_macro   0x00000bde     0x1672 ./Sources/Events.o
 .debug_macro   0x00002250      0x14e ./Sources/Events.o
 .debug_macro   0x0000239e       0x6a ./Sources/Events.o
 .debug_macro   0x00002408     0x9b9f ./Sources/Events.o
 .debug_macro   0x0000bfa7       0x94 ./Sources/Events.o
 .debug_macro   0x0000c03b       0x94 ./Sources/Events.o
 .debug_macro   0x0000c0cf      0x12c ./Sources/Events.o
 .debug_macro   0x0000c1fb       0x46 ./Sources/Events.o
 .debug_macro   0x0000c241       0x26 ./Sources/Events.o
 .debug_macro   0x0000c267       0x65 ./Sources/Events.o
 .debug_macro   0x0000c2cc       0x11 ./Sources/Events.o
 .debug_macro   0x0000c2dd       0x4c ./Sources/Events.o
 .debug_macro   0x0000c329       0x26 ./Sources/Events.o
 .debug_macro   0x0000c34f       0x4c ./Sources/Events.o
 .debug_macro   0x0000c39b       0x26 ./Sources/Events.o
 .debug_macro   0x0000c3c1      0x20d ./Sources/main.o
 .debug_macro   0x0000c5ce       0x22 ./Sources/main.o
 .debug_macro   0x0000c5f0       0x58 ./Sources/main.o
 .debug_macro   0x0000c648       0x35 ./Sources/main.o
 .debug_macro   0x0000c67d       0xa3 ./Sources/main.o
 .debug_macro   0x0000c720       0x16 ./Sources/main.o
 .debug_macro   0x0000c736      0x10e ./Sources/main.o
 .debug_macro   0x0000c844       0x7f ./Sources/main.o
 .debug_macro   0x0000c8c3       0x52 ./Sources/main.o
 .debug_macro   0x0000c915       0x16 ./Sources/main.o
 .debug_macro   0x0000c92b       0x43 ./Sources/main.o
 .debug_macro   0x0000c96e      0x180 ./Sources/main.o
 .debug_macro   0x0000caee       0x22 ./Sources/main.o
 .debug_macro   0x0000cb10      0x2a6 ./Sources/main.o
 .debug_macro   0x0000cdb6       0x10 ./Sources/main.o
 .debug_macro   0x0000cdc6       0x35 ./Sources/main.o
 .debug_macro   0x0000cdfb      0x121 ./Project_Settings/Startup_Code/startup.o
 .debug_macro   0x0000cf1c      0x166 ./Project_Settings/Startup_Code/startup.o
 .debug_macro   0x0000d082       0x4a ./Project_Settings/Startup_Code/startup.o
 .debug_macro   0x0000d0cc       0x10 ./Project_Settings/Startup_Code/startup.o
 .debug_macro   0x0000d0dc      0x20f ./Project_Settings/Startup_Code/startup.o
 .debug_macro   0x0000d2eb     0x9b93 ./Project_Settings/Startup_Code/startup.o
 .debug_macro   0x00016e7e       0xdf ./Generated_Code/AS1.o
 .debug_macro   0x00016f5d       0x5f ./Generated_Code/AS1.o
 .debug_macro   0x00016fbc       0xc5 ./Generated_Code/ASerialLdd1.o
 .debug_macro   0x00017081       0x17 ./Generated_Code/ASerialLdd1.o
 .debug_macro   0x00017098      0x7ab ./Generated_Code/ASerialLdd1.o
 .debug_macro   0x00017843      0x9b1 ./Generated_Code/ASerialLdd1.o
 .debug_macro   0x000181f4       0xa6 ./Generated_Code/BitIoLdd1.o
 .debug_macro   0x0001829a       0x9a ./Generated_Code/BitIoLdd1.o
 .debug_macro   0x00018334       0xa6 ./Generated_Code/BitIoLdd2.o
 .debug_macro   0x000183da       0x46 ./Generated_Code/BitIoLdd2.o
 .debug_macro   0x00018420       0xa6 ./Generated_Code/BitIoLdd3.o
 .debug_macro   0x000184c6       0x46 ./Generated_Code/BitIoLdd3.o
 .debug_macro   0x0001850c      0x13c ./Generated_Code/Cpu.o
 .debug_macro   0x00018648      0x107 ./Generated_Code/PE_LDD.o
 .debug_macro   0x0001874f      0x13d ./Generated_Code/Vectors.o

.debug_line     0x00000000     0x22aa
 .debug_line    0x00000000      0x2c4 ./Sources/Events.o
 .debug_line    0x000002c4      0x418 ./Sources/main.o
 .debug_line    0x000006dc      0x3a6 ./Project_Settings/Startup_Code/startup.o
 .debug_line    0x00000a82      0x287 ./Generated_Code/AS1.o
 .debug_line    0x00000d09      0x347 ./Generated_Code/ASerialLdd1.o
 .debug_line    0x00001050      0x2a9 ./Generated_Code/BitIoLdd1.o
 .debug_line    0x000012f9      0x2a9 ./Generated_Code/BitIoLdd2.o
 .debug_line    0x000015a2      0x2a9 ./Generated_Code/BitIoLdd3.o
 .debug_line    0x0000184b      0x401 ./Generated_Code/Cpu.o
 .debug_line    0x00001c4c      0x2e2 ./Generated_Code/PE_LDD.o
 .debug_line    0x00001f2e      0x37c ./Generated_Code/Vectors.o

.debug_str      0x00000000    0x51a1b
 .debug_str     0x00000000    0x4048d ./Sources/Events.o
                              0x405d7 (size before relaxing)
 .debug_str     0x0004048d     0x2576 ./Sources/main.o
                              0x42bb2 (size before relaxing)
 .debug_str     0x00042a03      0x11a ./Project_Settings/Startup_Code/startup.o
                              0x3a1bc (size before relaxing)
 .debug_str     0x00042b1d      0x1d0 ./Generated_Code/AS1.o
                              0x3f12d (size before relaxing)
 .debug_str     0x00042ced     0xe6a7 ./Generated_Code/ASerialLdd1.o
                              0x4dbc2 (size before relaxing)
 .debug_str     0x00051394       0xf8 ./Generated_Code/BitIoLdd1.o
                              0x3fe25 (size before relaxing)
 .debug_str     0x0005148c       0xb1 ./Generated_Code/BitIoLdd2.o
                              0x3fe25 (size before relaxing)
 .debug_str     0x0005153d       0xb1 ./Generated_Code/BitIoLdd3.o
                              0x3fe25 (size before relaxing)
 .debug_str     0x000515ee      0x293 ./Generated_Code/Cpu.o
                              0x40994 (size before relaxing)
 .debug_str     0x00051881      0x17e ./Generated_Code/PE_LDD.o
                              0x4078c (size before relaxing)
 .debug_str     0x000519ff       0x1c ./Generated_Code/Vectors.o
                              0x4061f (size before relaxing)

.comment        0x00000000       0x70
 .comment       0x00000000       0x70 ./Sources/Events.o
                                 0x71 (size before relaxing)
 .comment       0x00000000       0x71 ./Sources/main.o
 .comment       0x00000000       0x71 ./Project_Settings/Startup_Code/startup.o
 .comment       0x00000000       0x71 ./Generated_Code/AS1.o
 .comment       0x00000000       0x71 ./Generated_Code/ASerialLdd1.o
 .comment       0x00000000       0x71 ./Generated_Code/BitIoLdd1.o
 .comment       0x00000000       0x71 ./Generated_Code/BitIoLdd2.o
 .comment       0x00000000       0x71 ./Generated_Code/BitIoLdd3.o
 .comment       0x00000000       0x71 ./Generated_Code/Cpu.o
 .comment       0x00000000       0x71 ./Generated_Code/PE_LDD.o
 .comment       0x00000000       0x71 ./Generated_Code/Vectors.o

.debug_frame    0x00000000      0x734
 .debug_frame   0x00000000       0x28 ./Sources/Events.o
 .debug_frame   0x00000028       0x70 ./Sources/main.o
 .debug_frame   0x00000098       0xc0 ./Project_Settings/Startup_Code/startup.o
 .debug_frame   0x00000158       0xdc ./Generated_Code/AS1.o
 .debug_frame   0x00000234      0x11c ./Generated_Code/ASerialLdd1.o
 .debug_frame   0x00000350       0xb8 ./Generated_Code/BitIoLdd1.o
 .debug_frame   0x00000408       0xb8 ./Generated_Code/BitIoLdd2.o
 .debug_frame   0x000004c0       0xb8 ./Generated_Code/BitIoLdd3.o
 .debug_frame   0x00000578       0xa4 ./Generated_Code/Cpu.o
 .debug_frame   0x0000061c       0x64 ./Generated_Code/PE_LDD.o
 .debug_frame   0x00000680       0x28 c:/freescale/kds_3.0.0/toolchain/bin/../lib/gcc/arm-none-eabi/4.8.4/../../../../arm-none-eabi/lib/armv7e-m\libg_s.a(lib_a-exit.o)
 .debug_frame   0x000006a8       0x2c c:/freescale/kds_3.0.0/toolchain/bin/../lib/gcc/arm-none-eabi/4.8.4/../../../../arm-none-eabi/lib/armv7e-m\libg_s.a(lib_a-init.o)
 .debug_frame   0x000006d4       0x20 c:/freescale/kds_3.0.0/toolchain/bin/../lib/gcc/arm-none-eabi/4.8.4/../../../../arm-none-eabi/lib/armv7e-m\libg_s.a(lib_a-memset.o)
 .debug_frame   0x000006f4       0x20 c:/freescale/kds_3.0.0/toolchain/bin/../lib/gcc/arm-none-eabi/4.8.4/../../../../arm-none-eabi/lib/armv7e-m\libg_s.a(lib_a-strlen.o)
 .debug_frame   0x00000714       0x20 c:/freescale/kds_3.0.0/toolchain/bin/../lib/gcc/arm-none-eabi/4.8.4/../../../../arm-none-eabi/lib/armv7e-m\libnosys.a(_exit.o)
